/home/lubuntu/Dokument/GitHub/STM32-Computer/STM32CubeIDE/STM32-Computer-Firmware/CA7/u-boot-2022.10.r2/u-boot-stm32mp-v2022.10-stm32mp-r2/lib/libfdt/../../scripts/dtc/libfdt/fdt.c:18:9:fdt_ro_probe_	0	static
/home/lubuntu/Dokument/GitHub/STM32-Computer/STM32CubeIDE/STM32-Computer-Firmware/CA7/u-boot-2022.10.r2/u-boot-stm32mp-v2022.10-stm32mp-r2/lib/libfdt/../../scripts/dtc/libfdt/fdt.c:62:8:fdt_header_size_	0	static
/home/lubuntu/Dokument/GitHub/STM32-Computer/STM32CubeIDE/STM32-Computer-Firmware/CA7/u-boot-2022.10.r2/u-boot-stm32mp-v2022.10-stm32mp-r2/lib/libfdt/../../scripts/dtc/libfdt/fdt.c:76:8:fdt_header_size	0	static
/home/lubuntu/Dokument/GitHub/STM32-Computer/STM32CubeIDE/STM32-Computer-Firmware/CA7/u-boot-2022.10.r2/u-boot-stm32mp-v2022.10-stm32mp-r2/lib/libfdt/../../scripts/dtc/libfdt/fdt.c:82:5:fdt_check_header	8	static
/home/lubuntu/Dokument/GitHub/STM32-Computer/STM32CubeIDE/STM32-Computer-Firmware/CA7/u-boot-2022.10.r2/u-boot-stm32mp-v2022.10-stm32mp-r2/lib/libfdt/../../scripts/dtc/libfdt/fdt.c:132:13:fdt_offset_ptr	16	static
/home/lubuntu/Dokument/GitHub/STM32-Computer/STM32CubeIDE/STM32-Computer-Firmware/CA7/u-boot-2022.10.r2/u-boot-stm32mp-v2022.10-stm32mp-r2/lib/libfdt/../../scripts/dtc/libfdt/fdt.c:154:10:fdt_next_tag	24	static
/home/lubuntu/Dokument/GitHub/STM32-Computer/STM32CubeIDE/STM32-Computer-Firmware/CA7/u-boot-2022.10.r2/u-boot-stm32mp-v2022.10-stm32mp-r2/lib/libfdt/../../scripts/dtc/libfdt/fdt.c:209:5:fdt_check_node_offset_	16	static
/home/lubuntu/Dokument/GitHub/STM32-Computer/STM32CubeIDE/STM32-Computer-Firmware/CA7/u-boot-2022.10.r2/u-boot-stm32mp-v2022.10-stm32mp-r2/lib/libfdt/../../scripts/dtc/libfdt/fdt.c:218:5:fdt_check_prop_offset_	16	static
/home/lubuntu/Dokument/GitHub/STM32-Computer/STM32CubeIDE/STM32-Computer-Firmware/CA7/u-boot-2022.10.r2/u-boot-stm32mp-v2022.10-stm32mp-r2/lib/libfdt/../../scripts/dtc/libfdt/fdt.c:227:5:fdt_next_node	24	static
/home/lubuntu/Dokument/GitHub/STM32-Computer/STM32CubeIDE/STM32-Computer-Firmware/CA7/u-boot-2022.10.r2/u-boot-stm32mp-v2022.10-stm32mp-r2/lib/libfdt/../../scripts/dtc/libfdt/fdt.c:267:5:fdt_first_subnode	16	static
/home/lubuntu/Dokument/GitHub/STM32-Computer/STM32CubeIDE/STM32-Computer-Firmware/CA7/u-boot-2022.10.r2/u-boot-stm32mp-v2022.10-stm32mp-r2/lib/libfdt/../../scripts/dtc/libfdt/fdt.c:278:5:fdt_next_subnode	16	static
/home/lubuntu/Dokument/GitHub/STM32-Computer/STM32CubeIDE/STM32-Computer-Firmware/CA7/u-boot-2022.10.r2/u-boot-stm32mp-v2022.10-stm32mp-r2/lib/libfdt/../../scripts/dtc/libfdt/fdt.c:295:13:fdt_find_string_	24	static
/home/lubuntu/Dokument/GitHub/STM32-Computer/STM32CubeIDE/STM32-Computer-Firmware/CA7/u-boot-2022.10.r2/u-boot-stm32mp-v2022.10-stm32mp-r2/lib/libfdt/../../scripts/dtc/libfdt/fdt.c:307:5:fdt_move	16	static
