/home/lubuntu/Dokument/GitHub/STM32-Computer/Firmware/STM32-Computer-Firmware/CA7/u-boot-2022.10.r2/u-boot-stm32mp-v2022.10-stm32mp-r2/lib/libfdt/../../scripts/dtc/libfdt/fdt_addresses.c:14:12:fdt_cells	16	static
/home/lubuntu/Dokument/GitHub/STM32-Computer/Firmware/STM32-Computer-Firmware/CA7/u-boot-2022.10.r2/u-boot-stm32mp-v2022.10-stm32mp-r2/lib/libfdt/../../scripts/dtc/libfdt/fdt_addresses.c:34:5:fdt_address_cells	8	static
/home/lubuntu/Dokument/GitHub/STM32-Computer/Firmware/STM32-Computer-Firmware/CA7/u-boot-2022.10.r2/u-boot-stm32mp-v2022.10-stm32mp-r2/lib/libfdt/../../scripts/dtc/libfdt/fdt_addresses.c:46:5:fdt_size_cells	8	static
/home/lubuntu/Dokument/GitHub/STM32-Computer/Firmware/STM32-Computer-Firmware/CA7/u-boot-2022.10.r2/u-boot-stm32mp-v2022.10-stm32mp-r2/lib/libfdt/../../scripts/dtc/libfdt/fdt_addresses.c:57:5:fdt_appendprop_addrrange	64	static
