/home/lubuntu/Dokument/GitHub/STM32-Computer/Firmware/STM32-Computer-Firmware/CA7/u-boot-2022.10.r2/u-boot-stm32mp-v2022.10-stm32mp-r2/drivers/video/dw_mipi_dsi.c:442:13:dw_mipi_dsi_video_mode_config	0	static
/home/lubuntu/Dokument/GitHub/STM32-Computer/Firmware/STM32-Computer-Firmware/CA7/u-boot-2022.10.r2/u-boot-stm32mp-v2022.10-stm32mp-r2/drivers/video/dw_mipi_dsi.c:838:12:dw_mipi_dsi_probe	0	static
/home/lubuntu/Dokument/GitHub/STM32-Computer/Firmware/STM32-Computer-Firmware/CA7/u-boot-2022.10.r2/u-boot-stm32mp-v2022.10-stm32mp-r2/drivers/video/dw_mipi_dsi.c:823:12:dw_mipi_dsi_enable	16	static
/home/lubuntu/Dokument/GitHub/STM32-Computer/Firmware/STM32-Computer-Firmware/CA7/u-boot-2022.10.r2/u-boot-stm32mp-v2022.10-stm32mp-r2/drivers/video/dw_mipi_dsi.c:275:12:dw_mipi_dsi_host_attach	32	static
/home/lubuntu/Dokument/GitHub/STM32-Computer/Firmware/STM32-Computer-Firmware/CA7/u-boot-2022.10.r2/u-boot-stm32mp-v2022.10-stm32mp-r2/drivers/video/dw_mipi_dsi.c:600:12:dw_mipi_dsi_get_hcomponent_lbcc.isra	8	static
/home/lubuntu/Dokument/GitHub/STM32-Computer/Firmware/STM32-Computer-Firmware/CA7/u-boot-2022.10.r2/u-boot-stm32mp-v2022.10-stm32mp-r2/drivers/video/dw_mipi_dsi.c:406:16:dw_mipi_dsi_host_transfer	72	static
/home/lubuntu/Dokument/GitHub/STM32-Computer/Firmware/STM32-Computer-Firmware/CA7/u-boot-2022.10.r2/u-boot-stm32mp-v2022.10-stm32mp-r2/drivers/video/dw_mipi_dsi.c:781:12:dw_mipi_dsi_init	96	static
