/home/lubuntu/Dokument/GitHub/STM32-Computer/STM32CubeIDE/STM32-Computer-Firmware/CA7/u-boot-2022.10.r2/u-boot-stm32mp-v2022.10-stm32mp-r2/lib/efi_selftest/efi_selftest_startimage_return.c:122:12:execute	32	static
/home/lubuntu/Dokument/GitHub/STM32-Computer/STM32CubeIDE/STM32-Computer-Firmware/CA7/u-boot-2022.10.r2/u-boot-stm32mp-v2022.10-stm32mp-r2/lib/efi_selftest/efi_selftest_startimage_return.c:101:12:teardown	8	static
/home/lubuntu/Dokument/GitHub/STM32-Computer/STM32CubeIDE/STM32-Computer-Firmware/CA7/u-boot-2022.10.r2/u-boot-stm32mp-v2022.10-stm32mp-r2/lib/efi_selftest/efi_selftest_startimage_return.c:84:12:setup	24	static
