/home/lubuntu/Dokument/GitHub/STM32-Computer/STM32CubeIDE/STM32-Computer-Firmware/CA7/u-boot-2022.10.r2/u-boot-stm32mp-v2022.10-stm32mp-r2/cmd/ubifs.c:84:12:do_ubifs_ls	8	static
/home/lubuntu/Dokument/GitHub/STM32-Computer/STM32CubeIDE/STM32-Computer-Firmware/CA7/u-boot-2022.10.r2/u-boot-stm32mp-v2022.10-stm32mp-r2/cmd/ubifs.c:108:12:do_ubifs_load	32	static
/home/lubuntu/Dokument/GitHub/STM32-Computer/STM32CubeIDE/STM32-Computer-Firmware/CA7/u-boot-2022.10.r2/u-boot-stm32mp-v2022.10-stm32mp-r2/cmd/ubifs.c:23:5:cmd_ubifs_mount	16	static
/home/lubuntu/Dokument/GitHub/STM32-Computer/STM32CubeIDE/STM32-Computer-Firmware/CA7/u-boot-2022.10.r2/u-boot-stm32mp-v2022.10-stm32mp-r2/cmd/ubifs.c:43:12:do_ubifs_mount	0	static
/home/lubuntu/Dokument/GitHub/STM32-Computer/STM32CubeIDE/STM32-Computer-Firmware/CA7/u-boot-2022.10.r2/u-boot-stm32mp-v2022.10-stm32mp-r2/cmd/ubifs.c:56:5:ubifs_is_mounted	0	static
/home/lubuntu/Dokument/GitHub/STM32-Computer/STM32CubeIDE/STM32-Computer-Firmware/CA7/u-boot-2022.10.r2/u-boot-stm32mp-v2022.10-stm32mp-r2/cmd/ubifs.c:61:5:cmd_ubifs_umount	8	static
/home/lubuntu/Dokument/GitHub/STM32-Computer/STM32CubeIDE/STM32-Computer-Firmware/CA7/u-boot-2022.10.r2/u-boot-stm32mp-v2022.10-stm32mp-r2/cmd/ubifs.c:75:12:do_ubifs_umount	0	static
