/home/lubuntu/Dokument/GitHub/STM32-Computer/Firmware/STM32-Computer-Firmware/CA7/u-boot-2022.10.r2/u-boot-stm32mp-v2022.10-stm32mp-r2/cmd/cache.c:92:12:parse_argv	8	static
/home/lubuntu/Dokument/GitHub/STM32-Computer/Firmware/STM32-Computer-Firmware/CA7/u-boot-2022.10.r2/u-boot-stm32mp-v2022.10-stm32mp-r2/cmd/cache.c:17:13:invalidate_icache_all	0	static
/home/lubuntu/Dokument/GitHub/STM32-Computer/Firmware/STM32-Computer-Firmware/CA7/u-boot-2022.10.r2/u-boot-stm32mp-v2022.10-stm32mp-r2/cmd/cache.c:27:12:do_icache	8	static
/home/lubuntu/Dokument/GitHub/STM32-Computer/Firmware/STM32-Computer-Firmware/CA7/u-boot-2022.10.r2/u-boot-stm32mp-v2022.10-stm32mp-r2/cmd/cache.c:23:13:noncached_set_region	0	static
/home/lubuntu/Dokument/GitHub/STM32-Computer/Firmware/STM32-Computer-Firmware/CA7/u-boot-2022.10.r2/u-boot-stm32mp-v2022.10-stm32mp-r2/cmd/cache.c:56:13:flush_dcache_all	0	static
/home/lubuntu/Dokument/GitHub/STM32-Computer/Firmware/STM32-Computer-Firmware/CA7/u-boot-2022.10.r2/u-boot-stm32mp-v2022.10-stm32mp-r2/cmd/cache.c:62:12:do_dcache	8	static
