Archive member included to satisfy reference by file (symbol)

/home/lubuntu/Dokument/GitHub/STM32-Computer/Firmware/STM32-Computer-Firmware/CA7/optee-os-3.19.0-r2/optee-os-stm32mp-3.19.0-stm32mp-r2/../build/stm32mp157f-ev1/ldelf-lib/libutee/libutee.a(assert.o)
                              /home/lubuntu/Dokument/GitHub/STM32-Computer/Firmware/STM32-Computer-Firmware/CA7/optee-os-3.19.0-r2/optee-os-stm32mp-3.19.0-stm32mp-r2/../build/stm32mp157f-ev1/ldelf/main.o (_assert_log)
/home/lubuntu/Dokument/GitHub/STM32-Computer/Firmware/STM32-Computer-Firmware/CA7/optee-os-3.19.0-r2/optee-os-stm32mp-3.19.0-stm32mp-r2/../build/stm32mp157f-ev1/ldelf-lib/libutee/libutee.a(tee_uuid_from_str.o)
                              /home/lubuntu/Dokument/GitHub/STM32-Computer/Firmware/STM32-Computer-Firmware/CA7/optee-os-3.19.0-r2/optee-os-stm32mp-3.19.0-stm32mp-r2/../build/stm32mp157f-ev1/ldelf/ta_elf.o (tee_uuid_from_str)
/home/lubuntu/Dokument/GitHub/STM32-Computer/Firmware/STM32-Computer-Firmware/CA7/optee-os-3.19.0-r2/optee-os-stm32mp-3.19.0-stm32mp-r2/../build/stm32mp157f-ev1/ldelf-lib/libutee/libutee.a(utee_syscalls_a32.o)
                              /home/lubuntu/Dokument/GitHub/STM32-Computer/Firmware/STM32-Computer-Firmware/CA7/optee-os-3.19.0-r2/optee-os-stm32mp-3.19.0-stm32mp-r2/../build/stm32mp157f-ev1/ldelf-lib/libutee/libutee.a(assert.o) (_utee_panic)
/home/lubuntu/Dokument/GitHub/STM32-Computer/Firmware/STM32-Computer-Firmware/CA7/optee-os-3.19.0-r2/optee-os-stm32mp-3.19.0-stm32mp-r2/../build/stm32mp157f-ev1/ldelf-lib/libutils/libutils.a(bget_malloc.o)
                              /home/lubuntu/Dokument/GitHub/STM32-Computer/Firmware/STM32-Computer-Firmware/CA7/optee-os-3.19.0-r2/optee-os-stm32mp-3.19.0-stm32mp-r2/../build/stm32mp157f-ev1/ldelf/ta_elf.o (malloc)
/home/lubuntu/Dokument/GitHub/STM32-Computer/Firmware/STM32-Computer-Firmware/CA7/optee-os-3.19.0-r2/optee-os-stm32mp-3.19.0-stm32mp-r2/../build/stm32mp157f-ev1/ldelf-lib/libutils/libutils.a(isxdigit.o)
                              /home/lubuntu/Dokument/GitHub/STM32-Computer/Firmware/STM32-Computer-Firmware/CA7/optee-os-3.19.0-r2/optee-os-stm32mp-3.19.0-stm32mp-r2/../build/stm32mp157f-ev1/ldelf-lib/libutee/libutee.a(tee_uuid_from_str.o) (isxdigit)
/home/lubuntu/Dokument/GitHub/STM32-Computer/Firmware/STM32-Computer-Firmware/CA7/optee-os-3.19.0-r2/optee-os-stm32mp-3.19.0-stm32mp-r2/../build/stm32mp157f-ev1/ldelf-lib/libutils/libutils.a(snprintf.o)
                              /home/lubuntu/Dokument/GitHub/STM32-Computer/Firmware/STM32-Computer-Firmware/CA7/optee-os-3.19.0-r2/optee-os-stm32mp-3.19.0-stm32mp-r2/../build/stm32mp157f-ev1/ldelf/ta_elf.o (snprintf)
/home/lubuntu/Dokument/GitHub/STM32-Computer/Firmware/STM32-Computer-Firmware/CA7/optee-os-3.19.0-r2/optee-os-stm32mp-3.19.0-stm32mp-r2/../build/stm32mp157f-ev1/ldelf-lib/libutils/libutils.a(tolower.o)
                              /home/lubuntu/Dokument/GitHub/STM32-Computer/Firmware/STM32-Computer-Firmware/CA7/optee-os-3.19.0-r2/optee-os-stm32mp-3.19.0-stm32mp-r2/../build/stm32mp157f-ev1/ldelf-lib/libutee/libutee.a(tee_uuid_from_str.o) (tolower)
/home/lubuntu/Dokument/GitHub/STM32-Computer/Firmware/STM32-Computer-Firmware/CA7/optee-os-3.19.0-r2/optee-os-stm32mp-3.19.0-stm32mp-r2/../build/stm32mp157f-ev1/ldelf-lib/libutils/libutils.a(memcmp.o)
                              /home/lubuntu/Dokument/GitHub/STM32-Computer/Firmware/STM32-Computer-Firmware/CA7/optee-os-3.19.0-r2/optee-os-stm32mp-3.19.0-stm32mp-r2/../build/stm32mp157f-ev1/ldelf/dl.o (memcmp)
/home/lubuntu/Dokument/GitHub/STM32-Computer/Firmware/STM32-Computer-Firmware/CA7/optee-os-3.19.0-r2/optee-os-stm32mp-3.19.0-stm32mp-r2/../build/stm32mp157f-ev1/ldelf-lib/libutils/libutils.a(memcpy.o)
                              /home/lubuntu/Dokument/GitHub/STM32-Computer/Firmware/STM32-Computer-Firmware/CA7/optee-os-3.19.0-r2/optee-os-stm32mp-3.19.0-stm32mp-r2/../build/stm32mp157f-ev1/ldelf/ta_elf.o (memcpy)
/home/lubuntu/Dokument/GitHub/STM32-Computer/Firmware/STM32-Computer-Firmware/CA7/optee-os-3.19.0-r2/optee-os-stm32mp-3.19.0-stm32mp-r2/../build/stm32mp157f-ev1/ldelf-lib/libutils/libutils.a(memset.o)
                              /home/lubuntu/Dokument/GitHub/STM32-Computer/Firmware/STM32-Computer-Firmware/CA7/optee-os-3.19.0-r2/optee-os-stm32mp-3.19.0-stm32mp-r2/../build/stm32mp157f-ev1/ldelf/dl.o (memset)
/home/lubuntu/Dokument/GitHub/STM32-Computer/Firmware/STM32-Computer-Firmware/CA7/optee-os-3.19.0-r2/optee-os-stm32mp-3.19.0-stm32mp-r2/../build/stm32mp157f-ev1/ldelf-lib/libutils/libutils.a(strcmp.o)
                              /home/lubuntu/Dokument/GitHub/STM32-Computer/Firmware/STM32-Computer-Firmware/CA7/optee-os-3.19.0-r2/optee-os-stm32mp-3.19.0-stm32mp-r2/../build/stm32mp157f-ev1/ldelf/ta_elf_rel.o (strcmp)
/home/lubuntu/Dokument/GitHub/STM32-Computer/Firmware/STM32-Computer-Firmware/CA7/optee-os-3.19.0-r2/optee-os-stm32mp-3.19.0-stm32mp-r2/../build/stm32mp157f-ev1/ldelf-lib/libutils/libutils.a(strcpy.o)
[...]
Memory Configuration

Name             Origin             Length             Attributes
*default*        0x00000000         0xffffffff

Linker script and memory map


.text           0x00000000     0x4058
                0x00000000                        __text_start = .
 *(SORT_BY_ALIGNMENT(.text._ldelf_start))
 .text._ldelf_start
                0x00000000       0x64 /home/lubuntu/Dokument/GitHub/STM32-Computer/Firmware/STM32-Computer-Firmware/CA7/optee-os-3.19.0-r2/optee-os-stm32mp-3.19.0-stm32mp-r2/../build/stm32mp157f-ev1/ldelf/start_a32.o
                0x00000000                _ldelf_start
 *(SORT_BY_ALIGNMENT(.text) SORT_BY_ALIGNMENT(.text.*))
 .text._ldelf_panic
                0x00000064       0x14 /home/lubuntu/Dokument/GitHub/STM32-Computer/Firmware/STM32-Computer-Firmware/CA7/optee-os-3.19.0-r2/optee-os-stm32mp-3.19.0-stm32mp-r2/../build/stm32mp157f-ev1/ldelf/syscalls_a32.o
                0x00000064                _ldelf_panic
 .text._ldelf_return
                0x00000078       0x14 /home/lubuntu/Dokument/GitHub/STM32-Computer/Firmware/STM32-Computer-Firmware/CA7/optee-os-3.19.0-r2/optee-os-stm32mp-3.19.0-stm32mp-r2/../build/stm32mp157f-ev1/ldelf/syscalls_a32.o
                0x00000078                _ldelf_return
 .text._ldelf_log
                0x0000008c       0x14 /home/lubuntu/Dokument/GitHub/STM32-Computer/Firmware/STM32-Computer-Firmware/CA7/optee-os-3.19.0-r2/optee-os-stm32mp-3.19.0-stm32mp-r2/../build/stm32mp157f-ev1/ldelf/syscalls_a32.o
                0x0000008c                _ldelf_log
 .text.__ldelf_panic
                0x000000a0       0x14 /home/lubuntu/Dokument/GitHub/STM32-Computer/Firmware/STM32-Computer-Firmware/CA7/optee-os-3.19.0-r2/optee-os-stm32mp-3.19.0-stm32mp-r2/../build/stm32mp157f-ev1/ldelf/syscalls_a32.o
                0x000000a0                __ldelf_panic
 .text._ldelf_map_zi
                0x000000b4       0x18 /home/lubuntu/Dokument/GitHub/STM32-Computer/Firmware/STM32-Computer-Firmware/CA7/optee-os-3.19.0-r2/optee-os-stm32mp-3.19.0-stm32mp-r2/../build/stm32mp157f-ev1/ldelf/syscalls_a32.o
                0x000000b4                _ldelf_map_zi
 .text._ldelf_unmap
                0x000000cc       0x14 /home/lubuntu/Dokument/GitHub/STM32-Computer/Firmware/STM32-Computer-Firmware/CA7/optee-os-3.19.0-r2/optee-os-stm32mp-3.19.0-stm32mp-r2/../build/stm32mp157f-ev1/ldelf/syscalls_a32.o
                0x000000cc                _ldelf_unmap
 .text._ldelf_open_bin
                0x000000e0       0x14 /home/lubuntu/Dokument/GitHub/STM32-Computer/Firmware/STM32-Computer-Firmware/CA7/optee-os-3.19.0-r2/optee-os-stm32mp-3.19.0-stm32mp-r2/../build/stm32mp157f-ev1/ldelf/syscalls_a32.o
                0x000000e0                _ldelf_open_bin
 .text._ldelf_close_bin
                0x000000f4       0x14 /home/lubuntu/Dokument/GitHub/STM32-Computer/Firmware/STM32-Computer-Firmware/CA7/optee-os-3.19.0-r2/optee-os-stm32mp-3.19.0-stm32mp-r2/../build/stm32mp157f-ev1/ldelf/syscalls_a32.o
                0x000000f4                _ldelf_close_bin
 .text._ldelf_map_bin
                0x00000108       0x18 /home/lubuntu/Dokument/GitHub/STM32-Computer/Firmware/STM32-Computer-Firmware/CA7/optee-os-3.19.0-r2/optee-os-stm32mp-3.19.0-stm32mp-r2/../build/stm32mp157f-ev1/ldelf/syscalls_a32.o
                0x00000108                _ldelf_map_bin
 .text._ldelf_cp_from_bin
                0x00000120       0x14 /home/lubuntu/Dokument/GitHub/STM32-Computer/Firmware/STM32-Computer-Firmware/CA7/optee-os-3.19.0-r2/optee-os-stm32mp-3.19.0-stm32mp-r2/../build/stm32mp157f-ev1/ldelf/syscalls_a32.o
                0x00000120                _ldelf_cp_from_bin
 .text._ldelf_set_prot
                0x00000134       0x14 /home/lubuntu/Dokument/GitHub/STM32-Computer/Firmware/STM32-Computer-Firmware/CA7/optee-os-3.19.0-r2/optee-os-stm32mp-3.19.0-stm32mp-r2/../build/stm32mp157f-ev1/ldelf/syscalls_a32.o
                0x00000134                _ldelf_set_prot
 .text._ldelf_remap
                0x00000148       0x18 /home/lubuntu/Dokument/GitHub/STM32-Computer/Firmware/STM32-Computer-Firmware/CA7/optee-os-3.19.0-r2/optee-os-stm32mp-3.19.0-stm32mp-r2/../build/stm32mp157f-ev1/ldelf/syscalls_a32.o
                0x00000148                _ldelf_remap
 .text._ldelf_gen_rnd_num
                0x00000160       0x14 /home/lubuntu/Dokument/GitHub/STM32-Computer/Firmware/STM32-Computer-Firmware/CA7/optee-os-3.19.0-r2/optee-os-stm32mp-3.19.0-stm32mp-r2/../build/stm32mp157f-ev1/ldelf/syscalls_a32.o
                0x00000160                _ldelf_gen_rnd_num
 .text.dlopen_entry
                0x00000174       0x40 /home/lubuntu/Dokument/GitHub/STM32-Computer/Firmware/STM32-Computer-Firmware/CA7/optee-os-3.19.0-r2/optee-os-stm32mp-3.19.0-stm32mp-r2/../build/stm32mp157f-ev1/ldelf/dl.o
                0x00000174                dlopen_entry
 .text.dlsym_entry
                0x000001b4       0x4c /home/lubuntu/Dokument/GitHub/STM32-Computer/Firmware/STM32-Computer-Firmware/CA7/optee-os-3.19.0-r2/optee-os-stm32mp-3.19.0-stm32mp-r2/../build/stm32mp157f-ev1/ldelf/dl.o
                0x000001b4                dlsym_entry
 .text.dl_entry
                0x00000200       0x24 /home/lubuntu/Dokument/GitHub/STM32-Computer/Firmware/STM32-Computer-Firmware/CA7/optee-os-3.19.0-r2/optee-os-stm32mp-3.19.0-stm32mp-r2/../build/stm32mp157f-ev1/ldelf/main.o
 .text.dump_ta_state
                0x00000224       0xb0 /home/lubuntu/Dokument/GitHub/STM32-Computer/Firmware/STM32-Computer-Firmware/CA7/optee-os-3.19.0-r2/optee-os-stm32mp-3.19.0-stm32mp-r2/../build/stm32mp157f-ev1/ldelf/main.o
 .text.ldelf    0x000002d4       0xe0 /home/lubuntu/Dokument/GitHub/STM32-Computer/Firmware/STM32-Computer-Firmware/CA7/optee-os-3.19.0-r2/optee-os-stm32mp-3.19.0-stm32mp-r2/../build/stm32mp157f-ev1/ldelf/main.o
                0x000002d4                ldelf
 .text.__panic  0x000003b4       0x84 /home/lubuntu/Dokument/GitHub/STM32-Computer/Firmware/STM32-Computer-Firmware/CA7/optee-os-3.19.0-r2/optee-os-stm32mp-3.19.0-stm32mp-r2/../build/stm32mp157f-ev1/ldelf/sys.o
                0x000003b4                __panic
 .text.check_range
                0x00000438       0x84 /home/lubuntu/Dokument/GitHub/STM32-Computer/Firmware/STM32-Computer-Firmware/CA7/optee-os-3.19.0-r2/optee-os-stm32mp-3.19.0-stm32mp-r2/../build/stm32mp157f-ev1/ldelf/ta_elf.o
 .text.check_hashtab
                0x000004bc       0x70 /home/lubuntu/Dokument/GitHub/STM32-Computer/Firmware/STM32-Computer-Firmware/CA7/optee-os-3.19.0-r2/optee-os-stm32mp-3.19.0-stm32mp-r2/../build/stm32mp157f-ev1/ldelf/ta_elf.o
 .text.queue_elf_helper
                0x0000052c       0x44 /home/lubuntu/Dokument/GitHub/STM32-Computer/Firmware/STM32-Computer-Firmware/CA7/optee-os-3.19.0-r2/optee-os-stm32mp-3.19.0-stm32mp-r2/../build/stm32mp157f-ev1/ldelf/ta_elf.o
 .text.add_segment
                0x00000570       0x90 /home/lubuntu/Dokument/GitHub/STM32-Computer/Firmware/STM32-Computer-Firmware/CA7/optee-os-3.19.0-r2/optee-os-stm32mp-3.19.0-stm32mp-r2/../build/stm32mp157f-ev1/ldelf/ta_elf.o
 .text.ta_elf_add_bti
                0x00000600       0x4c /home/lubuntu/Dokument/GitHub/STM32-Computer/Firmware/STM32-Computer-Firmware/CA7/optee-os-3.19.0-r2/optee-os-stm32mp-3.19.0-stm32mp-r2/../build/stm32mp157f-ev1/ldelf/ta_elf.o
 .text.init_elf
                0x0000064c      0x188 /home/lubuntu/Dokument/GitHub/STM32-Computer/Firmware/STM32-Computer-Firmware/CA7/optee-os-3.19.0-r2/optee-os-stm32mp-3.19.0-stm32mp-r2/../build/stm32mp157f-ev1/ldelf/ta_elf.o
 .text.close_handle
                0x000007d4       0x40 /home/lubuntu/Dokument/GitHub/STM32-Computer/Firmware/STM32-Computer-Firmware/CA7/optee-os-3.19.0-r2/optee-os-stm32mp-3.19.0-stm32mp-r2/../build/stm32mp157f-ev1/ldelf/ta_elf.o
 .text.check_phdr_in_range.constprop.0
                0x00000814       0x60 /home/lubuntu/Dokument/GitHub/STM32-Computer/Firmware/STM32-Computer-Firmware/CA7/optee-os-3.19.0-r2/optee-os-stm32mp-3.19.0-stm32mp-r2/../build/stm32mp157f-ev1/ldelf/ta_elf.o
 .text._assert_trap.constprop.0
                0x00000874       0x18 /home/lubuntu/Dokument/GitHub/STM32-Computer/Firmware/STM32-Computer-Firmware/CA7/optee-os-3.19.0-r2/optee-os-stm32mp-3.19.0-stm32mp-r2/../build/stm32mp157f-ev1/ldelf/ta_elf.o
 .text.print_seg
                0x0000088c       0xe4 /home/lubuntu/Dokument/GitHub/STM32-Computer/Firmware/STM32-Computer-Firmware/CA7/optee-os-3.19.0-r2/optee-os-stm32mp-3.19.0-stm32mp-r2/../build/stm32mp157f-ev1/ldelf/ta_elf.o
 .text.copy_section_headers
                0x00000970       0xec /home/lubuntu/Dokument/GitHub/STM32-Computer/Firmware/STM32-Computer-Firmware/CA7/optee-os-3.19.0-r2/optee-os-stm32mp-3.19.0-stm32mp-r2/../build/stm32mp157f-ev1/ldelf/ta_elf.o
 .text.populate_segments
                0x00000a5c      0x38c /home/lubuntu/Dokument/GitHub/STM32-Computer/Firmware/STM32-Computer-Firmware/CA7/optee-os-3.19.0-r2/optee-os-stm32mp-3.19.0-stm32mp-r2/../build/stm32mp157f-ev1/ldelf/ta_elf.o
 .text.map_segments
                0x00000de8      0x380 /home/lubuntu/Dokument/GitHub/STM32-Computer/Firmware/STM32-Computer-Firmware/CA7/optee-os-3.19.0-r2/optee-os-stm32mp-3.19.0-stm32mp-r2/../build/stm32mp157f-ev1/ldelf/ta_elf.o
 .text.save_soname_from_segment
                0x00001168       0xa4 /home/lubuntu/Dokument/GitHub/STM32-Computer/Firmware/STM32-Computer-Firmware/CA7/optee-os-3.19.0-r2/optee-os-stm32mp-3.19.0-stm32mp-r2/../build/stm32mp157f-ev1/ldelf/ta_elf.o
 .text.save_symtab
                0x0000120c      0x2e4 /home/lubuntu/Dokument/GitHub/STM32-Computer/Firmware/STM32-Computer-Firmware/CA7/optee-os-3.19.0-r2/optee-os-stm32mp-3.19.0-stm32mp-r2/../build/stm32mp157f-ev1/ldelf/ta_elf.o
 .text.get_init_fini_array.constprop.0
                0x000014f0       0xa8 /home/lubuntu/Dokument/GitHub/STM32-Computer/Firmware/STM32-Computer-Firmware/CA7/optee-os-3.19.0-r2/optee-os-stm32mp-3.19.0-stm32mp-r2/../build/stm32mp157f-ev1/ldelf/ta_elf.o
 .text.ta_elf_find_elf
                0x00001598       0x2c /home/lubuntu/Dokument/GitHub/STM32-Computer/Firmware/STM32-Computer-Firmware/CA7/optee-os-3.19.0-r2/optee-os-stm32mp-3.19.0-stm32mp-r2/../build/stm32mp157f-ev1/ldelf/ta_elf.o
                0x00001598                ta_elf_find_elf
 .text.queue_elf
                0x000015c4       0x40 /home/lubuntu/Dokument/GitHub/STM32-Computer/Firmware/STM32-Computer-Firmware/CA7/optee-os-3.19.0-r2/optee-os-stm32mp-3.19.0-stm32mp-r2/../build/stm32mp157f-ev1/ldelf/ta_elf.o
 .text.add_deps_from_segment
                0x00001604      0x114 /home/lubuntu/Dokument/GitHub/STM32-Computer/Firmware/STM32-Computer-Firmware/CA7/optee-os-3.19.0-r2/optee-os-stm32mp-3.19.0-stm32mp-r2/../build/stm32mp157f-ev1/ldelf/ta_elf.o
 .text.ta_elf_load_main
                0x00001718      0x31c /home/lubuntu/Dokument/GitHub/STM32-Computer/Firmware/STM32-Computer-Firmware/CA7/optee-os-3.19.0-r2/optee-os-stm32mp-3.19.0-stm32mp-r2/../build/stm32mp157f-ev1/ldelf/ta_elf.o
                0x00001718                ta_elf_load_main
 .text.ta_elf_load_dependency
                0x00001a34       0xa8 /home/lubuntu/Dokument/GitHub/STM32-Computer/Firmware/STM32-Computer-Firmware/CA7/optee-os-3.19.0-r2/optee-os-stm32mp-3.19.0-stm32mp-r2/../build/stm32mp157f-ev1/ldelf/ta_elf.o
                0x00001a34                ta_elf_load_dependency
 .text.ta_elf_finalize_mappings
                0x00001adc       0x58 /home/lubuntu/Dokument/GitHub/STM32-Computer/Firmware/STM32-Computer-Firmware/CA7/optee-os-3.19.0-r2/optee-os-stm32mp-3.19.0-stm32mp-r2/../build/stm32mp157f-ev1/ldelf/ta_elf.o
                0x00001adc                ta_elf_finalize_mappings
 .text.ta_elf_print_mappings
                0x00001b34      0x20c /home/lubuntu/Dokument/GitHub/STM32-Computer/Firmware/STM32-Computer-Firmware/CA7/optee-os-3.19.0-r2/optee-os-stm32mp-3.19.0-stm32mp-r2/../build/stm32mp157f-ev1/ldelf/ta_elf.o
                0x00001b34                ta_elf_print_mappings
 .text.ta_elf_set_init_fini_info_compat
                0x00001d40      0x188 /home/lubuntu/Dokument/GitHub/STM32-Computer/Firmware/STM32-Computer-Firmware/CA7/optee-os-3.19.0-r2/optee-os-stm32mp-3.19.0-stm32mp-r2/../build/stm32mp157f-ev1/ldelf/ta_elf.o
                0x00001d40                ta_elf_set_init_fini_info_compat
 .text.ta_elf_set_elf_phdr_info
                0x00001ec8      0x16c /home/lubuntu/Dokument/GitHub/STM32-Computer/Firmware/STM32-Computer-Firmware/CA7/optee-os-3.19.0-r2/optee-os-stm32mp-3.19.0-stm32mp-r2/../build/stm32mp157f-ev1/ldelf/ta_elf.o
                0x00001ec8                ta_elf_set_elf_phdr_info
 .text.ta_elf_finalize_load_main
                0x00002034       0x9c /home/lubuntu/Dokument/GitHub/STM32-Computer/Firmware/STM32-Computer-Firmware/CA7/optee-os-3.19.0-r2/optee-os-stm32mp-3.19.0-stm32mp-r2/../build/stm32mp157f-ev1/ldelf/ta_elf.o
                0x00002034                ta_elf_finalize_load_main
 .text.ta_elf_add_library
                0x000020d0       0x6c /home/lubuntu/Dokument/GitHub/STM32-Computer/Firmware/STM32-Computer-Firmware/CA7/optee-os-3.19.0-r2/optee-os-stm32mp-3.19.0-stm32mp-r2/../build/stm32mp157f-ev1/ldelf/ta_elf.o
                0x000020d0                ta_elf_add_library
 .text.check_found_sym
                0x0000213c      0x150 /home/lubuntu/Dokument/GitHub/STM32-Computer/Firmware/STM32-Computer-Firmware/CA7/optee-os-3.19.0-r2/optee-os-stm32mp-3.19.0-stm32mp-r2/../build/stm32mp157f-ev1/ldelf/ta_elf_rel.o
 .text.resolve_sym_helper
                0x0000228c      0x1c0 /home/lubuntu/Dokument/GitHub/STM32-Computer/Firmware/STM32-Computer-Firmware/CA7/optee-os-3.19.0-r2/optee-os-stm32mp-3.19.0-stm32mp-r2/../build/stm32mp157f-ev1/ldelf/ta_elf_rel.o
 .text.e32_get_sym_name.constprop.0.isra.0
                0x0000244c       0x88 /home/lubuntu/Dokument/GitHub/STM32-Computer/Firmware/STM32-Computer-Firmware/CA7/optee-os-3.19.0-r2/optee-os-stm32mp-3.19.0-stm32mp-r2/../build/stm32mp157f-ev1/ldelf/ta_elf_rel.o
 .text.ta_elf_resolve_sym
                0x000024d4       0x7c /home/lubuntu/Dokument/GitHub/STM32-Computer/Firmware/STM32-Computer-Firmware/CA7/optee-os-3.19.0-r2/optee-os-stm32mp-3.19.0-stm32mp-r2/../build/stm32mp157f-ev1/ldelf/ta_elf_rel.o
                0x000024d4                ta_elf_resolve_sym
 .text.e32_process_dyn_rel
                0x00002550       0x6c /home/lubuntu/Dokument/GitHub/STM32-Computer/Firmware/STM32-Computer-Firmware/CA7/optee-os-3.19.0-r2/optee-os-stm32mp-3.19.0-stm32mp-r2/../build/stm32mp157f-ev1/ldelf/ta_elf_rel.o
 .text.ta_elf_relocate
                0x000025bc      0x498 /home/lubuntu/Dokument/GitHub/STM32-Computer/Firmware/STM32-Computer-Firmware/CA7/optee-os-3.19.0-r2/optee-os-stm32mp-3.19.0-stm32mp-r2/../build/stm32mp157f-ev1/ldelf/ta_elf_rel.o
                0x000025bc                ta_elf_relocate
 .text._assert_log
                0x00002a54       0x28 /home/lubuntu/Dokument/GitHub/STM32-Computer/Firmware/STM32-Computer-Firmware/CA7/optee-os-3.19.0-r2/optee-os-stm32mp-3.19.0-stm32mp-r2/../build/stm32mp157f-ev1/ldelf-lib/libutee/libutee.a(assert.o)
                0x00002a54                _assert_log
 .text._assert_break
                0x00002a7c       0x10 /home/lubuntu/Dokument/GitHub/STM32-Computer/Firmware/STM32-Computer-Firmware/CA7/optee-os-3.19.0-r2/optee-os-stm32mp-3.19.0-stm32mp-r2/../build/stm32mp157f-ev1/ldelf-lib/libutee/libutee.a(assert.o)
                0x00002a7c                _assert_break
 .text.parse_hex
                0x00002a8c       0x48 /home/lubuntu/Dokument/GitHub/STM32-Computer/Firmware/STM32-Computer-Firmware/CA7/optee-os-3.19.0-r2/optee-os-stm32mp-3.19.0-stm32mp-r2/../build/stm32mp157f-ev1/ldelf-lib/libutee/libutee.a(tee_uuid_from_str.o)
 .text.tee_uuid_from_str
                0x00002ad4       0xc8 /home/lubuntu/Dokument/GitHub/STM32-Computer/Firmware/STM32-Computer-Firmware/CA7/optee-os-3.19.0-r2/optee-os-stm32mp-3.19.0-stm32mp-r2/../build/stm32mp157f-ev1/ldelf-lib/libutee/libutee.a(tee_uuid_from_str.o)
                0x00002ad4                tee_uuid_from_str
 .text._utee_panic
                0x00002b9c       0x14 /home/lubuntu/Dokument/GitHub/STM32-Computer/Firmware/STM32-Computer-Firmware/CA7/optee-os-3.19.0-r2/optee-os-stm32mp-3.19.0-stm32mp-r2/../build/stm32mp157f-ev1/ldelf-lib/libutee/libutee.a(utee_syscalls_a32.o)
                0x00002b9c                _utee_panic
 .text.__utee_panic
                0x00002bb0       0x14 /home/lubuntu/Dokument/GitHub/STM32-Computer/Firmware/STM32-Computer-Firmware/CA7/optee-os-3.19.0-r2/optee-os-stm32mp-3.19.0-stm32mp-r2/../build/stm32mp157f-ev1/ldelf-lib/libutee/libutee.a(utee_syscalls_a32.o)
                0x00002bb0                __utee_panic
 .text.bget_buf_size.part.0
                0x00002bc4       0x20 /home/lubuntu/Dokument/GitHub/STM32-Computer/Firmware/STM32-Computer-Firmware/CA7/optee-os-3.19.0-r2/optee-os-stm32mp-3.19.0-stm32mp-r2/../build/stm32mp157f-ev1/ldelf-lib/libutils/libutils.a(bget_malloc.o)
 .text.bget     0x00002be4      0x20c /home/lubuntu/Dokument/GitHub/STM32-Computer/Firmware/STM32-Computer-Firmware/CA7/optee-os-3.19.0-r2/optee-os-stm32mp-3.19.0-stm32mp-r2/../build/stm32mp157f-ev1/ldelf-lib/libutils/libutils.a(bget_malloc.o)
                0x00002be4                bget
 .text.bgetz    0x00002df0       0x5c /home/lubuntu/Dokument/GitHub/STM32-Computer/Firmware/STM32-Computer-Firmware/CA7/optee-os-3.19.0-r2/optee-os-stm32mp-3.19.0-stm32mp-r2/../build/stm32mp157f-ev1/ldelf-lib/libutils/libutils.a(bget_malloc.o)
                0x00002df0                bgetz
 .text.brel     0x00002e4c      0x1ec /home/lubuntu/Dokument/GitHub/STM32-Computer/Firmware/STM32-Computer-Firmware/CA7/optee-os-3.19.0-r2/optee-os-stm32mp-3.19.0-stm32mp-r2/../build/stm32mp157f-ev1/ldelf-lib/libutils/libutils.a(bget_malloc.o)
                0x00002e4c                brel
 .text.bpool    0x00003038       0x94 /home/lubuntu/Dokument/GitHub/STM32-Computer/Firmware/STM32-Computer-Firmware/CA7/optee-os-3.19.0-r2/optee-os-stm32mp-3.19.0-stm32mp-r2/../build/stm32mp157f-ev1/ldelf-lib/libutils/libutils.a(bget_malloc.o)
                0x00003038                bpool
 .text.gen_malloc_add_pool
                0x000030cc       0x7c /home/lubuntu/Dokument/GitHub/STM32-Computer/Firmware/STM32-Computer-Firmware/CA7/optee-os-3.19.0-r2/optee-os-stm32mp-3.19.0-stm32mp-r2/../build/stm32mp157f-ev1/ldelf-lib/libutils/libutils.a(bget_malloc.o)
 .text.malloc   0x00003148       0x14 /home/lubuntu/Dokument/GitHub/STM32-Computer/Firmware/STM32-Computer-Firmware/CA7/optee-os-3.19.0-r2/optee-os-stm32mp-3.19.0-stm32mp-r2/../build/stm32mp157f-ev1/ldelf-lib/libutils/libutils.a(bget_malloc.o)
                0x00003148                malloc
 .text.calloc   0x0000315c       0x20 /home/lubuntu/Dokument/GitHub/STM32-Computer/Firmware/STM32-Computer-Firmware/CA7/optee-os-3.19.0-r2/optee-os-stm32mp-3.19.0-stm32mp-r2/../build/stm32mp157f-ev1/ldelf-lib/libutils/libutils.a(bget_malloc.o)
                0x0000315c                calloc
 .text.realloc  0x0000317c       0x1c /home/lubuntu/Dokument/GitHub/STM32-Computer/Firmware/STM32-Computer-Firmware/CA7/optee-os-3.19.0-r2/optee-os-stm32mp-3.19.0-stm32mp-r2/../build/stm32mp157f-ev1/ldelf-lib/libutils/libutils.a(bget_malloc.o)
                0x0000317c                realloc
 .text.free     0x00003198       0x10 /home/lubuntu/Dokument/GitHub/STM32-Computer/Firmware/STM32-Computer-Firmware/CA7/optee-os-3.19.0-r2/optee-os-stm32mp-3.19.0-stm32mp-r2/../build/stm32mp157f-ev1/ldelf-lib/libutils/libutils.a(bget_malloc.o)
                0x00003198                free
 .text.malloc_add_pool
                0x000031a8       0x10 /home/lubuntu/Dokument/GitHub/STM32-Computer/Firmware/STM32-Computer-Firmware/CA7/optee-os-3.19.0-r2/optee-os-stm32mp-3.19.0-stm32mp-r2/../build/stm32mp157f-ev1/ldelf-lib/libutils/libutils.a(bget_malloc.o)
                0x000031a8                malloc_add_pool
 .text.memcpy   0x000031b8       0xdc /home/lubuntu/Dokument/GitHub/STM32-Computer/Firmware/STM32-Computer-Firmware/CA7/optee-os-3.19.0-r2/optee-os-stm32mp-3.19.0-stm32mp-r2/../build/stm32mp157f-ev1/ldelf-lib/libutils/libutils.a(memcpy.o)
                0x000031b8                memcpy
 .text.__aeabi_uldivmod
                0x00003294       0x18 /home/lubuntu/Dokument/GitHub/STM32-Computer/Firmware/STM32-Computer-Firmware/CA7/optee-os-3.19.0-r2/optee-os-stm32mp-3.19.0-stm32mp-r2/../build/stm32mp157f-ev1/ldelf-lib/libutils/libutils.a(arm32_aeabi_ldivmod_a32.o)
                0x00003294                __aeabi_uldivmod
 .text.kprintf.constprop.0
                0x000032ac      0x6dc /home/lubuntu/Dokument/GitHub/STM32-Computer/Firmware/STM32-Computer-Firmware/CA7/optee-os-3.19.0-r2/optee-os-stm32mp-3.19.0-stm32mp-r2/../build/stm32mp157f-ev1/ldelf-lib/libutils/libutils.a(snprintk.o)
 .text.trace_vprintf
                0x00003988      0x138 /home/lubuntu/Dokument/GitHub/STM32-Computer/Firmware/STM32-Computer-Firmware/CA7/optee-os-3.19.0-r2/optee-os-stm32mp-3.19.0-stm32mp-r2/../build/stm32mp157f-ev1/ldelf-lib/libutils/libutils.a(trace.o)
                0x00003988                trace_vprintf
 .text.print_to_console
                0x00003ac0       0x18 /home/lubuntu/Dokument/GitHub/STM32-Computer/Firmware/STM32-Computer-Firmware/CA7/optee-os-3.19.0-r2/optee-os-stm32mp-3.19.0-stm32mp-r2/../build/stm32mp157f-ev1/ldelf/main.o
 .text.sys_return_cleanup
                0x00003ad8        0x8 /home/lubuntu/Dokument/GitHub/STM32-Computer/Firmware/STM32-Computer-Firmware/CA7/optee-os-3.19.0-r2/optee-os-stm32mp-3.19.0-stm32mp-r2/../build/stm32mp157f-ev1/ldelf/sys.o
                0x00003ad8                sys_return_cleanup
 .text.sys_map_zi
                0x00003ae0       0x14 /home/lubuntu/Dokument/GitHub/STM32-Computer/Firmware/STM32-Computer-Firmware/CA7/optee-os-3.19.0-r2/optee-os-stm32mp-3.19.0-stm32mp-r2/../build/stm32mp157f-ev1/ldelf/sys.o
                0x00003ae0                sys_map_zi
 .text.sys_unmap
                0x00003af4        0x4 /home/lubuntu/Dokument/GitHub/STM32-Computer/Firmware/STM32-Computer-Firmware/CA7/optee-os-3.19.0-r2/optee-os-stm32mp-3.19.0-stm32mp-r2/../build/stm32mp157f-ev1/ldelf/sys.o
                0x00003af4                sys_unmap
 .text.sys_open_ta_bin
                0x00003af8        0x8 /home/lubuntu/Dokument/GitHub/STM32-Computer/Firmware/STM32-Computer-Firmware/CA7/optee-os-3.19.0-r2/optee-os-stm32mp-3.19.0-stm32mp-r2/../build/stm32mp157f-ev1/ldelf/sys.o
                0x00003af8                sys_open_ta_bin
 .text.sys_close_ta_bin
                0x00003b00        0x4 /home/lubuntu/Dokument/GitHub/STM32-Computer/Firmware/STM32-Computer-Firmware/CA7/optee-os-3.19.0-r2/optee-os-stm32mp-3.19.0-stm32mp-r2/../build/stm32mp157f-ev1/ldelf/sys.o
                0x00003b00                sys_close_ta_bin
 .text.sys_map_ta_bin
                0x00003b04       0x16 /home/lubuntu/Dokument/GitHub/STM32-Computer/Firmware/STM32-Computer-Firmware/CA7/optee-os-3.19.0-r2/optee-os-stm32mp-3.19.0-stm32mp-r2/../build/stm32mp157f-ev1/ldelf/sys.o
                0x00003b04                sys_map_ta_bin
 .text.sys_copy_from_ta_bin
                0x00003b1a       0x10 /home/lubuntu/Dokument/GitHub/STM32-Computer/Firmware/STM32-Computer-Firmware/CA7/optee-os-3.19.0-r2/optee-os-stm32mp-3.19.0-stm32mp-r2/../build/stm32mp157f-ev1/ldelf/sys.o
                0x00003b1a                sys_copy_from_ta_bin
 .text.sys_set_prot
                0x00003b2a        0x4 /home/lubuntu/Dokument/GitHub/STM32-Computer/Firmware/STM32-Computer-Firmware/CA7/optee-os-3.19.0-r2/optee-os-stm32mp-3.19.0-stm32mp-r2/../build/stm32mp157f-ev1/ldelf/sys.o
                0x00003b2a                sys_set_prot
 .text.sys_remap
                0x00003b2e        0x4 /home/lubuntu/Dokument/GitHub/STM32-Computer/Firmware/STM32-Computer-Firmware/CA7/optee-os-3.19.0-r2/optee-os-stm32mp-3.19.0-stm32mp-r2/../build/stm32mp157f-ev1/ldelf/sys.o
                0x00003b2e                sys_remap
 .text.sys_gen_random_num
                0x00003b32        0x4 /home/lubuntu/Dokument/GitHub/STM32-Computer/Firmware/STM32-Computer-Firmware/CA7/optee-os-3.19.0-r2/optee-os-stm32mp-3.19.0-stm32mp-r2/../build/stm32mp157f-ev1/ldelf/sys.o
                0x00003b32                sys_gen_random_num
 .text.get_pad_begin
                0x00003b36       0x22 /home/lubuntu/Dokument/GitHub/STM32-Computer/Firmware/STM32-Computer-Firmware/CA7/optee-os-3.19.0-r2/optee-os-stm32mp-3.19.0-stm32mp-r2/../build/stm32mp157f-ev1/ldelf/ta_elf.o
 .text.print_wrapper
                0x00003b58       0x1a /home/lubuntu/Dokument/GitHub/STM32-Computer/Firmware/STM32-Computer-Firmware/CA7/optee-os-3.19.0-r2/optee-os-stm32mp-3.19.0-stm32mp-r2/../build/stm32mp157f-ev1/ldelf/ta_elf.o
 .text.read_dyn
                0x00003b72       0x2a /home/lubuntu/Dokument/GitHub/STM32-Computer/Firmware/STM32-Computer-Firmware/CA7/optee-os-3.19.0-r2/optee-os-stm32mp-3.19.0-stm32mp-r2/../build/stm32mp157f-ev1/ldelf/ta_elf.o
 .text.elf_get_init_fini_array.constprop.0
                0x00003b9c       0x5c /home/lubuntu/Dokument/GitHub/STM32-Computer/Firmware/STM32-Computer-Firmware/CA7/optee-os-3.19.0-r2/optee-os-stm32mp-3.19.0-stm32mp-r2/../build/stm32mp157f-ev1/ldelf/ta_elf.o
 .text.add_dependencies
                0x00003bf8       0x4a /home/lubuntu/Dokument/GitHub/STM32-Computer/Firmware/STM32-Computer-Firmware/CA7/optee-os-3.19.0-r2/optee-os-stm32mp-3.19.0-stm32mp-r2/../build/stm32mp157f-ev1/ldelf/ta_elf.o
 .text.confine_array_index
                0x00003c42        0xc /home/lubuntu/Dokument/GitHub/STM32-Computer/Firmware/STM32-Computer-Firmware/CA7/optee-os-3.19.0-r2/optee-os-stm32mp-3.19.0-stm32mp-r2/../build/stm32mp157f-ev1/ldelf/ta_elf_rel.o
 .text.raw_malloc_return_hook
                0x00003c4e       0x20 /home/lubuntu/Dokument/GitHub/STM32-Computer/Firmware/STM32-Computer-Firmware/CA7/optee-os-3.19.0-r2/optee-os-stm32mp-3.19.0-stm32mp-r2/../build/stm32mp157f-ev1/ldelf-lib/libutils/libutils.a(bget_malloc.o)
 .text._assert_trap
                0x00003c6e        0xa /home/lubuntu/Dokument/GitHub/STM32-Computer/Firmware/STM32-Computer-Firmware/CA7/optee-os-3.19.0-r2/optee-os-stm32mp-3.19.0-stm32mp-r2/../build/stm32mp157f-ev1/ldelf-lib/libutils/libutils.a(bget_malloc.o)
 .text.raw_malloc
                0x00003c78       0x2c /home/lubuntu/Dokument/GitHub/STM32-Computer/Firmware/STM32-Computer-Firmware/CA7/optee-os-3.19.0-r2/optee-os-stm32mp-3.19.0-stm32mp-r2/../build/stm32mp157f-ev1/ldelf-lib/libutils/libutils.a(bget_malloc.o)
                0x00003c78                raw_malloc
 .text.raw_free
                0x00003ca4        0x8 /home/lubuntu/Dokument/GitHub/STM32-Computer/Firmware/STM32-Computer-Firmware/CA7/optee-os-3.19.0-r2/optee-os-stm32mp-3.19.0-stm32mp-r2/../build/stm32mp157f-ev1/ldelf-lib/libutils/libutils.a(bget_malloc.o)
                0x00003ca4                raw_free
 .text.raw_calloc
                0x00003cac       0x3e /home/lubuntu/Dokument/GitHub/STM32-Computer/Firmware/STM32-Computer-Firmware/CA7/optee-os-3.19.0-r2/optee-os-stm32mp-3.19.0-stm32mp-r2/../build/stm32mp157f-ev1/ldelf-lib/libutils/libutils.a(bget_malloc.o)
                0x00003cac                raw_calloc
 .text.raw_realloc
                0x00003cea       0x92 /home/lubuntu/Dokument/GitHub/STM32-Computer/Firmware/STM32-Computer-Firmware/CA7/optee-os-3.19.0-r2/optee-os-stm32mp-3.19.0-stm32mp-r2/../build/stm32mp157f-ev1/ldelf-lib/libutils/libutils.a(bget_malloc.o)
                0x00003cea                raw_realloc
 .text.isxdigit
                0x00003d7c       0x1c /home/lubuntu/Dokument/GitHub/STM32-Computer/Firmware/STM32-Computer-Firmware/CA7/optee-os-3.19.0-r2/optee-os-stm32mp-3.19.0-stm32mp-r2/../build/stm32mp157f-ev1/ldelf-lib/libutils/libutils.a(isxdigit.o)
                0x00003d7c                isxdigit
 .text.snprintf
                0x00003d98       0x1e /home/lubuntu/Dokument/GitHub/STM32-Computer/Firmware/STM32-Computer-Firmware/CA7/optee-os-3.19.0-r2/optee-os-stm32mp-3.19.0-stm32mp-r2/../build/stm32mp157f-ev1/ldelf-lib/libutils/libutils.a(snprintf.o)
                0x00003d98                snprintf
 .text.tolower  0x00003db6        0xc /home/lubuntu/Dokument/GitHub/STM32-Computer/Firmware/STM32-Computer-Firmware/CA7/optee-os-3.19.0-r2/optee-os-stm32mp-3.19.0-stm32mp-r2/../build/stm32mp157f-ev1/ldelf-lib/libutils/libutils.a(tolower.o)
                0x00003db6                tolower
 .text.memcmp   0x00003dc2       0x20 /home/lubuntu/Dokument/GitHub/STM32-Computer/Firmware/STM32-Computer-Firmware/CA7/optee-os-3.19.0-r2/optee-os-stm32mp-3.19.0-stm32mp-r2/../build/stm32mp157f-ev1/ldelf-lib/libutils/libutils.a(memcmp.o)
                0x00003dc2                memcmp
 .text.memset   0x00003de2       0x10 /home/lubuntu/Dokument/GitHub/STM32-Computer/Firmware/STM32-Computer-Firmware/CA7/optee-os-3.19.0-r2/optee-os-stm32mp-3.19.0-stm32mp-r2/../build/stm32mp157f-ev1/ldelf-lib/libutils/libutils.a(memset.o)
                0x00003de2                memset
 .text.strcmp   0x00003df2       0x16 /home/lubuntu/Dokument/GitHub/STM32-Computer/Firmware/STM32-Computer-Firmware/CA7/optee-os-3.19.0-r2/optee-os-stm32mp-3.19.0-stm32mp-r2/../build/stm32mp157f-ev1/ldelf-lib/libutils/libutils.a(strcmp.o)
                0x00003df2                strcmp
 .text.strcpy   0x00003e08       0x10 /home/lubuntu/Dokument/GitHub/STM32-Computer/Firmware/STM32-Computer-Firmware/CA7/optee-os-3.19.0-r2/optee-os-stm32mp-3.19.0-stm32mp-r2/../build/stm32mp157f-ev1/ldelf-lib/libutils/libutils.a(strcpy.o)
                0x00003e08                strcpy
 .text.strnlen  0x00003e18       0x18 /home/lubuntu/Dokument/GitHub/STM32-Computer/Firmware/STM32-Computer-Firmware/CA7/optee-os-3.19.0-r2/optee-os-stm32mp-3.19.0-stm32mp-r2/../build/stm32mp157f-ev1/ldelf-lib/libutils/libutils.a(strnlen.o)
                0x00003e18                strnlen
 .text.ul_div_qr
                0x00003e30       0x8e /home/lubuntu/Dokument/GitHub/STM32-Computer/Firmware/STM32-Computer-Firmware/CA7/optee-os-3.19.0-r2/optee-os-stm32mp-3.19.0-stm32mp-r2/../build/stm32mp157f-ev1/ldelf-lib/libutils/libutils.a(arm32_aeabi_ldivmod.o)
 .text.__ul_divmod
                0x00003ebe       0x40 /home/lubuntu/Dokument/GitHub/STM32-Computer/Firmware/STM32-Computer-Firmware/CA7/optee-os-3.19.0-r2/optee-os-stm32mp-3.19.0-stm32mp-r2/../build/stm32mp157f-ev1/ldelf-lib/libutils/libutils.a(arm32_aeabi_ldivmod.o)
                0x00003ebe                __ul_divmod
 .text.__vsnprintf
                0x00003efe       0x30 /home/lubuntu/Dokument/GitHub/STM32-Computer/Firmware/STM32-Computer-Firmware/CA7/optee-os-3.19.0-r2/optee-os-stm32mp-3.19.0-stm32mp-r2/../build/stm32mp157f-ev1/ldelf-lib/libutils/libutils.a(snprintk.o)
                0x00003efe                __vsnprintf
 .text.vsnprintk
                0x00003f2e        0xe /home/lubuntu/Dokument/GitHub/STM32-Computer/Firmware/STM32-Computer-Firmware/CA7/optee-os-3.19.0-r2/optee-os-stm32mp-3.19.0-stm32mp-r2/../build/stm32mp157f-ev1/ldelf-lib/libutils/libutils.a(snprintk.o)
                0x00003f2e                vsnprintk
 .text.snprintk
                0x00003f3c       0x1a /home/lubuntu/Dokument/GitHub/STM32-Computer/Firmware/STM32-Computer-Firmware/CA7/optee-os-3.19.0-r2/optee-os-stm32mp-3.19.0-stm32mp-r2/../build/stm32mp157f-ev1/ldelf-lib/libutils/libutils.a(snprintk.o)
                0x00003f3c                snprintk
 .text.trace_printf
                0x00003f56       0x18 /home/lubuntu/Dokument/GitHub/STM32-Computer/Firmware/STM32-Computer-Firmware/CA7/optee-os-3.19.0-r2/optee-os-stm32mp-3.19.0-stm32mp-r2/../build/stm32mp157f-ev1/ldelf-lib/libutils/libutils.a(trace.o)
                0x00003f56                trace_printf
 .text.memchr   0x00003f6e       0x1c /home/lubuntu/Dokument/GitHub/STM32-Computer/Firmware/STM32-Computer-Firmware/CA7/optee-os-3.19.0-r2/optee-os-stm32mp-3.19.0-stm32mp-r2/../build/stm32mp157f-ev1/ldelf-lib/libutils/libutils.a(memchr.o)
                0x00003f6e                memchr
 .text.strlen   0x00003f8a       0x10 /home/lubuntu/Dokument/GitHub/STM32-Computer/Firmware/STM32-Computer-Firmware/CA7/optee-os-3.19.0-r2/optee-os-stm32mp-3.19.0-stm32mp-r2/../build/stm32mp157f-ev1/ldelf-lib/libutils/libutils.a(strlen.o)
                0x00003f8a                strlen
 .text.trace_ext_puts
                0x00003f9a       0x14 /home/lubuntu/Dokument/GitHub/STM32-Computer/Firmware/STM32-Computer-Firmware/CA7/optee-os-3.19.0-r2/optee-os-stm32mp-3.19.0-stm32mp-r2/../build/stm32mp157f-ev1/ldelf-lib/libutee/libutee.a(trace_ext.o)
                0x00003f9a                trace_ext_puts
 .text.trace_ext_get_thread_id
                0x00003fae        0x6 /home/lubuntu/Dokument/GitHub/STM32-Computer/Firmware/STM32-Computer-Firmware/CA7/optee-os-3.19.0-r2/optee-os-stm32mp-3.19.0-stm32mp-r2/../build/stm32mp157f-ev1/ldelf-lib/libutee/libutee.a(trace_ext.o)
                0x00003fae                trace_ext_get_thread_id
 *fill*         0x00003fb4        0x4 
 .text.trace_ext_get_thread_id.__stub
                0x00003fb8       0xa0 linker stubs
 *(SORT_BY_ALIGNMENT(.stub))
 *(SORT_BY_ALIGNMENT(.glue_7))
 .glue_7        0x00004058        0x0 linker stubs
 *(SORT_BY_ALIGNMENT(.glue_7t))
 .glue_7t       0x00004058        0x0 linker stubs
 *(SORT_BY_ALIGNMENT(.gnu.linkonce.t.*))
 *(SORT_BY_ALIGNMENT(.vfp11_veneer))
 .vfp11_veneer  0x00004058        0x0 linker stubs
                0x00004058                        __text_end = .

.v4_bx          0x00004058        0x0
 .v4_bx         0x00004058        0x0 linker stubs

.iplt           0x00004058        0x0
 .iplt          0x00004058        0x0 /home/lubuntu/Dokument/GitHub/STM32-Computer/Firmware/STM32-Computer-Firmware/CA7/optee-os-3.19.0-r2/optee-os-stm32mp-3.19.0-stm32mp-r2/../build/stm32mp157f-ev1/ldelf/start_a32.o

.note.gnu.property
 *(SORT_BY_ALIGNMENT(.note.gnu.property))

.plt            0x00004058        0x0
 *(SORT_BY_ALIGNMENT(.plt))
 .plt           0x00004058        0x0 /home/lubuntu/Dokument/GitHub/STM32-Computer/Firmware/STM32-Computer-Firmware/CA7/optee-os-3.19.0-r2/optee-os-stm32mp-3.19.0-stm32mp-r2/../build/stm32mp157f-ev1/ldelf/start_a32.o

.eh_frame
 *(SORT_BY_ALIGNMENT(.eh_frame))

.rodata         0x00004058     0x1098
 *(SORT_BY_ALIGNMENT(.gnu.linkonce.r.*))
 *(SORT_BY_ALIGNMENT(.rodata) SORT_BY_ALIGNMENT(.rodata.*))
 .rodata.dump_ta_state.str1.1
                0x00004058       0x49 /home/lubuntu/Dokument/GitHub/STM32-Computer/Firmware/STM32-Computer-Firmware/CA7/optee-os-3.19.0-r2/optee-os-stm32mp-3.19.0-stm32mp-r2/../build/stm32mp157f-ev1/ldelf/main.o
 .rodata.ldelf.str1.1
                0x000040a1       0x1b /home/lubuntu/Dokument/GitHub/STM32-Computer/Firmware/STM32-Computer-Firmware/CA7/optee-os-3.19.0-r2/optee-os-stm32mp-3.19.0-stm32mp-r2/../build/stm32mp157f-ev1/ldelf/main.o
 .rodata.__func__.0
                0x000040bc        0xe /home/lubuntu/Dokument/GitHub/STM32-Computer/Firmware/STM32-Computer-Firmware/CA7/optee-os-3.19.0-r2/optee-os-stm32mp-3.19.0-stm32mp-r2/../build/stm32mp157f-ev1/ldelf/main.o
 .rodata.__func__.1
                0x000040ca        0x6 /home/lubuntu/Dokument/GitHub/STM32-Computer/Firmware/STM32-Computer-Firmware/CA7/optee-os-3.19.0-r2/optee-os-stm32mp-3.19.0-stm32mp-r2/../build/stm32mp157f-ev1/ldelf/main.o
 .rodata.__panic.str1.1
                0x000040d0       0x22 /home/lubuntu/Dokument/GitHub/STM32-Computer/Firmware/STM32-Computer-Firmware/CA7/optee-os-3.19.0-r2/optee-os-stm32mp-3.19.0-stm32mp-r2/../build/stm32mp157f-ev1/ldelf/sys.o
                                 0x23 (size before relaxing)
 .rodata.trace_ext_prefix
                0x000040f2        0x3 /home/lubuntu/Dokument/GitHub/STM32-Computer/Firmware/STM32-Computer-Firmware/CA7/optee-os-3.19.0-r2/optee-os-stm32mp-3.19.0-stm32mp-r2/../build/stm32mp157f-ev1/ldelf/sys.o
                0x000040f2                trace_ext_prefix
 .rodata.check_range.str1.1
                0x000040f5       0x3e /home/lubuntu/Dokument/GitHub/STM32-Computer/Firmware/STM32-Computer-Firmware/CA7/optee-os-3.19.0-r2/optee-os-stm32mp-3.19.0-stm32mp-r2/../build/stm32mp157f-ev1/ldelf/ta_elf.o
 .rodata.check_hashtab.str1.1
                0x00004133       0x35 /home/lubuntu/Dokument/GitHub/STM32-Computer/Firmware/STM32-Computer-Firmware/CA7/optee-os-3.19.0-r2/optee-os-stm32mp-3.19.0-stm32mp-r2/../build/stm32mp157f-ev1/ldelf/ta_elf.o
 .rodata.add_segment.str1.1
                0x00004168       0x21 /home/lubuntu/Dokument/GitHub/STM32-Computer/Firmware/STM32-Computer-Firmware/CA7/optee-os-3.19.0-r2/optee-os-stm32mp-3.19.0-stm32mp-r2/../build/stm32mp157f-ev1/ldelf/ta_elf.o
 .rodata.ta_elf_add_bti.str1.1
                0x00004189        0xd /home/lubuntu/Dokument/GitHub/STM32-Computer/Firmware/STM32-Computer-Firmware/CA7/optee-os-3.19.0-r2/optee-os-stm32mp-3.19.0-stm32mp-r2/../build/stm32mp157f-ev1/ldelf/ta_elf.o
 .rodata.init_elf.str1.1
                0x00004196       0x81 /home/lubuntu/Dokument/GitHub/STM32-Computer/Firmware/STM32-Computer-Firmware/CA7/optee-os-3.19.0-r2/optee-os-stm32mp-3.19.0-stm32mp-r2/../build/stm32mp157f-ev1/ldelf/ta_elf.o
 .rodata.close_handle.str1.1
                0x00004217       0x11 /home/lubuntu/Dokument/GitHub/STM32-Computer/Firmware/STM32-Computer-Firmware/CA7/optee-os-3.19.0-r2/optee-os-stm32mp-3.19.0-stm32mp-r2/../build/stm32mp157f-ev1/ldelf/ta_elf.o
 .rodata.check_phdr_in_range.constprop.0.str1.1
                0x00004228       0x3d /home/lubuntu/Dokument/GitHub/STM32-Computer/Firmware/STM32-Computer-Firmware/CA7/optee-os-3.19.0-r2/optee-os-stm32mp-3.19.0-stm32mp-r2/../build/stm32mp157f-ev1/ldelf/ta_elf.o
 .rodata._assert_trap.constprop.0.str1.1
                0x00004265        0xf /home/lubuntu/Dokument/GitHub/STM32-Computer/Firmware/STM32-Computer-Firmware/CA7/optee-os-3.19.0-r2/optee-os-stm32mp-3.19.0-stm32mp-r2/../build/stm32mp157f-ev1/ldelf/ta_elf.o
 .rodata.print_seg.str1.1
                0x00004274       0x62 /home/lubuntu/Dokument/GitHub/STM32-Computer/Firmware/STM32-Computer-Firmware/CA7/optee-os-3.19.0-r2/optee-os-stm32mp-3.19.0-stm32mp-r2/../build/stm32mp157f-ev1/ldelf/ta_elf.o
 .rodata.copy_section_headers.str1.1
                0x000042d6       0x48 /home/lubuntu/Dokument/GitHub/STM32-Computer/Firmware/STM32-Computer-Firmware/CA7/optee-os-3.19.0-r2/optee-os-stm32mp-3.19.0-stm32mp-r2/../build/stm32mp157f-ev1/ldelf/ta_elf.o
 .rodata.populate_segments.str1.1
                0x0000431e       0x7b /home/lubuntu/Dokument/GitHub/STM32-Computer/Firmware/STM32-Computer-Firmware/CA7/optee-os-3.19.0-r2/optee-os-stm32mp-3.19.0-stm32mp-r2/../build/stm32mp157f-ev1/ldelf/ta_elf.o
 .rodata.map_segments.str1.1
                0x00004399      0x1a0 /home/lubuntu/Dokument/GitHub/STM32-Computer/Firmware/STM32-Computer-Firmware/CA7/optee-os-3.19.0-r2/optee-os-stm32mp-3.19.0-stm32mp-r2/../build/stm32mp157f-ev1/ldelf/ta_elf.o
 .rodata.save_soname_from_segment.str1.1
                0x00004539       0x17 /home/lubuntu/Dokument/GitHub/STM32-Computer/Firmware/STM32-Computer-Firmware/CA7/optee-os-3.19.0-r2/optee-os-stm32mp-3.19.0-stm32mp-r2/../build/stm32mp157f-ev1/ldelf/ta_elf.o
 .rodata.save_symtab.str1.1
                0x00004550      0x174 /home/lubuntu/Dokument/GitHub/STM32-Computer/Firmware/STM32-Computer-Firmware/CA7/optee-os-3.19.0-r2/optee-os-stm32mp-3.19.0-stm32mp-r2/../build/stm32mp157f-ev1/ldelf/ta_elf.o
 .rodata.queue_elf.str1.1
                0x000046c4       0x11 /home/lubuntu/Dokument/GitHub/STM32-Computer/Firmware/STM32-Computer-Firmware/CA7/optee-os-3.19.0-r2/optee-os-stm32mp-3.19.0-stm32mp-r2/../build/stm32mp157f-ev1/ldelf/ta_elf.o
 .rodata.add_deps_from_segment.str1.1
                0x000046d5       0x28 /home/lubuntu/Dokument/GitHub/STM32-Computer/Firmware/STM32-Computer-Firmware/CA7/optee-os-3.19.0-r2/optee-os-stm32mp-3.19.0-stm32mp-r2/../build/stm32mp157f-ev1/ldelf/ta_elf.o
 .rodata.ta_elf_load_main.str1.1
                0x000046fd       0x61 /home/lubuntu/Dokument/GitHub/STM32-Computer/Firmware/STM32-Computer-Firmware/CA7/optee-os-3.19.0-r2/optee-os-stm32mp-3.19.0-stm32mp-r2/../build/stm32mp157f-ev1/ldelf/ta_elf.o
                                 0x70 (size before relaxing)
 .rodata.ta_elf_load_dependency.str1.1
                0x0000475e       0x26 /home/lubuntu/Dokument/GitHub/STM32-Computer/Firmware/STM32-Computer-Firmware/CA7/optee-os-3.19.0-r2/optee-os-stm32mp-3.19.0-stm32mp-r2/../build/stm32mp157f-ev1/ldelf/ta_elf.o
                                 0x29 (size before relaxing)
 .rodata.ta_elf_print_mappings.str1.1
                0x00004784       0x63 /home/lubuntu/Dokument/GitHub/STM32-Computer/Firmware/STM32-Computer-Firmware/CA7/optee-os-3.19.0-r2/optee-os-stm32mp-3.19.0-stm32mp-r2/../build/stm32mp157f-ev1/ldelf/ta_elf.o
 .rodata.ta_elf_set_init_fini_info_compat.str1.1
                0x000047e7       0x41 /home/lubuntu/Dokument/GitHub/STM32-Computer/Firmware/STM32-Computer-Firmware/CA7/optee-os-3.19.0-r2/optee-os-stm32mp-3.19.0-stm32mp-r2/../build/stm32mp157f-ev1/ldelf/ta_elf.o
 .rodata.ta_elf_set_elf_phdr_info.str1.1
                0x00004828       0x36 /home/lubuntu/Dokument/GitHub/STM32-Computer/Firmware/STM32-Computer-Firmware/CA7/optee-os-3.19.0-r2/optee-os-stm32mp-3.19.0-stm32mp-r2/../build/stm32mp157f-ev1/ldelf/ta_elf.o
 .rodata.ta_elf_finalize_load_main.str1.1
                0x0000485e       0x3a /home/lubuntu/Dokument/GitHub/STM32-Computer/Firmware/STM32-Computer-Firmware/CA7/optee-os-3.19.0-r2/optee-os-stm32mp-3.19.0-stm32mp-r2/../build/stm32mp157f-ev1/ldelf/ta_elf.o
                                 0x47 (size before relaxing)
 .rodata.__func__.0
                0x00004898       0x13 /home/lubuntu/Dokument/GitHub/STM32-Computer/Firmware/STM32-Computer-Firmware/CA7/optee-os-3.19.0-r2/optee-os-stm32mp-3.19.0-stm32mp-r2/../build/stm32mp157f-ev1/ldelf/ta_elf.o
 .rodata.__func__.1
                0x000048ab       0x19 /home/lubuntu/Dokument/GitHub/STM32-Computer/Firmware/STM32-Computer-Firmware/CA7/optee-os-3.19.0-r2/optee-os-stm32mp-3.19.0-stm32mp-r2/../build/stm32mp157f-ev1/ldelf/ta_elf.o
 .rodata.__func__.2
                0x000048c4       0x14 /home/lubuntu/Dokument/GitHub/STM32-Computer/Firmware/STM32-Computer-Firmware/CA7/optee-os-3.19.0-r2/optee-os-stm32mp-3.19.0-stm32mp-r2/../build/stm32mp157f-ev1/ldelf/ta_elf.o
 .rodata.__func__.3
                0x000048d8        0x9 /home/lubuntu/Dokument/GitHub/STM32-Computer/Firmware/STM32-Computer-Firmware/CA7/optee-os-3.19.0-r2/optee-os-stm32mp-3.19.0-stm32mp-r2/../build/stm32mp157f-ev1/ldelf/ta_elf.o
 .rodata.__func__.4
                0x000048e1       0x21 /home/lubuntu/Dokument/GitHub/STM32-Computer/Firmware/STM32-Computer-Firmware/CA7/optee-os-3.19.0-r2/optee-os-stm32mp-3.19.0-stm32mp-r2/../build/stm32mp157f-ev1/ldelf/ta_elf.o
 .rodata.__func__.5
                0x00004902       0x12 /home/lubuntu/Dokument/GitHub/STM32-Computer/Firmware/STM32-Computer-Firmware/CA7/optee-os-3.19.0-r2/optee-os-stm32mp-3.19.0-stm32mp-r2/../build/stm32mp157f-ev1/ldelf/ta_elf.o
 .rodata.__func__.7
                0x00004914       0x16 /home/lubuntu/Dokument/GitHub/STM32-Computer/Firmware/STM32-Computer-Firmware/CA7/optee-os-3.19.0-r2/optee-os-stm32mp-3.19.0-stm32mp-r2/../build/stm32mp157f-ev1/ldelf/ta_elf.o
 .rodata.__func__.8
                0x0000492a       0x19 /home/lubuntu/Dokument/GitHub/STM32-Computer/Firmware/STM32-Computer-Firmware/CA7/optee-os-3.19.0-r2/optee-os-stm32mp-3.19.0-stm32mp-r2/../build/stm32mp157f-ev1/ldelf/ta_elf.o
 .rodata.__func__.9
                0x00004943       0x17 /home/lubuntu/Dokument/GitHub/STM32-Computer/Firmware/STM32-Computer-Firmware/CA7/optee-os-3.19.0-r2/optee-os-stm32mp-3.19.0-stm32mp-r2/../build/stm32mp157f-ev1/ldelf/ta_elf.o
 .rodata.__func__.10
                0x0000495a       0x1a /home/lubuntu/Dokument/GitHub/STM32-Computer/Firmware/STM32-Computer-Firmware/CA7/optee-os-3.19.0-r2/optee-os-stm32mp-3.19.0-stm32mp-r2/../build/stm32mp157f-ev1/ldelf/ta_elf.o
 .rodata.__func__.11
                0x00004974        0xd /home/lubuntu/Dokument/GitHub/STM32-Computer/Firmware/STM32-Computer-Firmware/CA7/optee-os-3.19.0-r2/optee-os-stm32mp-3.19.0-stm32mp-r2/../build/stm32mp157f-ev1/ldelf/ta_elf.o
 .rodata.__func__.12
                0x00004981       0x19 /home/lubuntu/Dokument/GitHub/STM32-Computer/Firmware/STM32-Computer-Firmware/CA7/optee-os-3.19.0-r2/optee-os-stm32mp-3.19.0-stm32mp-r2/../build/stm32mp157f-ev1/ldelf/ta_elf.o
 .rodata.__func__.13
                0x0000499a       0x12 /home/lubuntu/Dokument/GitHub/STM32-Computer/Firmware/STM32-Computer-Firmware/CA7/optee-os-3.19.0-r2/optee-os-stm32mp-3.19.0-stm32mp-r2/../build/stm32mp157f-ev1/ldelf/ta_elf.o
 .rodata.__func__.14
                0x000049ac        0xe /home/lubuntu/Dokument/GitHub/STM32-Computer/Firmware/STM32-Computer-Firmware/CA7/optee-os-3.19.0-r2/optee-os-stm32mp-3.19.0-stm32mp-r2/../build/stm32mp157f-ev1/ldelf/ta_elf.o
 .rodata.__func__.15
                0x000049ba       0x10 /home/lubuntu/Dokument/GitHub/STM32-Computer/Firmware/STM32-Computer-Firmware/CA7/optee-os-3.19.0-r2/optee-os-stm32mp-3.19.0-stm32mp-r2/../build/stm32mp157f-ev1/ldelf/ta_elf.o
 .rodata.__func__.16
                0x000049ca       0x10 /home/lubuntu/Dokument/GitHub/STM32-Computer/Firmware/STM32-Computer-Firmware/CA7/optee-os-3.19.0-r2/optee-os-stm32mp-3.19.0-stm32mp-r2/../build/stm32mp157f-ev1/ldelf/ta_elf.o
 .rodata.__func__.17
                0x000049da       0x15 /home/lubuntu/Dokument/GitHub/STM32-Computer/Firmware/STM32-Computer-Firmware/CA7/optee-os-3.19.0-r2/optee-os-stm32mp-3.19.0-stm32mp-r2/../build/stm32mp157f-ev1/ldelf/ta_elf.o
 .rodata.__func__.18
                0x000049ef        0xc /home/lubuntu/Dokument/GitHub/STM32-Computer/Firmware/STM32-Computer-Firmware/CA7/optee-os-3.19.0-r2/optee-os-stm32mp-3.19.0-stm32mp-r2/../build/stm32mp157f-ev1/ldelf/ta_elf.o
 .rodata.__func__.19
                0x000049fb       0x14 /home/lubuntu/Dokument/GitHub/STM32-Computer/Firmware/STM32-Computer-Firmware/CA7/optee-os-3.19.0-r2/optee-os-stm32mp-3.19.0-stm32mp-r2/../build/stm32mp157f-ev1/ldelf/ta_elf.o
 .rodata.__func__.20
                0x00004a0f       0x16 /home/lubuntu/Dokument/GitHub/STM32-Computer/Firmware/STM32-Computer-Firmware/CA7/optee-os-3.19.0-r2/optee-os-stm32mp-3.19.0-stm32mp-r2/../build/stm32mp157f-ev1/ldelf/ta_elf.o
 .rodata.__func__.21
                0x00004a25       0x19 /home/lubuntu/Dokument/GitHub/STM32-Computer/Firmware/STM32-Computer-Firmware/CA7/optee-os-3.19.0-r2/optee-os-stm32mp-3.19.0-stm32mp-r2/../build/stm32mp157f-ev1/ldelf/ta_elf.o
 .rodata.__func__.22
                0x00004a3e       0x10 /home/lubuntu/Dokument/GitHub/STM32-Computer/Firmware/STM32-Computer-Firmware/CA7/optee-os-3.19.0-r2/optee-os-stm32mp-3.19.0-stm32mp-r2/../build/stm32mp157f-ev1/ldelf/ta_elf.o
 .rodata.__func__.23
                0x00004a4e        0xc /home/lubuntu/Dokument/GitHub/STM32-Computer/Firmware/STM32-Computer-Firmware/CA7/optee-os-3.19.0-r2/optee-os-stm32mp-3.19.0-stm32mp-r2/../build/stm32mp157f-ev1/ldelf/ta_elf.o
 .rodata.__func__.24
                0x00004a5a       0x12 /home/lubuntu/Dokument/GitHub/STM32-Computer/Firmware/STM32-Computer-Firmware/CA7/optee-os-3.19.0-r2/optee-os-stm32mp-3.19.0-stm32mp-r2/../build/stm32mp157f-ev1/ldelf/ta_elf.o
 .rodata.__func__.26
                0x00004a6c        0xd /home/lubuntu/Dokument/GitHub/STM32-Computer/Firmware/STM32-Computer-Firmware/CA7/optee-os-3.19.0-r2/optee-os-stm32mp-3.19.0-stm32mp-r2/../build/stm32mp157f-ev1/ldelf/ta_elf.o
 .rodata.__func__.27
                0x00004a79        0x9 /home/lubuntu/Dokument/GitHub/STM32-Computer/Firmware/STM32-Computer-Firmware/CA7/optee-os-3.19.0-r2/optee-os-stm32mp-3.19.0-stm32mp-r2/../build/stm32mp157f-ev1/ldelf/ta_elf.o
 .rodata.__func__.28
                0x00004a82       0x14 /home/lubuntu/Dokument/GitHub/STM32-Computer/Firmware/STM32-Computer-Firmware/CA7/optee-os-3.19.0-r2/optee-os-stm32mp-3.19.0-stm32mp-r2/../build/stm32mp157f-ev1/ldelf/ta_elf.o
 .rodata.__func__.29
                0x00004a96        0xf /home/lubuntu/Dokument/GitHub/STM32-Computer/Firmware/STM32-Computer-Firmware/CA7/optee-os-3.19.0-r2/optee-os-stm32mp-3.19.0-stm32mp-r2/../build/stm32mp157f-ev1/ldelf/ta_elf.o
 .rodata.__func__.30
                0x00004aa5       0x11 /home/lubuntu/Dokument/GitHub/STM32-Computer/Firmware/STM32-Computer-Firmware/CA7/optee-os-3.19.0-r2/optee-os-stm32mp-3.19.0-stm32mp-r2/../build/stm32mp157f-ev1/ldelf/ta_elf.o
 .rodata.__func__.31
                0x00004ab6       0x12 /home/lubuntu/Dokument/GitHub/STM32-Computer/Firmware/STM32-Computer-Firmware/CA7/optee-os-3.19.0-r2/optee-os-stm32mp-3.19.0-stm32mp-r2/../build/stm32mp157f-ev1/ldelf/ta_elf.o
 .rodata.__func__.32
                0x00004ac8        0xa /home/lubuntu/Dokument/GitHub/STM32-Computer/Firmware/STM32-Computer-Firmware/CA7/optee-os-3.19.0-r2/optee-os-stm32mp-3.19.0-stm32mp-r2/../build/stm32mp157f-ev1/ldelf/ta_elf.o
 .rodata.__func__.33
                0x00004ad2        0xa /home/lubuntu/Dokument/GitHub/STM32-Computer/Firmware/STM32-Computer-Firmware/CA7/optee-os-3.19.0-r2/optee-os-stm32mp-3.19.0-stm32mp-r2/../build/stm32mp157f-ev1/ldelf/ta_elf.o
 .rodata.__func__.34
                0x00004adc       0x11 /home/lubuntu/Dokument/GitHub/STM32-Computer/Firmware/STM32-Computer-Firmware/CA7/optee-os-3.19.0-r2/optee-os-stm32mp-3.19.0-stm32mp-r2/../build/stm32mp157f-ev1/ldelf/ta_elf.o
 .rodata.check_found_sym.str1.1
                0x00004aed       0x63 /home/lubuntu/Dokument/GitHub/STM32-Computer/Firmware/STM32-Computer-Firmware/CA7/optee-os-3.19.0-r2/optee-os-stm32mp-3.19.0-stm32mp-r2/../build/stm32mp157f-ev1/ldelf/ta_elf_rel.o
 .rodata.e32_get_sym_name.constprop.0.isra.0.str1.1
                0x00004b50       0x32 /home/lubuntu/Dokument/GitHub/STM32-Computer/Firmware/STM32-Computer-Firmware/CA7/optee-os-3.19.0-r2/optee-os-stm32mp-3.19.0-stm32mp-r2/../build/stm32mp157f-ev1/ldelf/ta_elf_rel.o
 .rodata.e32_process_dyn_rel.str1.1
                0x00004b82       0x14 /home/lubuntu/Dokument/GitHub/STM32-Computer/Firmware/STM32-Computer-Firmware/CA7/optee-os-3.19.0-r2/optee-os-stm32mp-3.19.0-stm32mp-r2/../build/stm32mp157f-ev1/ldelf/ta_elf_rel.o
 .rodata.ta_elf_relocate.str1.1
                0x00004b96      0x162 /home/lubuntu/Dokument/GitHub/STM32-Computer/Firmware/STM32-Computer-Firmware/CA7/optee-os-3.19.0-r2/optee-os-stm32mp-3.19.0-stm32mp-r2/../build/stm32mp157f-ev1/ldelf/ta_elf_rel.o
                                0x176 (size before relaxing)
 .rodata.__func__.0
                0x00004cf8        0xd /home/lubuntu/Dokument/GitHub/STM32-Computer/Firmware/STM32-Computer-Firmware/CA7/optee-os-3.19.0-r2/optee-os-stm32mp-3.19.0-stm32mp-r2/../build/stm32mp157f-ev1/ldelf/ta_elf_rel.o
 .rodata.__func__.1
                0x00004d05       0x13 /home/lubuntu/Dokument/GitHub/STM32-Computer/Firmware/STM32-Computer-Firmware/CA7/optee-os-3.19.0-r2/optee-os-stm32mp-3.19.0-stm32mp-r2/../build/stm32mp157f-ev1/ldelf/ta_elf_rel.o
 .rodata.__func__.2
                0x00004d18        0xc /home/lubuntu/Dokument/GitHub/STM32-Computer/Firmware/STM32-Computer-Firmware/CA7/optee-os-3.19.0-r2/optee-os-stm32mp-3.19.0-stm32mp-r2/../build/stm32mp157f-ev1/ldelf/ta_elf_rel.o
 .rodata.__func__.3
                0x00004d24       0x11 /home/lubuntu/Dokument/GitHub/STM32-Computer/Firmware/STM32-Computer-Firmware/CA7/optee-os-3.19.0-r2/optee-os-stm32mp-3.19.0-stm32mp-r2/../build/stm32mp157f-ev1/ldelf/ta_elf_rel.o
 .rodata.__func__.4
                0x00004d35        0xd /home/lubuntu/Dokument/GitHub/STM32-Computer/Firmware/STM32-Computer-Firmware/CA7/optee-os-3.19.0-r2/optee-os-stm32mp-3.19.0-stm32mp-r2/../build/stm32mp157f-ev1/ldelf/ta_elf_rel.o
 .rodata.__func__.5
                0x00004d42        0xc /home/lubuntu/Dokument/GitHub/STM32-Computer/Firmware/STM32-Computer-Firmware/CA7/optee-os-3.19.0-r2/optee-os-stm32mp-3.19.0-stm32mp-r2/../build/stm32mp157f-ev1/ldelf/ta_elf_rel.o
 .rodata.__func__.6
                0x00004d4e       0x10 /home/lubuntu/Dokument/GitHub/STM32-Computer/Firmware/STM32-Computer-Firmware/CA7/optee-os-3.19.0-r2/optee-os-stm32mp-3.19.0-stm32mp-r2/../build/stm32mp157f-ev1/ldelf/ta_elf_rel.o
 .rodata.__func__.7
                0x00004d5e       0x13 /home/lubuntu/Dokument/GitHub/STM32-Computer/Firmware/STM32-Computer-Firmware/CA7/optee-os-3.19.0-r2/optee-os-stm32mp-3.19.0-stm32mp-r2/../build/stm32mp157f-ev1/ldelf/ta_elf_rel.o
 .rodata._assert_log.str1.1
                0x00004d71       0x27 /home/lubuntu/Dokument/GitHub/STM32-Computer/Firmware/STM32-Computer-Firmware/CA7/optee-os-3.19.0-r2/optee-os-stm32mp-3.19.0-stm32mp-r2/../build/stm32mp157f-ev1/ldelf-lib/libutee/libutee.a(assert.o)
 .rodata.bget_buf_size.part.0.str1.1
                0x00004d98       0x2a /home/lubuntu/Dokument/GitHub/STM32-Computer/Firmware/STM32-Computer-Firmware/CA7/optee-os-3.19.0-r2/optee-os-stm32mp-3.19.0-stm32mp-r2/../build/stm32mp157f-ev1/ldelf-lib/libutils/libutils.a(bget_malloc.o)
 .rodata.bget.str1.1
                0x00004dc2      0x11e /home/lubuntu/Dokument/GitHub/STM32-Computer/Firmware/STM32-Computer-Firmware/CA7/optee-os-3.19.0-r2/optee-os-stm32mp-3.19.0-stm32mp-r2/../build/stm32mp157f-ev1/ldelf-lib/libutils/libutils.a(bget_malloc.o)
                                0x127 (size before relaxing)
 .rodata.bgetz.str1.1
                0x00004ee0        0xe /home/lubuntu/Dokument/GitHub/STM32-Computer/Firmware/STM32-Computer-Firmware/CA7/optee-os-3.19.0-r2/optee-os-stm32mp-3.19.0-stm32mp-r2/../build/stm32mp157f-ev1/ldelf-lib/libutils/libutils.a(bget_malloc.o)
 .rodata.brel.str1.1
                0x00004eee      0x11c /home/lubuntu/Dokument/GitHub/STM32-Computer/Firmware/STM32-Computer-Firmware/CA7/optee-os-3.19.0-r2/optee-os-stm32mp-3.19.0-stm32mp-r2/../build/stm32mp157f-ev1/ldelf-lib/libutils/libutils.a(bget_malloc.o)
 .rodata.bpool.str1.1
                0x0000500a       0x35 /home/lubuntu/Dokument/GitHub/STM32-Computer/Firmware/STM32-Computer-Firmware/CA7/optee-os-3.19.0-r2/optee-os-stm32mp-3.19.0-stm32mp-r2/../build/stm32mp157f-ev1/ldelf-lib/libutils/libutils.a(bget_malloc.o)
 .rodata.gen_malloc_add_pool.str1.1
                0x0000503f       0x35 /home/lubuntu/Dokument/GitHub/STM32-Computer/Firmware/STM32-Computer-Firmware/CA7/optee-os-3.19.0-r2/optee-os-stm32mp-3.19.0-stm32mp-r2/../build/stm32mp157f-ev1/ldelf-lib/libutils/libutils.a(bget_malloc.o)
                                  0x2 (size before relaxing)
 .rodata.__func__.1
                0x0000503f       0x14 /home/lubuntu/Dokument/GitHub/STM32-Computer/Firmware/STM32-Computer-Firmware/CA7/optee-os-3.19.0-r2/optee-os-stm32mp-3.19.0-stm32mp-r2/../build/stm32mp157f-ev1/ldelf-lib/libutils/libutils.a(bget_malloc.o)
 .rodata.__func__.2
                0x00005053        0xe /home/lubuntu/Dokument/GitHub/STM32-Computer/Firmware/STM32-Computer-Firmware/CA7/optee-os-3.19.0-r2/optee-os-stm32mp-3.19.0-stm32mp-r2/../build/stm32mp157f-ev1/ldelf-lib/libutils/libutils.a(bget_malloc.o)
 .rodata.__func__.4
                0x00005061        0x6 /home/lubuntu/Dokument/GitHub/STM32-Computer/Firmware/STM32-Computer-Firmware/CA7/optee-os-3.19.0-r2/optee-os-stm32mp-3.19.0-stm32mp-r2/../build/stm32mp157f-ev1/ldelf-lib/libutils/libutils.a(bget_malloc.o)
 .rodata.__func__.5
                0x00005067        0x5 /home/lubuntu/Dokument/GitHub/STM32-Computer/Firmware/STM32-Computer-Firmware/CA7/optee-os-3.19.0-r2/optee-os-stm32mp-3.19.0-stm32mp-r2/../build/stm32mp157f-ev1/ldelf-lib/libutils/libutils.a(bget_malloc.o)
 .rodata.__func__.7
                0x0000506c        0x6 /home/lubuntu/Dokument/GitHub/STM32-Computer/Firmware/STM32-Computer-Firmware/CA7/optee-os-3.19.0-r2/optee-os-stm32mp-3.19.0-stm32mp-r2/../build/stm32mp157f-ev1/ldelf-lib/libutils/libutils.a(bget_malloc.o)
 .rodata.__func__.8
                0x00005072        0x5 /home/lubuntu/Dokument/GitHub/STM32-Computer/Firmware/STM32-Computer-Firmware/CA7/optee-os-3.19.0-r2/optee-os-stm32mp-3.19.0-stm32mp-r2/../build/stm32mp157f-ev1/ldelf-lib/libutils/libutils.a(bget_malloc.o)
 .rodata.kprintf.constprop.0.str1.1
                0x00005077       0x38 /home/lubuntu/Dokument/GitHub/STM32-Computer/Firmware/STM32-Computer-Firmware/CA7/optee-os-3.19.0-r2/optee-os-stm32mp-3.19.0-stm32mp-r2/../build/stm32mp157f-ev1/ldelf-lib/libutils/libutils.a(snprintk.o)
 .rodata.HEXDIGITS
                0x000050af       0x11 /home/lubuntu/Dokument/GitHub/STM32-Computer/Firmware/STM32-Computer-Firmware/CA7/optee-os-3.19.0-r2/optee-os-stm32mp-3.19.0-stm32mp-r2/../build/stm32mp157f-ev1/ldelf-lib/libutils/libutils.a(snprintk.o)
 .rodata.hexdigits
                0x000050c0       0x11 /home/lubuntu/Dokument/GitHub/STM32-Computer/Firmware/STM32-Computer-Firmware/CA7/optee-os-3.19.0-r2/optee-os-stm32mp-3.19.0-stm32mp-r2/../build/stm32mp157f-ev1/ldelf-lib/libutils/libutils.a(snprintk.o)
 .rodata.trace_vprintf.str1.1
                0x000050d1       0x1a /home/lubuntu/Dokument/GitHub/STM32-Computer/Firmware/STM32-Computer-Firmware/CA7/optee-os-3.19.0-r2/optee-os-stm32mp-3.19.0-stm32mp-r2/../build/stm32mp157f-ev1/ldelf-lib/libutils/libutils.a(trace.o)
                                 0x1b (size before relaxing)
 .rodata.lvl_strs.0
                0x000050eb        0x5 /home/lubuntu/Dokument/GitHub/STM32-Computer/Firmware/STM32-Computer-Firmware/CA7/optee-os-3.19.0-r2/optee-os-stm32mp-3.19.0-stm32mp-r2/../build/stm32mp157f-ev1/ldelf-lib/libutils/libutils.a(trace.o)

.gnu.version_d  0x000050f0        0x0
 .gnu.version_d
                0x000050f0        0x0 /home/lubuntu/Dokument/GitHub/STM32-Computer/Firmware/STM32-Computer-Firmware/CA7/optee-os-3.19.0-r2/optee-os-stm32mp-3.19.0-stm32mp-r2/../build/stm32mp157f-ev1/ldelf/start_a32.o

.gnu.version    0x000050f0        0x0
 .gnu.version   0x000050f0        0x0 /home/lubuntu/Dokument/GitHub/STM32-Computer/Firmware/STM32-Computer-Firmware/CA7/optee-os-3.19.0-r2/optee-os-stm32mp-3.19.0-stm32mp-r2/../build/stm32mp157f-ev1/ldelf/start_a32.o

.gnu.version_r  0x000050f0        0x0
 .gnu.version_r
                0x000050f0        0x0 /home/lubuntu/Dokument/GitHub/STM32-Computer/Firmware/STM32-Computer-Firmware/CA7/optee-os-3.19.0-r2/optee-os-stm32mp-3.19.0-stm32mp-r2/../build/stm32mp157f-ev1/ldelf/start_a32.o

.gnu.hash       0x000050f0       0x18
 .gnu.hash      0x000050f0       0x18 /home/lubuntu/Dokument/GitHub/STM32-Computer/Firmware/STM32-Computer-Firmware/CA7/optee-os-3.19.0-r2/optee-os-stm32mp-3.19.0-stm32mp-r2/../build/stm32mp157f-ev1/ldelf/start_a32.o

.ARM.exidx
 *(SORT_BY_ALIGNMENT(.ARM.exidx*) SORT_BY_ALIGNMENT(.gnu.linkonce.armexidx.*))

.ARM.extab
 *(SORT_BY_ALIGNMENT(.ARM.extab*))

.ctors
 *(SORT_BY_ALIGNMENT(.ctors))

.dtors
 *(SORT_BY_ALIGNMENT(.dtors))

.dynsym         0x00005108       0x30
 *(SORT_BY_ALIGNMENT(.dynsym))
 .dynsym        0x00005108       0x30 /home/lubuntu/Dokument/GitHub/STM32-Computer/Firmware/STM32-Computer-Firmware/CA7/optee-os-3.19.0-r2/optee-os-stm32mp-3.19.0-stm32mp-r2/../build/stm32mp157f-ev1/ldelf/start_a32.o

.dynstr         0x00005138        0x1
 *(SORT_BY_ALIGNMENT(.dynstr))
 .dynstr        0x00005138        0x1 /home/lubuntu/Dokument/GitHub/STM32-Computer/Firmware/STM32-Computer-Firmware/CA7/optee-os-3.19.0-r2/optee-os-stm32mp-3.19.0-stm32mp-r2/../build/stm32mp157f-ev1/ldelf/start_a32.o

.hash           0x0000513c       0x18
 *(SORT_BY_ALIGNMENT(.hash))
 .hash          0x0000513c       0x18 /home/lubuntu/Dokument/GitHub/STM32-Computer/Firmware/STM32-Computer-Firmware/CA7/optee-os-3.19.0-r2/optee-os-stm32mp-3.19.0-stm32mp-r2/../build/stm32mp157f-ev1/ldelf/start_a32.o
                0x00005158                        . = ALIGN (0x8)
                0x00005158                        __reloc_begin = .

.rel.got        0x00005158       0x18
 *(SORT_BY_ALIGNMENT(.rel.got))
 .rel.got       0x00005158       0x18 /home/lubuntu/Dokument/GitHub/STM32-Computer/Firmware/STM32-Computer-Firmware/CA7/optee-os-3.19.0-r2/optee-os-stm32mp-3.19.0-stm32mp-r2/../build/stm32mp157f-ev1/ldelf/start_a32.o

.rela.got
 *(SORT_BY_ALIGNMENT(.rela.got))

.rel.text
 *(SORT_BY_ALIGNMENT(.rel.text))
 *(SORT_BY_ALIGNMENT(.rel.gnu.linkonce.t*))

.rela.text
 *(SORT_BY_ALIGNMENT(.rela.text))
 *(SORT_BY_ALIGNMENT(.rela.gnu.linkonce.t*))

.rel.data
 *(SORT_BY_ALIGNMENT(.rel.data))
 *(SORT_BY_ALIGNMENT(.rel.gnu.linkonce.d*))

.rela.data
 *(SORT_BY_ALIGNMENT(.rela.data))
 *(SORT_BY_ALIGNMENT(.rela.gnu.linkonce.d*))

.rel.rodata
 *(SORT_BY_ALIGNMENT(.rel.rodata))
 *(SORT_BY_ALIGNMENT(.rel.gnu.linkonce.r*))

.rela.rodata
 *(SORT_BY_ALIGNMENT(.rela.rodata))
 *(SORT_BY_ALIGNMENT(.rela.gnu.linkonce.r*))

.rel.dyn        0x00005170       0x18
 *(SORT_BY_ALIGNMENT(.rel.dyn))
 .rel.data.rel.ro
                0x00005170        0x0 /home/lubuntu/Dokument/GitHub/STM32-Computer/Firmware/STM32-Computer-Firmware/CA7/optee-os-3.19.0-r2/optee-os-stm32mp-3.19.0-stm32mp-r2/../build/stm32mp157f-ev1/ldelf/start_a32.o
 .rel.iplt      0x00005170        0x0 /home/lubuntu/Dokument/GitHub/STM32-Computer/Firmware/STM32-Computer-Firmware/CA7/optee-os-3.19.0-r2/optee-os-stm32mp-3.19.0-stm32mp-r2/../build/stm32mp157f-ev1/ldelf/start_a32.o
 .rel.text._ldelf_start
                0x00005170        0x0 /home/lubuntu/Dokument/GitHub/STM32-Computer/Firmware/STM32-Computer-Firmware/CA7/optee-os-3.19.0-r2/optee-os-stm32mp-3.19.0-stm32mp-r2/../build/stm32mp157f-ev1/ldelf/start_a32.o
 .rel.text.queue_elf_helper
                0x00005170        0x0 /home/lubuntu/Dokument/GitHub/STM32-Computer/Firmware/STM32-Computer-Firmware/CA7/optee-os-3.19.0-r2/optee-os-stm32mp-3.19.0-stm32mp-r2/../build/stm32mp157f-ev1/ldelf/start_a32.o
 .rel.text.ta_elf_find_elf
                0x00005170        0x0 /home/lubuntu/Dokument/GitHub/STM32-Computer/Firmware/STM32-Computer-Firmware/CA7/optee-os-3.19.0-r2/optee-os-stm32mp-3.19.0-stm32mp-r2/../build/stm32mp157f-ev1/ldelf/start_a32.o
 .rel.text.ta_elf_set_init_fini_info_compat
                0x00005170        0x0 /home/lubuntu/Dokument/GitHub/STM32-Computer/Firmware/STM32-Computer-Firmware/CA7/optee-os-3.19.0-r2/optee-os-stm32mp-3.19.0-stm32mp-r2/../build/stm32mp157f-ev1/ldelf/start_a32.o
 .rel.text.ta_elf_set_elf_phdr_info
                0x00005170        0x0 /home/lubuntu/Dokument/GitHub/STM32-Computer/Firmware/STM32-Computer-Firmware/CA7/optee-os-3.19.0-r2/optee-os-stm32mp-3.19.0-stm32mp-r2/../build/stm32mp157f-ev1/ldelf/start_a32.o
 .rel.text.ta_elf_finalize_load_main
                0x00005170        0x0 /home/lubuntu/Dokument/GitHub/STM32-Computer/Firmware/STM32-Computer-Firmware/CA7/optee-os-3.19.0-r2/optee-os-stm32mp-3.19.0-stm32mp-r2/../build/stm32mp157f-ev1/ldelf/start_a32.o
 .rel.text.ta_elf_add_library
                0x00005170        0x0 /home/lubuntu/Dokument/GitHub/STM32-Computer/Firmware/STM32-Computer-Firmware/CA7/optee-os-3.19.0-r2/optee-os-stm32mp-3.19.0-stm32mp-r2/../build/stm32mp157f-ev1/ldelf/start_a32.o
 .rel.data.rel.local.main_elf_queue
                0x00005170        0x8 /home/lubuntu/Dokument/GitHub/STM32-Computer/Firmware/STM32-Computer-Firmware/CA7/optee-os-3.19.0-r2/optee-os-stm32mp-3.19.0-stm32mp-r2/../build/stm32mp157f-ev1/ldelf/start_a32.o
 .rel.data.rel.local.malloc_ctx
                0x00005178       0x10 /home/lubuntu/Dokument/GitHub/STM32-Computer/Firmware/STM32-Computer-Firmware/CA7/optee-os-3.19.0-r2/optee-os-stm32mp-3.19.0-stm32mp-r2/../build/stm32mp157f-ev1/ldelf/start_a32.o

.rela.dyn
 *(SORT_BY_ALIGNMENT(.rela.dyn))

.rel.ctors
 *(SORT_BY_ALIGNMENT(.rel.ctors))

.rela.ctors
 *(SORT_BY_ALIGNMENT(.rela.ctors))

.rel.dtors
 *(SORT_BY_ALIGNMENT(.rel.dtors))

.rela.dtors
 *(SORT_BY_ALIGNMENT(.rela.dtors))

.rel.init
 *(SORT_BY_ALIGNMENT(.rel.init))

.rela.init
 *(SORT_BY_ALIGNMENT(.rela.init))

.rel.fini
 *(SORT_BY_ALIGNMENT(.rel.fini))

.rela.fini
 *(SORT_BY_ALIGNMENT(.rela.fini))

.rel.bss        0x00005188        0x0
 *(SORT_BY_ALIGNMENT(.rel.bss))
 .rel.bss       0x00005188        0x0 /home/lubuntu/Dokument/GitHub/STM32-Computer/Firmware/STM32-Computer-Firmware/CA7/optee-os-3.19.0-r2/optee-os-stm32mp-3.19.0-stm32mp-r2/../build/stm32mp157f-ev1/ldelf/start_a32.o

.rela.bss
 *(SORT_BY_ALIGNMENT(.rela.bss))

.rel.plt        0x00005188        0x0
 *(SORT_BY_ALIGNMENT(.rel.plt))
 .rel.plt       0x00005188        0x0 /home/lubuntu/Dokument/GitHub/STM32-Computer/Firmware/STM32-Computer-Firmware/CA7/optee-os-3.19.0-r2/optee-os-stm32mp-3.19.0-stm32mp-r2/../build/stm32mp157f-ev1/ldelf/start_a32.o

.rela.plt
 *(SORT_BY_ALIGNMENT(.rela.plt))
                0x00005188                        __reloc_end = .
                0x00006000                        . = ALIGN (0x1000)

.dynamic        0x00006000       0x88
 *(SORT_BY_ALIGNMENT(.dynamic))
 .dynamic       0x00006000       0x88 /home/lubuntu/Dokument/GitHub/STM32-Computer/Firmware/STM32-Computer-Firmware/CA7/optee-os-3.19.0-r2/optee-os-stm32mp-3.19.0-stm32mp-r2/../build/stm32mp157f-ev1/ldelf/start_a32.o
                0x00006000                _DYNAMIC

.got            0x00006088       0x18
 *(SORT_BY_ALIGNMENT(.got.plt))
 .got.plt       0x00006088        0xc /home/lubuntu/Dokument/GitHub/STM32-Computer/Firmware/STM32-Computer-Firmware/CA7/optee-os-3.19.0-r2/optee-os-stm32mp-3.19.0-stm32mp-r2/../build/stm32mp157f-ev1/ldelf/start_a32.o
                0x00006088                _GLOBAL_OFFSET_TABLE_
 *(SORT_BY_ALIGNMENT(.got))
 .got           0x00006094        0xc /home/lubuntu/Dokument/GitHub/STM32-Computer/Firmware/STM32-Computer-Firmware/CA7/optee-os-3.19.0-r2/optee-os-stm32mp-3.19.0-stm32mp-r2/../build/stm32mp157f-ev1/ldelf/start_a32.o

.data           0x000060a0       0x6c
 *(SORT_BY_ALIGNMENT(.data) SORT_BY_ALIGNMENT(.data.*) SORT_BY_ALIGNMENT(.gnu.linkonce.d.*))
 .data.trace_level
                0x000060a0        0x4 /home/lubuntu/Dokument/GitHub/STM32-Computer/Firmware/STM32-Computer-Firmware/CA7/optee-os-3.19.0-r2/optee-os-stm32mp-3.19.0-stm32mp-r2/../build/stm32mp157f-ev1/ldelf/sys.o
                0x000060a0                trace_level
 .data.last_tls_mod_id.25
                0x000060a4        0x4 /home/lubuntu/Dokument/GitHub/STM32-Computer/Firmware/STM32-Computer-Firmware/CA7/optee-os-3.19.0-r2/optee-os-stm32mp-3.19.0-stm32mp-r2/../build/stm32mp157f-ev1/ldelf/ta_elf.o
 .data.rel.local.main_elf_queue
                0x000060a8        0x8 /home/lubuntu/Dokument/GitHub/STM32-Computer/Firmware/STM32-Computer-Firmware/CA7/optee-os-3.19.0-r2/optee-os-stm32mp-3.19.0-stm32mp-r2/../build/stm32mp157f-ev1/ldelf/ta_elf.o
                0x000060a8                main_elf_queue
 .data.rel.local.malloc_ctx
                0x000060b0       0x5c /home/lubuntu/Dokument/GitHub/STM32-Computer/Firmware/STM32-Computer-Firmware/CA7/optee-os-3.19.0-r2/optee-os-stm32mp-3.19.0-stm32mp-r2/../build/stm32mp157f-ev1/ldelf-lib/libutils/libutils.a(bget_malloc.o)
 .data.rel.ro   0x0000610c        0x0 /home/lubuntu/Dokument/GitHub/STM32-Computer/Firmware/STM32-Computer-Firmware/CA7/optee-os-3.19.0-r2/optee-os-stm32mp-3.19.0-stm32mp-r2/../build/stm32mp157f-ev1/ldelf/start_a32.o

.igot.plt       0x0000610c        0x0
 .igot.plt      0x0000610c        0x0 /home/lubuntu/Dokument/GitHub/STM32-Computer/Firmware/STM32-Computer-Firmware/CA7/optee-os-3.19.0-r2/optee-os-stm32mp-3.19.0-stm32mp-r2/../build/stm32mp157f-ev1/ldelf/start_a32.o

.bss            0x0000610c        0x8
 *(SORT_BY_ALIGNMENT(.bss) SORT_BY_ALIGNMENT(.bss.*) SORT_BY_ALIGNMENT(.gnu.linkonce.b.*) SORT_BY_ALIGNMENT(COMMON))
 .bss.mpool_base
                0x0000610c        0x4 /home/lubuntu/Dokument/GitHub/STM32-Computer/Firmware/STM32-Computer-Firmware/CA7/optee-os-3.19.0-r2/optee-os-stm32mp-3.19.0-stm32mp-r2/../build/stm32mp157f-ev1/ldelf/main.o
 .bss.ta_stack  0x00006110        0x4 /home/lubuntu/Dokument/GitHub/STM32-Computer/Firmware/STM32-Computer-Firmware/CA7/optee-os-3.19.0-r2/optee-os-stm32mp-3.19.0-stm32mp-r2/../build/stm32mp157f-ev1/ldelf/ta_elf.o

.dynbss         0x00006114        0x0
 .dynbss        0x00006114        0x0 /home/lubuntu/Dokument/GitHub/STM32-Computer/Firmware/STM32-Computer-Firmware/CA7/optee-os-3.19.0-r2/optee-os-stm32mp-3.19.0-stm32mp-r2/../build/stm32mp157f-ev1/ldelf/start_a32.o

/DISCARD/
 *(SORT_BY_ALIGNMENT(.interp))
LOAD /home/lubuntu/Dokument/GitHub/STM32-Computer/Firmware/STM32-Computer-Firmware/CA7/optee-os-3.19.0-r2/optee-os-stm32mp-3.19.0-stm32mp-r2/../build/stm32mp157f-ev1/ldelf/start_a32.o
LOAD /home/lubuntu/Dokument/GitHub/STM32-Computer/Firmware/STM32-Computer-Firmware/CA7/optee-os-3.19.0-r2/optee-os-stm32mp-3.19.0-stm32mp-r2/../build/stm32mp157f-ev1/ldelf/syscalls_a32.o
LOAD /home/lubuntu/Dokument/GitHub/STM32-Computer/Firmware/STM32-Computer-Firmware/CA7/optee-os-3.19.0-r2/optee-os-stm32mp-3.19.0-stm32mp-r2/../build/stm32mp157f-ev1/ldelf/dl.o
LOAD /home/lubuntu/Dokument/GitHub/STM32-Computer/Firmware/STM32-Computer-Firmware/CA7/optee-os-3.19.0-r2/optee-os-stm32mp-3.19.0-stm32mp-r2/../build/stm32mp157f-ev1/ldelf/main.o
LOAD /home/lubuntu/Dokument/GitHub/STM32-Computer/Firmware/STM32-Computer-Firmware/CA7/optee-os-3.19.0-r2/optee-os-stm32mp-3.19.0-stm32mp-r2/../build/stm32mp157f-ev1/ldelf/sys.o
LOAD /home/lubuntu/Dokument/GitHub/STM32-Computer/Firmware/STM32-Computer-Firmware/CA7/optee-os-3.19.0-r2/optee-os-stm32mp-3.19.0-stm32mp-r2/../build/stm32mp157f-ev1/ldelf/ta_elf.o
LOAD /home/lubuntu/Dokument/GitHub/STM32-Computer/Firmware/STM32-Computer-Firmware/CA7/optee-os-3.19.0-r2/optee-os-stm32mp-3.19.0-stm32mp-r2/../build/stm32mp157f-ev1/ldelf/ta_elf_rel.o
START GROUP
LOAD /home/lubuntu/Dokument/GitHub/STM32-Computer/Firmware/STM32-Computer-Firmware/CA7/optee-os-3.19.0-r2/optee-os-stm32mp-3.19.0-stm32mp-r2/../build/stm32mp157f-ev1/ldelf-lib/libunw/libunw.a
LOAD /home/lubuntu/Dokument/GitHub/STM32-Computer/Firmware/STM32-Computer-Firmware/CA7/optee-os-3.19.0-r2/optee-os-stm32mp-3.19.0-stm32mp-r2/../build/stm32mp157f-ev1/ldelf-lib/libutee/libutee.a
LOAD /home/lubuntu/Dokument/GitHub/STM32-Computer/Firmware/STM32-Computer-Firmware/CA7/optee-os-3.19.0-r2/optee-os-stm32mp-3.19.0-stm32mp-r2/../build/stm32mp157f-ev1/ldelf-lib/libutils/libutils.a
END GROUP
LOAD /opt/STMicroelectronics/STM32MP1/SDK/4.2.4-openstlinux-6.1-yocto-mickledore-mpu-v24.06.26/sysroots/cortexa7t2hf-neon-vfpv4-ostl-linux-gnueabi/usr/lib/arm-ostl-linux-gnueabi/12.3.0/libgcc.a
OUTPUT(/home/lubuntu/Dokument/GitHub/STM32-Computer/Firmware/STM32-Computer-Firmware/CA7/optee-os-3.19.0-r2/optee-os-stm32mp-3.19.0-stm32mp-r2/../build/stm32mp157f-ev1/ldelf/ldelf.elf elf32-littlearm)
LOAD linker stubs

.ARM.attributes
                0x00000000       0x2f
 .ARM.attributes
                0x00000000       0x23 /home/lubuntu/Dokument/GitHub/STM32-Computer/Firmware/STM32-Computer-Firmware/CA7/optee-os-3.19.0-r2/optee-os-stm32mp-3.19.0-stm32mp-r2/../build/stm32mp157f-ev1/ldelf/start_a32.o
 .ARM.attributes
                0x00000023       0x23 /home/lubuntu/Dokument/GitHub/STM32-Computer/Firmware/STM32-Computer-Firmware/CA7/optee-os-3.19.0-r2/optee-os-stm32mp-3.19.0-stm32mp-r2/../build/stm32mp157f-ev1/ldelf/syscalls_a32.o
 .ARM.attributes
                0x00000046       0x33 /home/lubuntu/Dokument/GitHub/STM32-Computer/Firmware/STM32-Computer-Firmware/CA7/optee-os-3.19.0-r2/optee-os-stm32mp-3.19.0-stm32mp-r2/../build/stm32mp157f-ev1/ldelf/dl.o
 .ARM.attributes
                0x00000079       0x33 /home/lubuntu/Dokument/GitHub/STM32-Computer/Firmware/STM32-Computer-Firmware/CA7/optee-os-3.19.0-r2/optee-os-stm32mp-3.19.0-stm32mp-r2/../build/stm32mp157f-ev1/ldelf/main.o
 .ARM.attributes
                0x000000ac       0x33 /home/lubuntu/Dokument/GitHub/STM32-Computer/Firmware/STM32-Computer-Firmware/CA7/optee-os-3.19.0-r2/optee-os-stm32mp-3.19.0-stm32mp-r2/../build/stm32mp157f-ev1/ldelf/sys.o
 .ARM.attributes
                0x000000df       0x33 /home/lubuntu/Dokument/GitHub/STM32-Computer/Firmware/STM32-Computer-Firmware/CA7/optee-os-3.19.0-r2/optee-os-stm32mp-3.19.0-stm32mp-r2/../build/stm32mp157f-ev1/ldelf/ta_elf.o
 .ARM.attributes
                0x00000112       0x33 /home/lubuntu/Dokument/GitHub/STM32-Computer/Firmware/STM32-Computer-Firmware/CA7/optee-os-3.19.0-r2/optee-os-stm32mp-3.19.0-stm32mp-r2/../build/stm32mp157f-ev1/ldelf/ta_elf_rel.o
 .ARM.attributes
                0x00000145       0x33 /home/lubuntu/Dokument/GitHub/STM32-Computer/Firmware/STM32-Computer-Firmware/CA7/optee-os-3.19.0-r2/optee-os-stm32mp-3.19.0-stm32mp-r2/../build/stm32mp157f-ev1/ldelf-lib/libutee/libutee.a(assert.o)
 .ARM.attributes
                0x00000178       0x33 /home/lubuntu/Dokument/GitHub/STM32-Computer/Firmware/STM32-Computer-Firmware/CA7/optee-os-3.19.0-r2/optee-os-stm32mp-3.19.0-stm32mp-r2/../build/stm32mp157f-ev1/ldelf-lib/libutee/libutee.a(tee_uuid_from_str.o)
 .ARM.attributes
                0x000001ab       0x23 /home/lubuntu/Dokument/GitHub/STM32-Computer/Firmware/STM32-Computer-Firmware/CA7/optee-os-3.19.0-r2/optee-os-stm32mp-3.19.0-stm32mp-r2/../build/stm32mp157f-ev1/ldelf-lib/libutee/libutee.a(utee_syscalls_a32.o)
 .ARM.attributes
                0x000001ce       0x33 /home/lubuntu/Dokument/GitHub/STM32-Computer/Firmware/STM32-Computer-Firmware/CA7/optee-os-3.19.0-r2/optee-os-stm32mp-3.19.0-stm32mp-r2/../build/stm32mp157f-ev1/ldelf-lib/libutils/libutils.a(bget_malloc.o)
 .ARM.attributes
                0x00000201       0x33 /home/lubuntu/Dokument/GitHub/STM32-Computer/Firmware/STM32-Computer-Firmware/CA7/optee-os-3.19.0-r2/optee-os-stm32mp-3.19.0-stm32mp-r2/../build/stm32mp157f-ev1/ldelf-lib/libutils/libutils.a(isxdigit.o)
 .ARM.attributes
                0x00000234       0x33 /home/lubuntu/Dokument/GitHub/STM32-Computer/Firmware/STM32-Computer-Firmware/CA7/optee-os-3.19.0-r2/optee-os-stm32mp-3.19.0-stm32mp-r2/../build/stm32mp157f-ev1/ldelf-lib/libutils/libutils.a(snprintf.o)
 .ARM.attributes
                0x00000267       0x33 /home/lubuntu/Dokument/GitHub/STM32-Computer/Firmware/STM32-Computer-Firmware/CA7/optee-os-3.19.0-r2/optee-os-stm32mp-3.19.0-stm32mp-r2/../build/stm32mp157f-ev1/ldelf-lib/libutils/libutils.a(tolower.o)
 .ARM.attributes
                0x0000029a       0x33 /home/lubuntu/Dokument/GitHub/STM32-Computer/Firmware/STM32-Computer-Firmware/CA7/optee-os-3.19.0-r2/optee-os-stm32mp-3.19.0-stm32mp-r2/../build/stm32mp157f-ev1/ldelf-lib/libutils/libutils.a(memcmp.o)
 .ARM.attributes
                0x000002cd       0x33 /home/lubuntu/Dokument/GitHub/STM32-Computer/Firmware/STM32-Computer-Firmware/CA7/optee-os-3.19.0-r2/optee-os-stm32mp-3.19.0-stm32mp-r2/../build/stm32mp157f-ev1/ldelf-lib/libutils/libutils.a(memcpy.o)
 .ARM.attributes
                0x00000300       0x33 /home/lubuntu/Dokument/GitHub/STM32-Computer/Firmware/STM32-Computer-Firmware/CA7/optee-os-3.19.0-r2/optee-os-stm32mp-3.19.0-stm32mp-r2/../build/stm32mp157f-ev1/ldelf-lib/libutils/libutils.a(memset.o)
 .ARM.attributes
                0x00000333       0x33 /home/lubuntu/Dokument/GitHub/STM32-Computer/Firmware/STM32-Computer-Firmware/CA7/optee-os-3.19.0-r2/optee-os-stm32mp-3.19.0-stm32mp-r2/../build/stm32mp157f-ev1/ldelf-lib/libutils/libutils.a(strcmp.o)
 .ARM.attributes
                0x00000366       0x33 /home/lubuntu/Dokument/GitHub/STM32-Computer/Firmware/STM32-Computer-Firmware/CA7/optee-os-3.19.0-r2/optee-os-stm32mp-3.19.0-stm32mp-r2/../build/stm32mp157f-ev1/ldelf-lib/libutils/libutils.a(strcpy.o)
 .ARM.attributes
                0x00000399       0x33 /home/lubuntu/Dokument/GitHub/STM32-Computer/Firmware/STM32-Computer-Firmware/CA7/optee-os-3.19.0-r2/optee-os-stm32mp-3.19.0-stm32mp-r2/../build/stm32mp157f-ev1/ldelf-lib/libutils/libutils.a(strnlen.o)
 .ARM.attributes
                0x000003cc       0x23 /home/lubuntu/Dokument/GitHub/STM32-Computer/Firmware/STM32-Computer-Firmware/CA7/optee-os-3.19.0-r2/optee-os-stm32mp-3.19.0-stm32mp-r2/../build/stm32mp157f-ev1/ldelf-lib/libutils/libutils.a(arm32_aeabi_ldivmod_a32.o)
 .ARM.attributes
                0x000003ef       0x33 /home/lubuntu/Dokument/GitHub/STM32-Computer/Firmware/STM32-Computer-Firmware/CA7/optee-os-3.19.0-r2/optee-os-stm32mp-3.19.0-stm32mp-r2/../build/stm32mp157f-ev1/ldelf-lib/libutils/libutils.a(arm32_aeabi_ldivmod.o)
 .ARM.attributes
                0x00000422       0x33 /home/lubuntu/Dokument/GitHub/STM32-Computer/Firmware/STM32-Computer-Firmware/CA7/optee-os-3.19.0-r2/optee-os-stm32mp-3.19.0-stm32mp-r2/../build/stm32mp157f-ev1/ldelf-lib/libutils/libutils.a(snprintk.o)
 .ARM.attributes
                0x00000455       0x33 /home/lubuntu/Dokument/GitHub/STM32-Computer/Firmware/STM32-Computer-Firmware/CA7/optee-os-3.19.0-r2/optee-os-stm32mp-3.19.0-stm32mp-r2/../build/stm32mp157f-ev1/ldelf-lib/libutils/libutils.a(trace.o)
 .ARM.attributes
                0x00000488       0x33 /home/lubuntu/Dokument/GitHub/STM32-Computer/Firmware/STM32-Computer-Firmware/CA7/optee-os-3.19.0-r2/optee-os-stm32mp-3.19.0-stm32mp-r2/../build/stm32mp157f-ev1/ldelf-lib/libutils/libutils.a(memchr.o)
 .ARM.attributes
                0x000004bb       0x33 /home/lubuntu/Dokument/GitHub/STM32-Computer/Firmware/STM32-Computer-Firmware/CA7/optee-os-3.19.0-r2/optee-os-stm32mp-3.19.0-stm32mp-r2/../build/stm32mp157f-ev1/ldelf-lib/libutils/libutils.a(strlen.o)
 .ARM.attributes
                0x000004ee       0x33 /home/lubuntu/Dokument/GitHub/STM32-Computer/Firmware/STM32-Computer-Firmware/CA7/optee-os-3.19.0-r2/optee-os-stm32mp-3.19.0-stm32mp-r2/../build/stm32mp157f-ev1/ldelf-lib/libutee/libutee.a(trace_ext.o)

.comment        0x00000000       0x12
 .comment       0x00000000       0x12 /home/lubuntu/Dokument/GitHub/STM32-Computer/Firmware/STM32-Computer-Firmware/CA7/optee-os-3.19.0-r2/optee-os-stm32mp-3.19.0-stm32mp-r2/../build/stm32mp157f-ev1/ldelf/dl.o
                                 0x13 (size before relaxing)
 .comment       0x00000012       0x13 /home/lubuntu/Dokument/GitHub/STM32-Computer/Firmware/STM32-Computer-Firmware/CA7/optee-os-3.19.0-r2/optee-os-stm32mp-3.19.0-stm32mp-r2/../build/stm32mp157f-ev1/ldelf/main.o
 .comment       0x00000012       0x13 /home/lubuntu/Dokument/GitHub/STM32-Computer/Firmware/STM32-Computer-Firmware/CA7/optee-os-3.19.0-r2/optee-os-stm32mp-3.19.0-stm32mp-r2/../build/stm32mp157f-ev1/ldelf/sys.o
 .comment       0x00000012       0x13 /home/lubuntu/Dokument/GitHub/STM32-Computer/Firmware/STM32-Computer-Firmware/CA7/optee-os-3.19.0-r2/optee-os-stm32mp-3.19.0-stm32mp-r2/../build/stm32mp157f-ev1/ldelf/ta_elf.o
 .comment       0x00000012       0x13 /home/lubuntu/Dokument/GitHub/STM32-Computer/Firmware/STM32-Computer-Firmware/CA7/optee-os-3.19.0-r2/optee-os-stm32mp-3.19.0-stm32mp-r2/../build/stm32mp157f-ev1/ldelf/ta_elf_rel.o
 .comment       0x00000012       0x13 /home/lubuntu/Dokument/GitHub/STM32-Computer/Firmware/STM32-Computer-Firmware/CA7/optee-os-3.19.0-r2/optee-os-stm32mp-3.19.0-stm32mp-r2/../build/stm32mp157f-ev1/ldelf-lib/libutee/libutee.a(assert.o)
 .comment       0x00000012       0x13 /home/lubuntu/Dokument/GitHub/STM32-Computer/Firmware/STM32-Computer-Firmware/CA7/optee-os-3.19.0-r2/optee-os-stm32mp-3.19.0-stm32mp-r2/../build/stm32mp157f-ev1/ldelf-lib/libutee/libutee.a(tee_uuid_from_str.o)
 .comment       0x00000012       0x13 /home/lubuntu/Dokument/GitHub/STM32-Computer/Firmware/STM32-Computer-Firmware/CA7/optee-os-3.19.0-r2/optee-os-stm32mp-3.19.0-stm32mp-r2/../build/stm32mp157f-ev1/ldelf-lib/libutils/libutils.a(bget_malloc.o)
 .comment       0x00000012       0x13 /home/lubuntu/Dokument/GitHub/STM32-Computer/Firmware/STM32-Computer-Firmware/CA7/optee-os-3.19.0-r2/optee-os-stm32mp-3.19.0-stm32mp-r2/../build/stm32mp157f-ev1/ldelf-lib/libutils/libutils.a(isxdigit.o)
 .comment       0x00000012       0x13 /home/lubuntu/Dokument/GitHub/STM32-Computer/Firmware/STM32-Computer-Firmware/CA7/optee-os-3.19.0-r2/optee-os-stm32mp-3.19.0-stm32mp-r2/../build/stm32mp157f-ev1/ldelf-lib/libutils/libutils.a(snprintf.o)
 .comment       0x00000012       0x13 /home/lubuntu/Dokument/GitHub/STM32-Computer/Firmware/STM32-Computer-Firmware/CA7/optee-os-3.19.0-r2/optee-os-stm32mp-3.19.0-stm32mp-r2/../build/stm32mp157f-ev1/ldelf-lib/libutils/libutils.a(tolower.o)
 .comment       0x00000012       0x13 /home/lubuntu/Dokument/GitHub/STM32-Computer/Firmware/STM32-Computer-Firmware/CA7/optee-os-3.19.0-r2/optee-os-stm32mp-3.19.0-stm32mp-r2/../build/stm32mp157f-ev1/ldelf-lib/libutils/libutils.a(memcmp.o)
 .comment       0x00000012       0x13 /home/lubuntu/Dokument/GitHub/STM32-Computer/Firmware/STM32-Computer-Firmware/CA7/optee-os-3.19.0-r2/optee-os-stm32mp-3.19.0-stm32mp-r2/../build/stm32mp157f-ev1/ldelf-lib/libutils/libutils.a(memcpy.o)
 .comment       0x00000012       0x13 /home/lubuntu/Dokument/GitHub/STM32-Computer/Firmware/STM32-Computer-Firmware/CA7/optee-os-3.19.0-r2/optee-os-stm32mp-3.19.0-stm32mp-r2/../build/stm32mp157f-ev1/ldelf-lib/libutils/libutils.a(memset.o)
 .comment       0x00000012       0x13 /home/lubuntu/Dokument/GitHub/STM32-Computer/Firmware/STM32-Computer-Firmware/CA7/optee-os-3.19.0-r2/optee-os-stm32mp-3.19.0-stm32mp-r2/../build/stm32mp157f-ev1/ldelf-lib/libutils/libutils.a(strcmp.o)
 .comment       0x00000012       0x13 /home/lubuntu/Dokument/GitHub/STM32-Computer/Firmware/STM32-Computer-Firmware/CA7/optee-os-3.19.0-r2/optee-os-stm32mp-3.19.0-stm32mp-r2/../build/stm32mp157f-ev1/ldelf-lib/libutils/libutils.a(strcpy.o)
 .comment       0x00000012       0x13 /home/lubuntu/Dokument/GitHub/STM32-Computer/Firmware/STM32-Computer-Firmware/CA7/optee-os-3.19.0-r2/optee-os-stm32mp-3.19.0-stm32mp-r2/../build/stm32mp157f-ev1/ldelf-lib/libutils/libutils.a(strnlen.o)
 .comment       0x00000012       0x13 /home/lubuntu/Dokument/GitHub/STM32-Computer/Firmware/STM32-Computer-Firmware/CA7/optee-os-3.19.0-r2/optee-os-stm32mp-3.19.0-stm32mp-r2/../build/stm32mp157f-ev1/ldelf-lib/libutils/libutils.a(arm32_aeabi_ldivmod.o)
 .comment       0x00000012       0x13 /home/lubuntu/Dokument/GitHub/STM32-Computer/Firmware/STM32-Computer-Firmware/CA7/optee-os-3.19.0-r2/optee-os-stm32mp-3.19.0-stm32mp-r2/../build/stm32mp157f-ev1/ldelf-lib/libutils/libutils.a(snprintk.o)
 .comment       0x00000012       0x13 /home/lubuntu/Dokument/GitHub/STM32-Computer/Firmware/STM32-Computer-Firmware/CA7/optee-os-3.19.0-r2/optee-os-stm32mp-3.19.0-stm32mp-r2/../build/stm32mp157f-ev1/ldelf-lib/libutils/libutils.a(trace.o)
 .comment       0x00000012       0x13 /home/lubuntu/Dokument/GitHub/STM32-Computer/Firmware/STM32-Computer-Firmware/CA7/optee-os-3.19.0-r2/optee-os-stm32mp-3.19.0-stm32mp-r2/../build/stm32mp157f-ev1/ldelf-lib/libutils/libutils.a(memchr.o)
 .comment       0x00000012       0x13 /home/lubuntu/Dokument/GitHub/STM32-Computer/Firmware/STM32-Computer-Firmware/CA7/optee-os-3.19.0-r2/optee-os-stm32mp-3.19.0-stm32mp-r2/../build/stm32mp157f-ev1/ldelf-lib/libutils/libutils.a(strlen.o)
 .comment       0x00000012       0x13 /home/lubuntu/Dokument/GitHub/STM32-Computer/Firmware/STM32-Computer-Firmware/CA7/optee-os-3.19.0-r2/optee-os-stm32mp-3.19.0-stm32mp-r2/../build/stm32mp157f-ev1/ldelf-lib/libutee/libutee.a(trace_ext.o)

.note.GNU-stack
                0x00000000        0x0
 .note.GNU-stack
                0x00000000        0x0 /home/lubuntu/Dokument/GitHub/STM32-Computer/Firmware/STM32-Computer-Firmware/CA7/optee-os-3.19.0-r2/optee-os-stm32mp-3.19.0-stm32mp-r2/../build/stm32mp157f-ev1/ldelf/dl.o
 .note.GNU-stack
                0x00000000        0x0 /home/lubuntu/Dokument/GitHub/STM32-Computer/Firmware/STM32-Computer-Firmware/CA7/optee-os-3.19.0-r2/optee-os-stm32mp-3.19.0-stm32mp-r2/../build/stm32mp157f-ev1/ldelf/main.o
 .note.GNU-stack
                0x00000000        0x0 /home/lubuntu/Dokument/GitHub/STM32-Computer/Firmware/STM32-Computer-Firmware/CA7/optee-os-3.19.0-r2/optee-os-stm32mp-3.19.0-stm32mp-r2/../build/stm32mp157f-ev1/ldelf/sys.o
 .note.GNU-stack
                0x00000000        0x0 /home/lubuntu/Dokument/GitHub/STM32-Computer/Firmware/STM32-Computer-Firmware/CA7/optee-os-3.19.0-r2/optee-os-stm32mp-3.19.0-stm32mp-r2/../build/stm32mp157f-ev1/ldelf/ta_elf.o
 .note.GNU-stack
                0x00000000        0x0 /home/lubuntu/Dokument/GitHub/STM32-Computer/Firmware/STM32-Computer-Firmware/CA7/optee-os-3.19.0-r2/optee-os-stm32mp-3.19.0-stm32mp-r2/../build/stm32mp157f-ev1/ldelf/ta_elf_rel.o
 .note.GNU-stack
                0x00000000        0x0 /home/lubuntu/Dokument/GitHub/STM32-Computer/Firmware/STM32-Computer-Firmware/CA7/optee-os-3.19.0-r2/optee-os-stm32mp-3.19.0-stm32mp-r2/../build/stm32mp157f-ev1/ldelf-lib/libutee/libutee.a(assert.o)
 .note.GNU-stack
                0x00000000        0x0 /home/lubuntu/Dokument/GitHub/STM32-Computer/Firmware/STM32-Computer-Firmware/CA7/optee-os-3.19.0-r2/optee-os-stm32mp-3.19.0-stm32mp-r2/../build/stm32mp157f-ev1/ldelf-lib/libutee/libutee.a(tee_uuid_from_str.o)
 .note.GNU-stack
                0x00000000        0x0 /home/lubuntu/Dokument/GitHub/STM32-Computer/Firmware/STM32-Computer-Firmware/CA7/optee-os-3.19.0-r2/optee-os-stm32mp-3.19.0-stm32mp-r2/../build/stm32mp157f-ev1/ldelf-lib/libutee/libutee.a(utee_syscalls_a32.o)
 .note.GNU-stack
                0x00000000        0x0 /home/lubuntu/Dokument/GitHub/STM32-Computer/Firmware/STM32-Computer-Firmware/CA7/optee-os-3.19.0-r2/optee-os-stm32mp-3.19.0-stm32mp-r2/../build/stm32mp157f-ev1/ldelf-lib/libutils/libutils.a(bget_malloc.o)
 .note.GNU-stack
                0x00000000        0x0 /home/lubuntu/Dokument/GitHub/STM32-Computer/Firmware/STM32-Computer-Firmware/CA7/optee-os-3.19.0-r2/optee-os-stm32mp-3.19.0-stm32mp-r2/../build/stm32mp157f-ev1/ldelf-lib/libutils/libutils.a(isxdigit.o)
 .note.GNU-stack
                0x00000000        0x0 /home/lubuntu/Dokument/GitHub/STM32-Computer/Firmware/STM32-Computer-Firmware/CA7/optee-os-3.19.0-r2/optee-os-stm32mp-3.19.0-stm32mp-r2/../build/stm32mp157f-ev1/ldelf-lib/libutils/libutils.a(snprintf.o)
 .note.GNU-stack
                0x00000000        0x0 /home/lubuntu/Dokument/GitHub/STM32-Computer/Firmware/STM32-Computer-Firmware/CA7/optee-os-3.19.0-r2/optee-os-stm32mp-3.19.0-stm32mp-r2/../build/stm32mp157f-ev1/ldelf-lib/libutils/libutils.a(tolower.o)
 .note.GNU-stack
                0x00000000        0x0 /home/lubuntu/Dokument/GitHub/STM32-Computer/Firmware/STM32-Computer-Firmware/CA7/optee-os-3.19.0-r2/optee-os-stm32mp-3.19.0-stm32mp-r2/../build/stm32mp157f-ev1/ldelf-lib/libutils/libutils.a(memcmp.o)
 .note.GNU-stack
                0x00000000        0x0 /home/lubuntu/Dokument/GitHub/STM32-Computer/Firmware/STM32-Computer-Firmware/CA7/optee-os-3.19.0-r2/optee-os-stm32mp-3.19.0-stm32mp-r2/../build/stm32mp157f-ev1/ldelf-lib/libutils/libutils.a(memcpy.o)
 .note.GNU-stack
                0x00000000        0x0 /home/lubuntu/Dokument/GitHub/STM32-Computer/Firmware/STM32-Computer-Firmware/CA7/optee-os-3.19.0-r2/optee-os-stm32mp-3.19.0-stm32mp-r2/../build/stm32mp157f-ev1/ldelf-lib/libutils/libutils.a(memset.o)
 .note.GNU-stack
                0x00000000        0x0 /home/lubuntu/Dokument/GitHub/STM32-Computer/Firmware/STM32-Computer-Firmware/CA7/optee-os-3.19.0-r2/optee-os-stm32mp-3.19.0-stm32mp-r2/../build/stm32mp157f-ev1/ldelf-lib/libutils/libutils.a(strcmp.o)
 .note.GNU-stack
                0x00000000        0x0 /home/lubuntu/Dokument/GitHub/STM32-Computer/Firmware/STM32-Computer-Firmware/CA7/optee-os-3.19.0-r2/optee-os-stm32mp-3.19.0-stm32mp-r2/../build/stm32mp157f-ev1/ldelf-lib/libutils/libutils.a(strcpy.o)
 .note.GNU-stack
                0x00000000        0x0 /home/lubuntu/Dokument/GitHub/STM32-Computer/Firmware/STM32-Computer-Firmware/CA7/optee-os-3.19.0-r2/optee-os-stm32mp-3.19.0-stm32mp-r2/../build/stm32mp157f-ev1/ldelf-lib/libutils/libutils.a(strnlen.o)
 .note.GNU-stack
                0x00000000        0x0 /home/lubuntu/Dokument/GitHub/STM32-Computer/Firmware/STM32-Computer-Firmware/CA7/optee-os-3.19.0-r2/optee-os-stm32mp-3.19.0-stm32mp-r2/../build/stm32mp157f-ev1/ldelf-lib/libutils/libutils.a(arm32_aeabi_ldivmod_a32.o)
 .note.GNU-stack
                0x00000000        0x0 /home/lubuntu/Dokument/GitHub/STM32-Computer/Firmware/STM32-Computer-Firmware/CA7/optee-os-3.19.0-r2/optee-os-stm32mp-3.19.0-stm32mp-r2/../build/stm32mp157f-ev1/ldelf-lib/libutils/libutils.a(arm32_aeabi_ldivmod.o)
 .note.GNU-stack
                0x00000000        0x0 /home/lubuntu/Dokument/GitHub/STM32-Computer/Firmware/STM32-Computer-Firmware/CA7/optee-os-3.19.0-r2/optee-os-stm32mp-3.19.0-stm32mp-r2/../build/stm32mp157f-ev1/ldelf-lib/libutils/libutils.a(snprintk.o)
 .note.GNU-stack
                0x00000000        0x0 /home/lubuntu/Dokument/GitHub/STM32-Computer/Firmware/STM32-Computer-Firmware/CA7/optee-os-3.19.0-r2/optee-os-stm32mp-3.19.0-stm32mp-r2/../build/stm32mp157f-ev1/ldelf-lib/libutils/libutils.a(trace.o)
 .note.GNU-stack
                0x00000000        0x0 /home/lubuntu/Dokument/GitHub/STM32-Computer/Firmware/STM32-Computer-Firmware/CA7/optee-os-3.19.0-r2/optee-os-stm32mp-3.19.0-stm32mp-r2/../build/stm32mp157f-ev1/ldelf-lib/libutils/libutils.a(memchr.o)
 .note.GNU-stack
                0x00000000        0x0 /home/lubuntu/Dokument/GitHub/STM32-Computer/Firmware/STM32-Computer-Firmware/CA7/optee-os-3.19.0-r2/optee-os-stm32mp-3.19.0-stm32mp-r2/../build/stm32mp157f-ev1/ldelf-lib/libutils/libutils.a(strlen.o)
 .note.GNU-stack
                0x00000000        0x0 /home/lubuntu/Dokument/GitHub/STM32-Computer/Firmware/STM32-Computer-Firmware/CA7/optee-os-3.19.0-r2/optee-os-stm32mp-3.19.0-stm32mp-r2/../build/stm32mp157f-ev1/ldelf-lib/libutee/libutee.a(trace_ext.o)

.debug_line     0x00000000     0x90c5
 .debug_line    0x00000000       0x5f /home/lubuntu/Dokument/GitHub/STM32-Computer/Firmware/STM32-Computer-Firmware/CA7/optee-os-3.19.0-r2/optee-os-stm32mp-3.19.0-stm32mp-r2/../build/stm32mp157f-ev1/ldelf/start_a32.o
 .debug_line    0x0000005f      0x11c /home/lubuntu/Dokument/GitHub/STM32-Computer/Firmware/STM32-Computer-Firmware/CA7/optee-os-3.19.0-r2/optee-os-stm32mp-3.19.0-stm32mp-r2/../build/stm32mp157f-ev1/ldelf/syscalls_a32.o
 .debug_line    0x0000017b      0x3c4 /home/lubuntu/Dokument/GitHub/STM32-Computer/Firmware/STM32-Computer-Firmware/CA7/optee-os-3.19.0-r2/optee-os-stm32mp-3.19.0-stm32mp-r2/../build/stm32mp157f-ev1/ldelf/dl.o
 .debug_line    0x0000053f      0x518 /home/lubuntu/Dokument/GitHub/STM32-Computer/Firmware/STM32-Computer-Firmware/CA7/optee-os-3.19.0-r2/optee-os-stm32mp-3.19.0-stm32mp-r2/../build/stm32mp157f-ev1/ldelf/main.o
 .debug_line    0x00000a57      0x46d /home/lubuntu/Dokument/GitHub/STM32-Computer/Firmware/STM32-Computer-Firmware/CA7/optee-os-3.19.0-r2/optee-os-stm32mp-3.19.0-stm32mp-r2/../build/stm32mp157f-ev1/ldelf/sys.o
 .debug_line    0x00000ec4     0x2677 /home/lubuntu/Dokument/GitHub/STM32-Computer/Firmware/STM32-Computer-Firmware/CA7/optee-os-3.19.0-r2/optee-os-stm32mp-3.19.0-stm32mp-r2/../build/stm32mp157f-ev1/ldelf/ta_elf.o
 .debug_line    0x0000353b      0xcdc /home/lubuntu/Dokument/GitHub/STM32-Computer/Firmware/STM32-Computer-Firmware/CA7/optee-os-3.19.0-r2/optee-os-stm32mp-3.19.0-stm32mp-r2/../build/stm32mp157f-ev1/ldelf/ta_elf_rel.o
 .debug_line    0x00004217      0x391 /home/lubuntu/Dokument/GitHub/STM32-Computer/Firmware/STM32-Computer-Firmware/CA7/optee-os-3.19.0-r2/optee-os-stm32mp-3.19.0-stm32mp-r2/../build/stm32mp157f-ev1/ldelf-lib/libutee/libutee.a(assert.o)
 .debug_line    0x000045a8      0x4f8 /home/lubuntu/Dokument/GitHub/STM32-Computer/Firmware/STM32-Computer-Firmware/CA7/optee-os-3.19.0-r2/optee-os-stm32mp-3.19.0-stm32mp-r2/../build/stm32mp157f-ev1/ldelf-lib/libutee/libutee.a(tee_uuid_from_str.o)
 .debug_line    0x00004aa0      0x425 /home/lubuntu/Dokument/GitHub/STM32-Computer/Firmware/STM32-Computer-Firmware/CA7/optee-os-3.19.0-r2/optee-os-stm32mp-3.19.0-stm32mp-r2/../build/stm32mp157f-ev1/ldelf-lib/libutee/libutee.a(utee_syscalls_a32.o)
 .debug_line    0x00004ec5     0x1208 /home/lubuntu/Dokument/GitHub/STM32-Computer/Firmware/STM32-Computer-Firmware/CA7/optee-os-3.19.0-r2/optee-os-stm32mp-3.19.0-stm32mp-r2/../build/stm32mp157f-ev1/ldelf-lib/libutils/libutils.a(bget_malloc.o)
 .debug_line    0x000060cd      0x147 /home/lubuntu/Dokument/GitHub/STM32-Computer/Firmware/STM32-Computer-Firmware/CA7/optee-os-3.19.0-r2/optee-os-stm32mp-3.19.0-stm32mp-r2/../build/stm32mp157f-ev1/ldelf-lib/libutils/libutils.a(isxdigit.o)
 .debug_line    0x00006214      0x28d /home/lubuntu/Dokument/GitHub/STM32-Computer/Firmware/STM32-Computer-Firmware/CA7/optee-os-3.19.0-r2/optee-os-stm32mp-3.19.0-stm32mp-r2/../build/stm32mp157f-ev1/ldelf-lib/libutils/libutils.a(snprintf.o)
 .debug_line    0x000064a1      0x142 /home/lubuntu/Dokument/GitHub/STM32-Computer/Firmware/STM32-Computer-Firmware/CA7/optee-os-3.19.0-r2/optee-os-stm32mp-3.19.0-stm32mp-r2/../build/stm32mp157f-ev1/ldelf-lib/libutils/libutils.a(tolower.o)
 .debug_line    0x000065e3      0x276 /home/lubuntu/Dokument/GitHub/STM32-Computer/Firmware/STM32-Computer-Firmware/CA7/optee-os-3.19.0-r2/optee-os-stm32mp-3.19.0-stm32mp-r2/../build/stm32mp157f-ev1/ldelf-lib/libutils/libutils.a(memcmp.o)
 .debug_line    0x00006859      0x32c /home/lubuntu/Dokument/GitHub/STM32-Computer/Firmware/STM32-Computer-Firmware/CA7/optee-os-3.19.0-r2/optee-os-stm32mp-3.19.0-stm32mp-r2/../build/stm32mp157f-ev1/ldelf-lib/libutils/libutils.a(memcpy.o)
 .debug_line    0x00006b85      0x25b /home/lubuntu/Dokument/GitHub/STM32-Computer/Firmware/STM32-Computer-Firmware/CA7/optee-os-3.19.0-r2/optee-os-stm32mp-3.19.0-stm32mp-r2/../build/stm32mp157f-ev1/ldelf-lib/libutils/libutils.a(memset.o)
 .debug_line    0x00006de0      0x264 /home/lubuntu/Dokument/GitHub/STM32-Computer/Firmware/STM32-Computer-Firmware/CA7/optee-os-3.19.0-r2/optee-os-stm32mp-3.19.0-stm32mp-r2/../build/stm32mp157f-ev1/ldelf-lib/libutils/libutils.a(strcmp.o)
 .debug_line    0x00007044      0x270 /home/lubuntu/Dokument/GitHub/STM32-Computer/Firmware/STM32-Computer-Firmware/CA7/optee-os-3.19.0-r2/optee-os-stm32mp-3.19.0-stm32mp-r2/../build/stm32mp157f-ev1/ldelf-lib/libutils/libutils.a(strcpy.o)
 .debug_line    0x000072b4      0x25e /home/lubuntu/Dokument/GitHub/STM32-Computer/Firmware/STM32-Computer-Firmware/CA7/optee-os-3.19.0-r2/optee-os-stm32mp-3.19.0-stm32mp-r2/../build/stm32mp157f-ev1/ldelf-lib/libutils/libutils.a(strnlen.o)
 .debug_line    0x00007512       0x62 /home/lubuntu/Dokument/GitHub/STM32-Computer/Firmware/STM32-Computer-Firmware/CA7/optee-os-3.19.0-r2/optee-os-stm32mp-3.19.0-stm32mp-r2/../build/stm32mp157f-ev1/ldelf-lib/libutils/libutils.a(arm32_aeabi_ldivmod_a32.o)
 .debug_line    0x00007574      0x2da /home/lubuntu/Dokument/GitHub/STM32-Computer/Firmware/STM32-Computer-Firmware/CA7/optee-os-3.19.0-r2/optee-os-stm32mp-3.19.0-stm32mp-r2/../build/stm32mp157f-ev1/ldelf-lib/libutils/libutils.a(arm32_aeabi_ldivmod.o)
 .debug_line    0x0000784e      0xa7e /home/lubuntu/Dokument/GitHub/STM32-Computer/Firmware/STM32-Computer-Firmware/CA7/optee-os-3.19.0-r2/optee-os-stm32mp-3.19.0-stm32mp-r2/../build/stm32mp157f-ev1/ldelf-lib/libutils/libutils.a(snprintk.o)
 .debug_line    0x000082cc      0x4db /home/lubuntu/Dokument/GitHub/STM32-Computer/Firmware/STM32-Computer-Firmware/CA7/optee-os-3.19.0-r2/optee-os-stm32mp-3.19.0-stm32mp-r2/../build/stm32mp157f-ev1/ldelf-lib/libutils/libutils.a(trace.o)
 .debug_line    0x000087a7      0x26f /home/lubuntu/Dokument/GitHub/STM32-Computer/Firmware/STM32-Computer-Firmware/CA7/optee-os-3.19.0-r2/optee-os-stm32mp-3.19.0-stm32mp-r2/../build/stm32mp157f-ev1/ldelf-lib/libutils/libutils.a(memchr.o)
 .debug_line    0x00008a16      0x259 /home/lubuntu/Dokument/GitHub/STM32-Computer/Firmware/STM32-Computer-Firmware/CA7/optee-os-3.19.0-r2/optee-os-stm32mp-3.19.0-stm32mp-r2/../build/stm32mp157f-ev1/ldelf-lib/libutils/libutils.a(strlen.o)