Archive member included to satisfy reference by file (symbol)

/home/lubuntu/Dokument/GitHub/STM32-Computer/Firmware/STM32-Computer-Firmware/CA7/optee-os-3.19.0-r2/optee-os-stm32mp-3.19.0-stm32mp-r2/../build/stm32mp135f-dk/export-ta_arm32/lib/libutils.a(snprintf.o)
                              /home/lubuntu/Dokument/GitHub/STM32-Computer/Firmware/STM32-Computer-Firmware/CA7/optee-os-3.19.0-r2/optee-os-stm32mp-3.19.0-stm32mp-r2/../build/stm32mp135f-dk/ta/pkcs11/src/persistent_token.o (snprintf)
/home/lubuntu/Dokument/GitHub/STM32-Computer/Firmware/STM32-Computer-Firmware/CA7/optee-os-3.19.0-r2/optee-os-stm32mp-3.19.0-stm32mp-r2/../build/stm32mp135f-dk/export-ta_arm32/lib/libutils.a(memcpy.o)
                              /home/lubuntu/Dokument/GitHub/STM32-Computer/Firmware/STM32-Computer-Firmware/CA7/optee-os-3.19.0-r2/optee-os-stm32mp-3.19.0-stm32mp-r2/../build/stm32mp135f-dk/ta/pkcs11/src/pkcs11_token.o (memcpy)
/home/lubuntu/Dokument/GitHub/STM32-Computer/Firmware/STM32-Computer-Firmware/CA7/optee-os-3.19.0-r2/optee-os-stm32mp-3.19.0-stm32mp-r2/../build/stm32mp135f-dk/export-ta_arm32/lib/libutils.a(memset.o)
                              /home/lubuntu/Dokument/GitHub/STM32-Computer/Firmware/STM32-Computer-Firmware/CA7/optee-os-3.19.0-r2/optee-os-stm32mp-3.19.0-stm32mp-r2/../build/stm32mp135f-dk/ta/pkcs11/src/persistent_token.o (memset)
/home/lubuntu/Dokument/GitHub/STM32-Computer/Firmware/STM32-Computer-Firmware/CA7/optee-os-3.19.0-r2/optee-os-stm32mp-3.19.0-stm32mp-r2/../build/stm32mp135f-dk/export-ta_arm32/lib/libutils.a(strchr.o)
                              /home/lubuntu/Dokument/GitHub/STM32-Computer/Firmware/STM32-Computer-Firmware/CA7/optee-os-3.19.0-r2/optee-os-stm32mp-3.19.0-stm32mp-r2/../build/stm32mp135f-dk/ta/pkcs11/src/persistent_token.o (strchr)
/home/lubuntu/Dokument/GitHub/STM32-Computer/Firmware/STM32-Computer-Firmware/CA7/optee-os-3.19.0-r2/optee-os-stm32mp-3.19.0-stm32mp-r2/../build/stm32mp135f-dk/export-ta_arm32/lib/libutils.a(strcmp.o)
                              /home/lubuntu/Dokument/GitHub/STM32-Computer/Firmware/STM32-Computer-Firmware/CA7/optee-os-3.19.0-r2/optee-os-stm32mp-3.19.0-stm32mp-r2/../build/stm32mp135f-dk/ta/pkcs11/src/persistent_token.o (strcmp)
/home/lubuntu/Dokument/GitHub/STM32-Computer/Firmware/STM32-Computer-Firmware/CA7/optee-os-3.19.0-r2/optee-os-stm32mp-3.19.0-stm32mp-r2/../build/stm32mp135f-dk/export-ta_arm32/lib/libutils.a(strcpy.o)
                              /home/lubuntu/Dokument/GitHub/STM32-Computer/Firmware/STM32-Computer-Firmware/CA7/optee-os-3.19.0-r2/optee-os-stm32mp-3.19.0-stm32mp-r2/../build/stm32mp135f-dk/ta/pkcs11/src/pkcs11_token.o (strcpy)
/home/lubuntu/Dokument/GitHub/STM32-Computer/Firmware/STM32-Computer-Firmware/CA7/optee-os-3.19.0-r2/optee-os-stm32mp-3.19.0-stm32mp-r2/../build/stm32mp135f-dk/export-ta_arm32/lib/libutils.a(strlen.o)
                              /home/lubuntu/Dokument/GitHub/STM32-Computer/Firmware/STM32-Computer-Firmware/CA7/optee-os-3.19.0-r2/optee-os-stm32mp-3.19.0-stm32mp-r2/../build/stm32mp135f-dk/ta/pkcs11/src/attributes.o (strlen)
/home/lubuntu/Dokument/GitHub/STM32-Computer/Firmware/STM32-Computer-Firmware/CA7/optee-os-3.19.0-r2/optee-os-stm32mp-3.19.0-stm32mp-r2/../build/stm32mp135f-dk/export-ta_arm32/lib/libutils.a(strnlen.o)
                              /home/lubuntu/Dokument/GitHub/STM32-Computer/Firmware/STM32-Computer-Firmware/CA7/optee-os-3.19.0-r2/optee-os-stm32mp-3.19.0-stm32mp-r2/../build/stm32mp135f-dk/ta/pkcs11/src/pkcs11_token.o (strnlen)
/home/lubuntu/Dokument/GitHub/STM32-Computer/Firmware/STM32-Computer-Firmware/CA7/optee-os-3.19.0-r2/optee-os-stm32mp-3.19.0-stm32mp-r2/../build/stm32mp135f-dk/export-ta_arm32/lib/libutils.a(strstr.o)
                              /home/lubuntu/Dokument/GitHub/STM32-Computer/Firmware/STM32-Computer-Firmware/CA7/optee-os-3.19.0-r2/optee-os-stm32mp-3.19.0-stm32mp-r2/../build/stm32mp135f-dk/ta/pkcs11/src/persistent_token.o (strstr)
/home/lubuntu/Dokument/GitHub/STM32-Computer/Firmware/STM32-Computer-Firmware/CA7/optee-os-3.19.0-r2/optee-os-stm32mp-3.19.0-stm32mp-r2/../build/stm32mp135f-dk/export-ta_arm32/lib/libutils.a(snprintk.o)
                              /home/lubuntu/Dokument/GitHub/STM32-Computer/Firmware/STM32-Computer-Firmware/CA7/optee-os-3.19.0-r2/optee-os-stm32mp-3.19.0-stm32mp-r2/../build/stm32mp135f-dk/export-ta_arm32/lib/libutils.a(snprintf.o) (__vsnprintf)
/home/lubuntu/Dokument/GitHub/STM32-Computer/Firmware/STM32-Computer-Firmware/CA7/optee-os-3.19.0-r2/optee-os-stm32mp-3.19.0-stm32mp-r2/../build/stm32mp135f-dk/export-ta_arm32/lib/libutils.a(trace.o)
                              /home/lubuntu/Dokument/GitHub/STM32-Computer/Firmware/STM32-Computer-Firmware/CA7/optee-os-3.19.0-r2/optee-os-stm32mp-3.19.0-stm32mp-r2/../build/stm32mp135f-dk/ta/pkcs11/src/attributes.o (trace_printf)
[...]
Memory Configuration

Name             Origin             Length             Attributes
*default*        0x00000000         0xffffffff

Linker script and memory map


.ta_head        0x00000000       0x20
 *(SORT_BY_ALIGNMENT(.ta_head))
 .ta_head       0x00000000       0x20 /home/lubuntu/Dokument/GitHub/STM32-Computer/Firmware/STM32-Computer-Firmware/CA7/optee-os-3.19.0-r2/optee-os-stm32mp-3.19.0-stm32mp-r2/../build/stm32mp135f-dk/ta/pkcs11/user_ta_header.o
                0x00000000                ta_head

.text           0x00000020    0x13a60
                0x00000020                        __text_start = .
 *(SORT_BY_ALIGNMENT(.text) SORT_BY_ALIGNMENT(.text.*))
 .text          0x00000020      0x530 /home/lubuntu/Dokument/GitHub/STM32-Computer/Firmware/STM32-Computer-Firmware/CA7/optee-os-3.19.0-r2/optee-os-stm32mp-3.19.0-stm32mp-r2/../build/stm32mp135f-dk/ta/pkcs11/src/attributes.o
                0x00000098                init_attributes_head
                0x000000b0                add_attribute
                0x0000010a                remove_empty_attribute
                0x00000110                get_attribute_ptrs
                0x000001a4                get_attribute_ptr
                0x000001c8                get_attribute
                0x00000218                set_attribute
                0x00000246                modify_attributes_list
                0x0000029e                get_bool
                0x000002f0                attributes_match_reference
                0x0000036c                attributes_match_add_reference
                0x00000402                trace_attributes
 .text          0x00000550      0x300 /home/lubuntu/Dokument/GitHub/STM32-Computer/Firmware/STM32-Computer-Firmware/CA7/optee-os-3.19.0-r2/optee-os-stm32mp-3.19.0-stm32mp-r2/../build/stm32mp135f-dk/ta/pkcs11/src/entry.o
                0x00000550                TA_CreateEntryPoint
                0x00000554                TA_DestroyEntryPoint
                0x00000558                TA_OpenSessionEntryPoint
                0x00000570                TA_CloseSessionEntryPoint
                0x0000057e                TA_InvokeCommandEntryPoint
 .text          0x00000850      0xcc0 /home/lubuntu/Dokument/GitHub/STM32-Computer/Firmware/STM32-Computer-Firmware/CA7/optee-os-3.19.0-r2/optee-os-stm32mp-3.19.0-stm32mp-r2/../build/stm32mp135f-dk/ta/pkcs11/src/object.o
                0x000008d6                pkcs11_handle2object
                0x000008f8                pkcs11_object2handle
                0x0000090c                cleanup_persistent_object
                0x00000950                destroy_object
                0x000009e8                create_token_object
                0x00000a08                create_object
                0x00000b30                entry_create_object
                0x00000c1e                entry_destroy_object
                0x00000cd4                entry_find_objects_init
                0x00000f1c                entry_find_objects
                0x00000fb0                release_session_find_obj_context
                0x00000fd0                entry_find_objects_final
                0x0000102c                entry_get_attribute_value
                0x000011a2                entry_get_object_size
                0x0000123e                entry_set_attribute_value
                0x00001352                entry_copy_object
 .text          0x00001510      0xae0 /home/lubuntu/Dokument/GitHub/STM32-Computer/Firmware/STM32-Computer-Firmware/CA7/optee-os-3.19.0-r2/optee-os-stm32mp-3.19.0-stm32mp-r2/../build/stm32mp135f-dk/ta/pkcs11/src/persistent_token.o
                0x000015f8                update_persistent_db
                0x00001668                hash_pin
                0x000016a2                verify_pin
                0x000016ec                setup_so_identity_auth_from_client
                0x0000175c                setup_identity_auth_from_pin
                0x0000190c                verify_identity_auth
                0x000019b8                close_persistent_db
                0x000019ba                create_object_uuid
                0x00001a18                destroy_object_uuid
                0x00001a58                get_persistent_objects_list
                0x00001a82                unregister_persistent_object
                0x00001b36                register_persistent_object
                0x00001bca                load_persistent_object_attributes
                0x00001d3c                release_persistent_object_attributes
                0x00001d4c                update_persistent_object_attributes
                0x00001de8                init_persistent_db
 .text          0x00001ff0     0x1bf0 /home/lubuntu/Dokument/GitHub/STM32-Computer/Firmware/STM32-Computer-Firmware/CA7/optee-os-3.19.0-r2/optee-os-stm32mp-3.19.0-stm32mp-r2/../build/stm32mp135f-dk/ta/pkcs11/src/pkcs11_attributes.o
                0x000023b4                check_mechanism_against_processing
                0x000024fc                create_attributes_from_template
                0x00002f7c                object_is_private
                0x00002f82                object_is_token
                0x00002f88                object_is_modifiable
                0x00002f90                object_is_copyable
                0x00002f98                check_access_attrs_against_token
                0x00002fce                check_created_attrs_against_token
                0x00003036                check_created_attrs_against_processing
                0x000031f0                check_created_attrs
                0x00003428                check_parent_attrs_against_processing
                0x0000377c                attribute_is_exportable
                0x000037f6                check_attrs_against_modification
                0x00003a78                set_key_data
                0x00003afc                get_key_data_to_wrap
                0x00003b24                add_missing_attribute_id
 .text          0x00003be0      0x5fc /home/lubuntu/Dokument/GitHub/STM32-Computer/Firmware/STM32-Computer-Firmware/CA7/optee-os-3.19.0-r2/optee-os-stm32mp-3.19.0-stm32mp-r2/../build/stm32mp135f-dk/ta/pkcs11/src/pkcs11_helpers.o
                0x00003c28                tee2pkcs_error
                0x00003c7c                valid_pkcs11_attribute_id
                0x00003cb0                pkcs11_attr_is_type
                0x00003cca                pkcs11_attr_has_indirect_attributes
                0x00003cde                pkcs11_class_has_type
                0x00003cf2                pkcs11_attr_class_is_key
                0x00003cfe                key_type_is_symm_key
                0x00003d18                key_type_is_asymm_key
                0x00003d2c                pkcs11_attr2boolprop_shift
                0x00003d50                pkcs2tee_load_attr
                0x00003f0c                pkcs2tee_load_hashed_attr
                0x00003fcc                pkcs2tee_mode
                0x00004000                id2str_rc
                0x00004018                id2str_ta_cmd
                0x0000402c                id2str_slot_flag
                0x00004044                id2str_token_flag
                0x0000405c                id2str_session_flag
                0x00004074                id2str_session_state
                0x0000408c                id2str_attr
                0x000040bc                id2str_class
                0x000040d4                id2str_key_type
                0x000040ec                id2str_type
                0x00004100                id2str_certificate_type
                0x00004118                id2str_attr_value
                0x0000418c                id2str_proc
                0x000041c4                id2str_function
 .text          0x000041dc     0x1264 /home/lubuntu/Dokument/GitHub/STM32-Computer/Firmware/STM32-Computer-Firmware/CA7/optee-os-3.19.0-r2/optee-os-stm32mp-3.19.0-stm32mp-r2/../build/stm32mp135f-dk/ta/pkcs11/src/pkcs11_token.o
                0x0000444c                get_token
                0x00004478                get_token_id
                0x000044c4                get_object_handle_db
                0x000044ca                get_session_list
                0x000044d0                tee_session2client
                0x000044e8                pkcs11_handle2session
                0x000044f4                register_client
                0x00004540                unregister_client
                0x000045ac                pkcs11_init
                0x000045d8                pkcs11_deinit
                0x000045ee                set_processing_state
                0x00004684                entry_ck_slot_list
                0x000046da                entry_ck_slot_info
                0x000047e8                entry_ck_token_info
                0x00004904                entry_ck_token_mecha_ids
                0x000049c8                entry_ck_token_mecha_info
                0x00004a76                entry_ck_open_session
                0x00004bec                entry_ck_close_session
                0x00004c40                entry_ck_close_all_sessions
                0x00004ca8                entry_ck_session_info
                0x00004d36                entry_ck_token_initialize
                0x00004ef0                entry_ck_init_pin
                0x00004fa4                entry_ck_set_pin
                0x0000507a                entry_ck_login
                0x000051ca                entry_ck_logout
                0x0000529e                entry_ck_seed_random
                0x00005394                entry_ck_generate_random
 .text          0x00005440      0xe5c /home/lubuntu/Dokument/GitHub/STM32-Computer/Firmware/STM32-Computer-Firmware/CA7/optee-os-3.19.0-r2/optee-os-stm32mp-3.19.0-stm32mp-r2/../build/stm32mp135f-dk/ta/pkcs11/src/processing.o
                0x000054a2                release_active_processing
                0x000054de                get_object_key_bit_size
                0x0000557c                entry_generate_secret
                0x00005748                alloc_get_tee_attribute_data
                0x000057ac                tee2pkcs_add_attribute
                0x00005814                entry_generate_key_pair
                0x00005a62                entry_processing_init
                0x00005ba2                entry_processing_step
                0x00005d34                entry_processing_key
                0x00005ff8                entry_release_active_processing
                0x00006080                entry_wrap_key
 .text          0x0000629c      0xb44 /home/lubuntu/Dokument/GitHub/STM32-Computer/Firmware/STM32-Computer-Firmware/CA7/optee-os-3.19.0-r2/optee-os-stm32mp-3.19.0-stm32mp-r2/../build/stm32mp135f-dk/ta/pkcs11/src/processing_asymm.o
                0x000062fc                processing_is_tee_asymm
                0x00006334                init_asymm_operation
                0x000067a8                step_asymm_operation
                0x00006cbc                do_asymm_derivation
 .text          0x00006de0      0x2f4 /home/lubuntu/Dokument/GitHub/STM32-Computer/Firmware/STM32-Computer-Firmware/CA7/optee-os-3.19.0-r2/optee-os-stm32mp-3.19.0-stm32mp-r2/../build/stm32mp135f-dk/ta/pkcs11/src/processing_digest.o
                0x00006de0                processing_is_tee_digest
                0x00006e20                init_digest_operation
                0x00006f08                step_digest_operation
 .text          0x000070d4      0xa2c /home/lubuntu/Dokument/GitHub/STM32-Computer/Firmware/STM32-Computer-Firmware/CA7/optee-os-3.19.0-r2/optee-os-stm32mp-3.19.0-stm32mp-r2/../build/stm32mp135f-dk/ta/pkcs11/src/processing_ec.o
                0x00007168                ec_params2tee_keysize
                0x00007174                ec_params2tee_curve
                0x000071a4                load_tee_ec_key_attrs
                0x000072e8                pkcs2tee_algo_ecdsa
                0x00007354                generate_ec_keys
                0x00007610                load_tee_eddsa_key_attrs
                0x000076f4                generate_eddsa_keys
                0x00007888                pkcs2tee_proc_params_eddsa
                0x00007910                ecdsa_get_input_max_byte_size
                0x00007974                pkcs2tee_param_ecdh
                0x00007a68                pkcs2tee_algo_ecdh
 .text          0x00007b00      0x930 /home/lubuntu/Dokument/GitHub/STM32-Computer/Firmware/STM32-Computer-Firmware/CA7/optee-os-3.19.0-r2/optee-os-stm32mp-3.19.0-stm32mp-r2/../build/stm32mp135f-dk/ta/pkcs11/src/processing_rsa.o
                0x00007b06                pkcs2tee_proc_params_rsa_pss
                0x00007b80                pkcs2tee_validate_rsa_pss
                0x00007c1c                pkcs2tee_algo_rsa_pss
                0x00007d74                pkcs2tee_proc_params_rsa_oaep
                0x00007e24                pkcs2tee_algo_rsa_oaep
                0x00007fa8                load_tee_rsa_key_attrs
                0x00008184                generate_rsa_keys
                0x0000840c                rsa_get_input_max_byte_size
 .text          0x00008430      0xf54 /home/lubuntu/Dokument/GitHub/STM32-Computer/Firmware/STM32-Computer-Firmware/CA7/optee-os-3.19.0-r2/optee-os-stm32mp-3.19.0-stm32mp-r2/../build/stm32mp135f-dk/ta/pkcs11/src/processing_symm.o
                0x000084d0                processing_is_tee_symm
                0x00008544                init_symm_operation
                0x00008c36                step_symm_operation
                0x00009178                derive_key_by_symm_enc
                0x000091da                wrap_data_by_symm_enc
                0x000092e8                unwrap_key_by_symm
 .text          0x00009384      0x5d0 /home/lubuntu/Dokument/GitHub/STM32-Computer/Firmware/STM32-Computer-Firmware/CA7/optee-os-3.19.0-r2/optee-os-stm32mp-3.19.0-stm32mp-r2/../build/stm32mp135f-dk/ta/pkcs11/src/sanitize_object.o
                0x000093ee                sanitize_consistent_class_and_type
                0x00009490                trace_attributes_from_api_head
                0x00009604                sanitize_client_object
 .text          0x00009954      0x200 /home/lubuntu/Dokument/GitHub/STM32-Computer/Firmware/STM32-Computer-Firmware/CA7/optee-os-3.19.0-r2/optee-os-stm32mp-3.19.0-stm32mp-r2/../build/stm32mp135f-dk/ta/pkcs11/src/serializer.o
                0x00009954                serialargs_init
                0x0000995c                serialargs_get_ptr
                0x000099b4                serialargs_get
                0x00009a30                serialargs_alloc_and_get
                0x00009a46                serialargs_alloc_get_one_attribute
                0x00009a86                serialargs_alloc_get_attributes
                0x00009ac6                serialargs_remaining_bytes
                0x00009ad8                serialargs_get_session_from_handle
                0x00009b06                serialize
 .text          0x00009b54      0x310 /home/lubuntu/Dokument/GitHub/STM32-Computer/Firmware/STM32-Computer-Firmware/CA7/optee-os-3.19.0-r2/optee-os-stm32mp-3.19.0-stm32mp-r2/../build/stm32mp135f-dk/ta/pkcs11/src/token_capabilities.o
                0x00009b54                mechanism_string_id
                0x00009b80                mechanism_is_valid
                0x00009ba0                mechanism_flags_complies_pkcs11
                0x00009c24                mechanism_is_one_shot_only
                0x00009c50                tee_malloc_mechanism_list
                0x00009cd4                mechanism_supported_flags
                0x00009d30                pkcs11_mechanism_supported_key_sizes
                0x00009e1c                mechanism_supported_key_sizes_bytes
 .text.__ta_entry
                0x00009e64        0x4 /home/lubuntu/Dokument/GitHub/STM32-Computer/Firmware/STM32-Computer-Firmware/CA7/optee-os-3.19.0-r2/optee-os-stm32mp-3.19.0-stm32mp-r2/../build/stm32mp135f-dk/ta/pkcs11/ta_entry_a32.o
                0x00009e64                __ta_entry
 .text          0x00009e68       0xdc /home/lubuntu/Dokument/GitHub/STM32-Computer/Firmware/STM32-Computer-Firmware/CA7/optee-os-3.19.0-r2/optee-os-stm32mp-3.19.0-stm32mp-r2/../build/stm32mp135f-dk/export-ta_arm32/lib/libutils.a(memcpy.o)
                0x00009e68                memcpy
 .text          0x00009f44      0x750 /home/lubuntu/Dokument/GitHub/STM32-Computer/Firmware/STM32-Computer-Firmware/CA7/optee-os-3.19.0-r2/optee-os-stm32mp-3.19.0-stm32mp-r2/../build/stm32mp135f-dk/export-ta_arm32/lib/libutils.a(snprintk.o)
                0x00009f44                __vsnprintf
                0x00009f74                vsnprintk
                0x00009f82                snprintk
                0x0000a67c                __vsprintf
 .text          0x0000a694      0x184 /home/lubuntu/Dokument/GitHub/STM32-Computer/Firmware/STM32-Computer-Firmware/CA7/optee-os-3.19.0-r2/optee-os-stm32mp-3.19.0-stm32mp-r2/../build/stm32mp135f-dk/export-ta_arm32/lib/libutils.a(trace.o)
                0x0000a694                trace_set_level
                0x0000a6b0                trace_get_level
                0x0000a6c4                trace_vprintf
                0x0000a7fc                trace_printf
                0x0000a814                dhex_dump
 .text.__aeabi_ldivmod
                0x0000a818       0x18 /home/lubuntu/Dokument/GitHub/STM32-Computer/Firmware/STM32-Computer-Firmware/CA7/optee-os-3.19.0-r2/optee-os-stm32mp-3.19.0-stm32mp-r2/../build/stm32mp135f-dk/export-ta_arm32/lib/libutils.a(arm32_aeabi_ldivmod_a32.o)
                0x0000a818                __aeabi_ldivmod
 .text.__aeabi_uldivmod
                0x0000a830       0x18 /home/lubuntu/Dokument/GitHub/STM32-Computer/Firmware/STM32-Computer-Firmware/CA7/optee-os-3.19.0-r2/optee-os-stm32mp-3.19.0-stm32mp-r2/../build/stm32mp135f-dk/export-ta_arm32/lib/libutils.a(arm32_aeabi_ldivmod_a32.o)
                0x0000a830                __aeabi_uldivmod
 .text          0x0000a848       0x38 /home/lubuntu/Dokument/GitHub/STM32-Computer/Firmware/STM32-Computer-Firmware/CA7/optee-os-3.19.0-r2/optee-os-stm32mp-3.19.0-stm32mp-r2/../build/stm32mp135f-dk/export-ta_arm32/lib/libutee.a(assert.o)
                0x0000a848                _assert_log
                0x0000a870                _assert_break
 .text          0x0000a880      0x114 /home/lubuntu/Dokument/GitHub/STM32-Computer/Firmware/STM32-Computer-Firmware/CA7/optee-os-3.19.0-r2/optee-os-stm32mp-3.19.0-stm32mp-r2/../build/stm32mp135f-dk/export-ta_arm32/lib/libutee.a(tee_uuid_from_str.o)
                0x0000a8c8                tee_uuid_from_str
 .text          0x0000a994       0x9c /home/lubuntu/Dokument/GitHub/STM32-Computer/Firmware/STM32-Computer-Firmware/CA7/optee-os-3.19.0-r2/optee-os-stm32mp-3.19.0-stm32mp-r2/../build/stm32mp135f-dk/export-ta_arm32/lib/libutee.a(trace_ext.o)
                0x0000a994                trace_ext_puts
                0x0000a9a8                trace_ext_get_thread_id
                0x0000a9ae                printf
                0x0000a9e8                puts
                0x0000aa0c                putchar
 .text          0x0000aa30      0x4a8 /home/lubuntu/Dokument/GitHub/STM32-Computer/Firmware/STM32-Computer-Firmware/CA7/optee-os-3.19.0-r2/optee-os-stm32mp-3.19.0-stm32mp-r2/../build/stm32mp135f-dk/export-ta_arm32/lib/libutee.a(tee_api.o)
                0x0000aa96                TEE_CloseTASession
                0x0000aaaa                TEE_GetCancellationFlag
                0x0000aac6                TEE_UnmaskCancellation
                0x0000aae2                TEE_MaskCancellation
                0x0000aafe                TEE_CheckMemoryAccessRights
                0x0000ac2c                TEE_OpenTASession
                0x0000acbc                TEE_InvokeTACommand
                0x0000ad78                TEE_SetInstanceData
                0x0000ad84                TEE_GetInstanceData
                0x0000ad90                TEE_MemMove
                0x0000ad94                TEE_MemCompare
                0x0000ad98                TEE_MemFill
                0x0000ad9c                TEE_GetSystemTime
                0x0000adb2                TEE_Wait
                0x0000add0                TEE_GetTAPersistentTime
                0x0000ae0c                TEE_SetTAPersistentTime
                0x0000ae34                TEE_GetREETime
                0x0000ae4a                TEE_Malloc
                0x0000ae9c                TEE_Free
                0x0000aea6                TEE_Realloc
                0x0000aec6                TEE_CacheClean
                0x0000aecc                TEE_CacheFlush
                0x0000aed2                TEE_CacheInvalidate
 .text          0x0000aed8      0x7fc /home/lubuntu/Dokument/GitHub/STM32-Computer/Firmware/STM32-Computer-Firmware/CA7/optee-os-3.19.0-r2/optee-os-stm32mp-3.19.0-stm32mp-r2/../build/stm32mp135f-dk/export-ta_arm32/lib/libutee.a(tee_api_objects.o)
                0x0000aed8                __utee_from_attr
                0x0000af02                TEE_GetObjectInfo
                0x0000af2c                TEE_GetObjectInfo1
                0x0000af4c                TEE_RestrictObjectUsage1
                0x0000af6c                TEE_RestrictObjectUsage
                0x0000af98                TEE_GetObjectBufferAttribute
                0x0000b010                TEE_GetObjectValueAttribute
                0x0000b0c0                TEE_CloseObject
                0x0000b0d4                TEE_AllocateTransientObject
                0x0000b114                TEE_FreeTransientObject
                0x0000b144                TEE_ResetTransientObject
                0x0000b174                TEE_PopulateTransientObject
                0x0000b1ec                TEE_InitRefAttribute
                0x0000b20e                TEE_InitValueAttribute
                0x0000b230                TEE_CopyObjectAttributes1
                0x0000b298                TEE_CopyObjectAttributes
                0x0000b2c8                TEE_GenerateKey
                0x0000b31c                TEE_OpenPersistentObject
                0x0000b38c                TEE_CreatePersistentObject
                0x0000b414                TEE_CloseAndDeletePersistentObject1
                0x0000b438                TEE_CloseAndDeletePersistentObject
                0x0000b44e                TEE_RenamePersistentObject
                0x0000b488                TEE_AllocatePersistentObjectEnumerator
                0x0000b4bc                TEE_FreePersistentObjectEnumerator
                0x0000b4d0                TEE_ResetPersistentObjectEnumerator
                0x0000b4e4                TEE_StartPersistentObjectEnumerator
                0x0000b510                TEE_GetNextPersistentObject
                0x0000b58c                TEE_ReadObjectData
                0x0000b5e0                TEE_WriteObjectData
                0x0000b620                TEE_TruncateObjectData
                0x0000b658                TEE_SeekObjectData
 .text          0x0000b6d4     0x1ce8 /home/lubuntu/Dokument/GitHub/STM32-Computer/Firmware/STM32-Computer-Firmware/CA7/optee-os-3.19.0-r2/optee-os-stm32mp-3.19.0-stm32mp-r2/../build/stm32mp135f-dk/export-ta_arm32/lib/libutee.a(tee_api_operations.o)
                0x0000b86c                TEE_FreeOperation
                0x0000b892                TEE_AllocateOperation
                0x0000c0b0                TEE_GetOperationInfo
                0x0000c0e0                TEE_GetOperationInfoMultiple
                0x0000c1b4                TEE_ResetOperation
                0x0000c1f4                TEE_SetOperationKey
                0x0000c28c                TEE_SetOperationKey2
                0x0000c380                TEE_CopyOperation
                0x0000c434                TEE_DigestUpdate
                0x0000c464                TEE_DigestDoFinal
                0x0000c4ec                TEE_CipherInit
                0x0000c560                TEE_CipherUpdate
                0x0000c64c                TEE_CipherDoFinal
                0x0000c7a8                TEE_MACInit
                0x0000c7fe                TEE_MACUpdate
                0x0000c84c                TEE_MACComputeFinal
                0x0000c8c8                TEE_MACCompareFinal
                0x0000c94c                TEE_AEInit
                0x0000c9bc                TEE_AEUpdateAAD
                0x0000ca02                TEE_AEUpdate
                0x0000cae4                TEE_AEEncryptFinal
                0x0000cbf8                TEE_AEDecryptFinal
                0x0000ccf8                TEE_AsymmetricEncrypt
                0x0000cdb8                TEE_AsymmetricDecrypt
                0x0000ce78                TEE_AsymmetricSignDigest
                0x0000cf34                TEE_AsymmetricVerifyDigest
                0x0000cfdc                TEE_DeriveKey
                0x0000d0bc                TEE_GenerateRandom
                0x0000d0ce                rand
                0x0000d0e6                TEE_IsAlgorithmSupported
 .text          0x0000d3bc       0xbc /home/lubuntu/Dokument/GitHub/STM32-Computer/Firmware/STM32-Computer-Firmware/CA7/optee-os-3.19.0-r2/optee-os-stm32mp-3.19.0-stm32mp-r2/../build/stm32mp135f-dk/export-ta_arm32/lib/libutee.a(tee_api_panic.o)
                0x0000d3dc                TEE_Panic
                0x0000d3e6                __utee_check_outbuf_annotation
                0x0000d414                __utee_check_instring_annotation
                0x0000d430                __utee_check_outstring_annotation
                0x0000d432                __utee_check_out_annotation
                0x0000d448                __utee_check_attr_in_annotation
                0x0000d460                __utee_check_inout_annotation
 .text          0x0000d478      0x664 /home/lubuntu/Dokument/GitHub/STM32-Computer/Firmware/STM32-Computer-Firmware/CA7/optee-os-3.19.0-r2/optee-os-stm32mp-3.19.0-stm32mp-r2/../build/stm32mp135f-dk/export-ta_arm32/lib/libutee.a(tee_api_property.o)
                0x0000d654                TEE_GetPropertyAsString
                0x0000d7ac                TEE_GetPropertyAsBool
                0x0000d80c                TEE_GetPropertyAsU32
                0x0000d870                TEE_GetPropertyAsBinaryBlock
                0x0000d8d8                TEE_GetPropertyAsUUID
                0x0000d93c                TEE_GetPropertyAsIdentity
                0x0000d9a0                TEE_ResetPropertyEnumerator
                0x0000d9a8                TEE_AllocatePropertyEnumerator
                0x0000d9d0                TEE_FreePropertyEnumerator
                0x0000d9d4                TEE_StartPropertyEnumerator
                0x0000d9de                TEE_GetPropertyName
                0x0000da74                TEE_GetNextProperty
 .text          0x0000dadc      0x15c /home/lubuntu/Dokument/GitHub/STM32-Computer/Firmware/STM32-Computer-Firmware/CA7/optee-os-3.19.0-r2/optee-os-stm32mp-3.19.0-stm32mp-r2/../build/stm32mp135f-dk/export-ta_arm32/lib/libutee.a(tee_system_pta.o)
                0x0000db2c                tee_map_zi
                0x0000db62                tee_unmap
                0x0000dbb0                tee_invoke_supp_plugin
 .text          0x0000dc38        0x0 /home/lubuntu/Dokument/GitHub/STM32-Computer/Firmware/STM32-Computer-Firmware/CA7/optee-os-3.19.0-r2/optee-os-stm32mp-3.19.0-stm32mp-r2/../build/stm32mp135f-dk/export-ta_arm32/lib/libutee.a(utee_syscalls_a32.o)
 .text._utee_panic
                0x0000dc38       0x14 /home/lubuntu/Dokument/GitHub/STM32-Computer/Firmware/STM32-Computer-Firmware/CA7/optee-os-3.19.0-r2/optee-os-stm32mp-3.19.0-stm32mp-r2/../build/stm32mp135f-dk/export-ta_arm32/lib/libutee.a(utee_syscalls_a32.o)
                0x0000dc38                _utee_panic
 .text._utee_return
                0x0000dc4c       0x14 /home/lubuntu/Dokument/GitHub/STM32-Computer/Firmware/STM32-Computer-Firmware/CA7/optee-os-3.19.0-r2/optee-os-stm32mp-3.19.0-stm32mp-r2/../build/stm32mp135f-dk/export-ta_arm32/lib/libutee.a(utee_syscalls_a32.o)
                0x0000dc4c                _utee_return
 .text._utee_log
                0x0000dc60       0x14 /home/lubuntu/Dokument/GitHub/STM32-Computer/Firmware/STM32-Computer-Firmware/CA7/optee-os-3.19.0-r2/optee-os-stm32mp-3.19.0-stm32mp-r2/../build/stm32mp135f-dk/export-ta_arm32/lib/libutee.a(utee_syscalls_a32.o)
                0x0000dc60                _utee_log
 .text.__utee_panic
                0x0000dc74       0x14 /home/lubuntu/Dokument/GitHub/STM32-Computer/Firmware/STM32-Computer-Firmware/CA7/optee-os-3.19.0-r2/optee-os-stm32mp-3.19.0-stm32mp-r2/../build/stm32mp135f-dk/export-ta_arm32/lib/libutee.a(utee_syscalls_a32.o)
                0x0000dc74                __utee_panic
 .text._utee_get_property
                0x0000dc88       0x18 /home/lubuntu/Dokument/GitHub/STM32-Computer/Firmware/STM32-Computer-Firmware/CA7/optee-os-3.19.0-r2/optee-os-stm32mp-3.19.0-stm32mp-r2/../build/stm32mp135f-dk/export-ta_arm32/lib/libutee.a(utee_syscalls_a32.o)
                0x0000dc88                _utee_get_property
 .text._utee_get_property_name_to_index
                0x0000dca0       0x14 /home/lubuntu/Dokument/GitHub/STM32-Computer/Firmware/STM32-Computer-Firmware/CA7/optee-os-3.19.0-r2/optee-os-stm32mp-3.19.0-stm32mp-r2/../build/stm32mp135f-dk/export-ta_arm32/lib/libutee.a(utee_syscalls_a32.o)
                0x0000dca0                _utee_get_property_name_to_index
 .text._utee_open_ta_session
                0x0000dcb4       0x18 /home/lubuntu/Dokument/GitHub/STM32-Computer/Firmware/STM32-Computer-Firmware/CA7/optee-os-3.19.0-r2/optee-os-stm32mp-3.19.0-stm32mp-r2/../build/stm32mp135f-dk/export-ta_arm32/lib/libutee.a(utee_syscalls_a32.o)
                0x0000dcb4                _utee_open_ta_session
 .text._utee_close_ta_session
                0x0000dccc       0x14 /home/lubuntu/Dokument/GitHub/STM32-Computer/Firmware/STM32-Computer-Firmware/CA7/optee-os-3.19.0-r2/optee-os-stm32mp-3.19.0-stm32mp-r2/../build/stm32mp135f-dk/export-ta_arm32/lib/libutee.a(utee_syscalls_a32.o)
                0x0000dccc                _utee_close_ta_session
 .text._utee_invoke_ta_command
                0x0000dce0       0x18 /home/lubuntu/Dokument/GitHub/STM32-Computer/Firmware/STM32-Computer-Firmware/CA7/optee-os-3.19.0-r2/optee-os-stm32mp-3.19.0-stm32mp-r2/../build/stm32mp135f-dk/export-ta_arm32/lib/libutee.a(utee_syscalls_a32.o)
                0x0000dce0                _utee_invoke_ta_command
 .text._utee_get_cancellation_flag
                0x0000dcf8       0x14 /home/lubuntu/Dokument/GitHub/STM32-Computer/Firmware/STM32-Computer-Firmware/CA7/optee-os-3.19.0-r2/optee-os-stm32mp-3.19.0-stm32mp-r2/../build/stm32mp135f-dk/export-ta_arm32/lib/libutee.a(utee_syscalls_a32.o)
                0x0000dcf8                _utee_get_cancellation_flag
 .text._utee_check_access_rights
                0x0000dd0c       0x14 /home/lubuntu/Dokument/GitHub/STM32-Computer/Firmware/STM32-Computer-Firmware/CA7/optee-os-3.19.0-r2/optee-os-stm32mp-3.19.0-stm32mp-r2/../build/stm32mp135f-dk/export-ta_arm32/lib/libutee.a(utee_syscalls_a32.o)
                0x0000dd0c                _utee_check_access_rights
 .text._utee_unmask_cancellation
                0x0000dd20       0x14 /home/lubuntu/Dokument/GitHub/STM32-Computer/Firmware/STM32-Computer-Firmware/CA7/optee-os-3.19.0-r2/optee-os-stm32mp-3.19.0-stm32mp-r2/../build/stm32mp135f-dk/export-ta_arm32/lib/libutee.a(utee_syscalls_a32.o)
                0x0000dd20                _utee_unmask_cancellation
 .text._utee_mask_cancellation
                0x0000dd34       0x14 /home/lubuntu/Dokument/GitHub/STM32-Computer/Firmware/STM32-Computer-Firmware/CA7/optee-os-3.19.0-r2/optee-os-stm32mp-3.19.0-stm32mp-r2/../build/stm32mp135f-dk/export-ta_arm32/lib/libutee.a(utee_syscalls_a32.o)
                0x0000dd34                _utee_mask_cancellation
 .text._utee_wait
                0x0000dd48       0x14 /home/lubuntu/Dokument/GitHub/STM32-Computer/Firmware/STM32-Computer-Firmware/CA7/optee-os-3.19.0-r2/optee-os-stm32mp-3.19.0-stm32mp-r2/../build/stm32mp135f-dk/export-ta_arm32/lib/libutee.a(utee_syscalls_a32.o)
                0x0000dd48                _utee_wait
 .text._utee_get_time
                0x0000dd5c       0x14 /home/lubuntu/Dokument/GitHub/STM32-Computer/Firmware/STM32-Computer-Firmware/CA7/optee-os-3.19.0-r2/optee-os-stm32mp-3.19.0-stm32mp-r2/../build/stm32mp135f-dk/export-ta_arm32/lib/libutee.a(utee_syscalls_a32.o)
                0x0000dd5c                _utee_get_time
 .text._utee_set_ta_time
                0x0000dd70       0x14 /home/lubuntu/Dokument/GitHub/STM32-Computer/Firmware/STM32-Computer-Firmware/CA7/optee-os-3.19.0-r2/optee-os-stm32mp-3.19.0-stm32mp-r2/../build/stm32mp135f-dk/export-ta_arm32/lib/libutee.a(utee_syscalls_a32.o)
                0x0000dd70                _utee_set_ta_time
 .text._utee_cryp_state_alloc
                0x0000dd84       0x18 /home/lubuntu/Dokument/GitHub/STM32-Computer/Firmware/STM32-Computer-Firmware/CA7/optee-os-3.19.0-r2/optee-os-stm32mp-3.19.0-stm32mp-r2/../build/stm32mp135f-dk/export-ta_arm32/lib/libutee.a(utee_syscalls_a32.o)
                0x0000dd84                _utee_cryp_state_alloc
 .text._utee_cryp_state_copy
                0x0000dd9c       0x14 /home/lubuntu/Dokument/GitHub/STM32-Computer/Firmware/STM32-Computer-Firmware/CA7/optee-os-3.19.0-r2/optee-os-stm32mp-3.19.0-stm32mp-r2/../build/stm32mp135f-dk/export-ta_arm32/lib/libutee.a(utee_syscalls_a32.o)
                0x0000dd9c                _utee_cryp_state_copy
 .text._utee_cryp_state_free
                0x0000ddb0       0x14 /home/lubuntu/Dokument/GitHub/STM32-Computer/Firmware/STM32-Computer-Firmware/CA7/optee-os-3.19.0-r2/optee-os-stm32mp-3.19.0-stm32mp-r2/../build/stm32mp135f-dk/export-ta_arm32/lib/libutee.a(utee_syscalls_a32.o)
                0x0000ddb0                _utee_cryp_state_free
 .text._utee_hash_init
                0x0000ddc4       0x14 /home/lubuntu/Dokument/GitHub/STM32-Computer/Firmware/STM32-Computer-Firmware/CA7/optee-os-3.19.0-r2/optee-os-stm32mp-3.19.0-stm32mp-r2/../build/stm32mp135f-dk/export-ta_arm32/lib/libutee.a(utee_syscalls_a32.o)
                0x0000ddc4                _utee_hash_init
 .text._utee_hash_update
                0x0000ddd8       0x14 /home/lubuntu/Dokument/GitHub/STM32-Computer/Firmware/STM32-Computer-Firmware/CA7/optee-os-3.19.0-r2/optee-os-stm32mp-3.19.0-stm32mp-r2/../build/stm32mp135f-dk/export-ta_arm32/lib/libutee.a(utee_syscalls_a32.o)
                0x0000ddd8                _utee_hash_update
 .text._utee_hash_final
                0x0000ddec       0x18 /home/lubuntu/Dokument/GitHub/STM32-Computer/Firmware/STM32-Computer-Firmware/CA7/optee-os-3.19.0-r2/optee-os-stm32mp-3.19.0-stm32mp-r2/../build/stm32mp135f-dk/export-ta_arm32/lib/libutee.a(utee_syscalls_a32.o)
                0x0000ddec                _utee_hash_final
 .text._utee_cipher_init
                0x0000de04       0x14 /home/lubuntu/Dokument/GitHub/STM32-Computer/Firmware/STM32-Computer-Firmware/CA7/optee-os-3.19.0-r2/optee-os-stm32mp-3.19.0-stm32mp-r2/../build/stm32mp135f-dk/export-ta_arm32/lib/libutee.a(utee_syscalls_a32.o)
                0x0000de04                _utee_cipher_init
 .text._utee_cipher_update
                0x0000de18       0x18 /home/lubuntu/Dokument/GitHub/STM32-Computer/Firmware/STM32-Computer-Firmware/CA7/optee-os-3.19.0-r2/optee-os-stm32mp-3.19.0-stm32mp-r2/../build/stm32mp135f-dk/export-ta_arm32/lib/libutee.a(utee_syscalls_a32.o)
                0x0000de18                _utee_cipher_update
 .text._utee_cipher_final
                0x0000de30       0x18 /home/lubuntu/Dokument/GitHub/STM32-Computer/Firmware/STM32-Computer-Firmware/CA7/optee-os-3.19.0-r2/optee-os-stm32mp-3.19.0-stm32mp-r2/../build/stm32mp135f-dk/export-ta_arm32/lib/libutee.a(utee_syscalls_a32.o)
                0x0000de30                _utee_cipher_final
 .text._utee_cryp_obj_get_info
                0x0000de48       0x14 /home/lubuntu/Dokument/GitHub/STM32-Computer/Firmware/STM32-Computer-Firmware/CA7/optee-os-3.19.0-r2/optee-os-stm32mp-3.19.0-stm32mp-r2/../build/stm32mp135f-dk/export-ta_arm32/lib/libutee.a(utee_syscalls_a32.o)
                0x0000de48                _utee_cryp_obj_get_info
 .text._utee_cryp_obj_restrict_usage
                0x0000de5c       0x14 /home/lubuntu/Dokument/GitHub/STM32-Computer/Firmware/STM32-Computer-Firmware/CA7/optee-os-3.19.0-r2/optee-os-stm32mp-3.19.0-stm32mp-r2/../build/stm32mp135f-dk/export-ta_arm32/lib/libutee.a(utee_syscalls_a32.o)
                0x0000de5c                _utee_cryp_obj_restrict_usage
 .text._utee_cryp_obj_get_attr
                0x0000de70       0x14 /home/lubuntu/Dokument/GitHub/STM32-Computer/Firmware/STM32-Computer-Firmware/CA7/optee-os-3.19.0-r2/optee-os-stm32mp-3.19.0-stm32mp-r2/../build/stm32mp135f-dk/export-ta_arm32/lib/libutee.a(utee_syscalls_a32.o)
                0x0000de70                _utee_cryp_obj_get_attr
 .text._utee_cryp_obj_alloc
                0x0000de84       0x14 /home/lubuntu/Dokument/GitHub/STM32-Computer/Firmware/STM32-Computer-Firmware/CA7/optee-os-3.19.0-r2/optee-os-stm32mp-3.19.0-stm32mp-r2/../build/stm32mp135f-dk/export-ta_arm32/lib/libutee.a(utee_syscalls_a32.o)
                0x0000de84                _utee_cryp_obj_alloc
 .text._utee_cryp_obj_close
                0x0000de98       0x14 /home/lubuntu/Dokument/GitHub/STM32-Computer/Firmware/STM32-Computer-Firmware/CA7/optee-os-3.19.0-r2/optee-os-stm32mp-3.19.0-stm32mp-r2/../build/stm32mp135f-dk/export-ta_arm32/lib/libutee.a(utee_syscalls_a32.o)
                0x0000de98                _utee_cryp_obj_close
 .text._utee_cryp_obj_reset
                0x0000deac       0x14 /home/lubuntu/Dokument/GitHub/STM32-Computer/Firmware/STM32-Computer-Firmware/CA7/optee-os-3.19.0-r2/optee-os-stm32mp-3.19.0-stm32mp-r2/../build/stm32mp135f-dk/export-ta_arm32/lib/libutee.a(utee_syscalls_a32.o)
                0x0000deac                _utee_cryp_obj_reset
 .text._utee_cryp_obj_populate
                0x0000dec0       0x14 /home/lubuntu/Dokument/GitHub/STM32-Computer/Firmware/STM32-Computer-Firmware/CA7/optee-os-3.19.0-r2/optee-os-stm32mp-3.19.0-stm32mp-r2/../build/stm32mp135f-dk/export-ta_arm32/lib/libutee.a(utee_syscalls_a32.o)
                0x0000dec0                _utee_cryp_obj_populate
 .text._utee_cryp_obj_copy
                0x0000ded4       0x14 /home/lubuntu/Dokument/GitHub/STM32-Computer/Firmware/STM32-Computer-Firmware/CA7/optee-os-3.19.0-r2/optee-os-stm32mp-3.19.0-stm32mp-r2/../build/stm32mp135f-dk/export-ta_arm32/lib/libutee.a(utee_syscalls_a32.o)
                0x0000ded4                _utee_cryp_obj_copy
 .text._utee_cryp_derive_key
                0x0000dee8       0x14 /home/lubuntu/Dokument/GitHub/STM32-Computer/Firmware/STM32-Computer-Firmware/CA7/optee-os-3.19.0-r2/optee-os-stm32mp-3.19.0-stm32mp-r2/../build/stm32mp135f-dk/export-ta_arm32/lib/libutee.a(utee_syscalls_a32.o)
                0x0000dee8                _utee_cryp_derive_key
 .text._utee_cryp_random_number_generate
                0x0000defc       0x14 /home/lubuntu/Dokument/GitHub/STM32-Computer/Firmware/STM32-Computer-Firmware/CA7/optee-os-3.19.0-r2/optee-os-stm32mp-3.19.0-stm32mp-r2/../build/stm32mp135f-dk/export-ta_arm32/lib/libutee.a(utee_syscalls_a32.o)
                0x0000defc                _utee_cryp_random_number_generate
 .text._utee_authenc_init
                0x0000df10       0x18 /home/lubuntu/Dokument/GitHub/STM32-Computer/Firmware/STM32-Computer-Firmware/CA7/optee-os-3.19.0-r2/optee-os-stm32mp-3.19.0-stm32mp-r2/../build/stm32mp135f-dk/export-ta_arm32/lib/libutee.a(utee_syscalls_a32.o)
                0x0000df10                _utee_authenc_init
 .text._utee_authenc_update_aad
                0x0000df28       0x14 /home/lubuntu/Dokument/GitHub/STM32-Computer/Firmware/STM32-Computer-Firmware/CA7/optee-os-3.19.0-r2/optee-os-stm32mp-3.19.0-stm32mp-r2/../build/stm32mp135f-dk/export-ta_arm32/lib/libutee.a(utee_syscalls_a32.o)
                0x0000df28                _utee_authenc_update_aad
 .text._utee_authenc_update_payload
                0x0000df3c       0x18 /home/lubuntu/Dokument/GitHub/STM32-Computer/Firmware/STM32-Computer-Firmware/CA7/optee-os-3.19.0-r2/optee-os-stm32mp-3.19.0-stm32mp-r2/../build/stm32mp135f-dk/export-ta_arm32/lib/libutee.a(utee_syscalls_a32.o)
                0x0000df3c                _utee_authenc_update_payload
 .text._utee_authenc_enc_final
                0x0000df54       0x18 /home/lubuntu/Dokument/GitHub/STM32-Computer/Firmware/STM32-Computer-Firmware/CA7/optee-os-3.19.0-r2/optee-os-stm32mp-3.19.0-stm32mp-r2/../build/stm32mp135f-dk/export-ta_arm32/lib/libutee.a(utee_syscalls_a32.o)
                0x0000df54                _utee_authenc_enc_final
 .text._utee_authenc_dec_final
                0x0000df6c       0x18 /home/lubuntu/Dokument/GitHub/STM32-Computer/Firmware/STM32-Computer-Firmware/CA7/optee-os-3.19.0-r2/optee-os-stm32mp-3.19.0-stm32mp-r2/../build/stm32mp135f-dk/export-ta_arm32/lib/libutee.a(utee_syscalls_a32.o)
                0x0000df6c                _utee_authenc_dec_final
 .text._utee_asymm_operate
                0x0000df84       0x18 /home/lubuntu/Dokument/GitHub/STM32-Computer/Firmware/STM32-Computer-Firmware/CA7/optee-os-3.19.0-r2/optee-os-stm32mp-3.19.0-stm32mp-r2/../build/stm32mp135f-dk/export-ta_arm32/lib/libutee.a(utee_syscalls_a32.o)
                0x0000df84                _utee_asymm_operate
 .text._utee_asymm_verify
                0x0000df9c       0x18 /home/lubuntu/Dokument/GitHub/STM32-Computer/Firmware/STM32-Computer-Firmware/CA7/optee-os-3.19.0-r2/optee-os-stm32mp-3.19.0-stm32mp-r2/../build/stm32mp135f-dk/export-ta_arm32/lib/libutee.a(utee_syscalls_a32.o)
                0x0000df9c                _utee_asymm_verify
 .text._utee_storage_obj_open
                0x0000dfb4       0x18 /home/lubuntu/Dokument/GitHub/STM32-Computer/Firmware/STM32-Computer-Firmware/CA7/optee-os-3.19.0-r2/optee-os-stm32mp-3.19.0-stm32mp-r2/../build/stm32mp135f-dk/export-ta_arm32/lib/libutee.a(utee_syscalls_a32.o)
                0x0000dfb4                _utee_storage_obj_open
 .text._utee_storage_obj_create
                0x0000dfcc       0x18 /home/lubuntu/Dokument/GitHub/STM32-Computer/Firmware/STM32-Computer-Firmware/CA7/optee-os-3.19.0-r2/optee-os-stm32mp-3.19.0-stm32mp-r2/../build/stm32mp135f-dk/export-ta_arm32/lib/libutee.a(utee_syscalls_a32.o)
                0x0000dfcc                _utee_storage_obj_create
 .text._utee_storage_obj_del
                0x0000dfe4       0x14 /home/lubuntu/Dokument/GitHub/STM32-Computer/Firmware/STM32-Computer-Firmware/CA7/optee-os-3.19.0-r2/optee-os-stm32mp-3.19.0-stm32mp-r2/../build/stm32mp135f-dk/export-ta_arm32/lib/libutee.a(utee_syscalls_a32.o)
                0x0000dfe4                _utee_storage_obj_del
 .text._utee_storage_obj_rename
                0x0000dff8       0x14 /home/lubuntu/Dokument/GitHub/STM32-Computer/Firmware/STM32-Computer-Firmware/CA7/optee-os-3.19.0-r2/optee-os-stm32mp-3.19.0-stm32mp-r2/../build/stm32mp135f-dk/export-ta_arm32/lib/libutee.a(utee_syscalls_a32.o)
                0x0000dff8                _utee_storage_obj_rename
 .text._utee_storage_alloc_enum
                0x0000e00c       0x14 /home/lubuntu/Dokument/GitHub/STM32-Computer/Firmware/STM32-Computer-Firmware/CA7/optee-os-3.19.0-r2/optee-os-stm32mp-3.19.0-stm32mp-r2/../build/stm32mp135f-dk/export-ta_arm32/lib/libutee.a(utee_syscalls_a32.o)
                0x0000e00c                _utee_storage_alloc_enum
 .text._utee_storage_free_enum
                0x0000e020       0x14 /home/lubuntu/Dokument/GitHub/STM32-Computer/Firmware/STM32-Computer-Firmware/CA7/optee-os-3.19.0-r2/optee-os-stm32mp-3.19.0-stm32mp-r2/../build/stm32mp135f-dk/export-ta_arm32/lib/libutee.a(utee_syscalls_a32.o)
                0x0000e020                _utee_storage_free_enum
 .text._utee_storage_reset_enum
                0x0000e034       0x14 /home/lubuntu/Dokument/GitHub/STM32-Computer/Firmware/STM32-Computer-Firmware/CA7/optee-os-3.19.0-r2/optee-os-stm32mp-3.19.0-stm32mp-r2/../build/stm32mp135f-dk/export-ta_arm32/lib/libutee.a(utee_syscalls_a32.o)
                0x0000e034                _utee_storage_reset_enum
 .text._utee_storage_start_enum
                0x0000e048       0x14 /home/lubuntu/Dokument/GitHub/STM32-Computer/Firmware/STM32-Computer-Firmware/CA7/optee-os-3.19.0-r2/optee-os-stm32mp-3.19.0-stm32mp-r2/../build/stm32mp135f-dk/export-ta_arm32/lib/libutee.a(utee_syscalls_a32.o)
                0x0000e048                _utee_storage_start_enum
 .text._utee_storage_next_enum
                0x0000e05c       0x14 /home/lubuntu/Dokument/GitHub/STM32-Computer/Firmware/STM32-Computer-Firmware/CA7/optee-os-3.19.0-r2/optee-os-stm32mp-3.19.0-stm32mp-r2/../build/stm32mp135f-dk/export-ta_arm32/lib/libutee.a(utee_syscalls_a32.o)
                0x0000e05c                _utee_storage_next_enum
 .text._utee_storage_obj_read
                0x0000e070       0x14 /home/lubuntu/Dokument/GitHub/STM32-Computer/Firmware/STM32-Computer-Firmware/CA7/optee-os-3.19.0-r2/optee-os-stm32mp-3.19.0-stm32mp-r2/../build/stm32mp135f-dk/export-ta_arm32/lib/libutee.a(utee_syscalls_a32.o)
                0x0000e070                _utee_storage_obj_read
 .text._utee_storage_obj_write
                0x0000e084       0x14 /home/lubuntu/Dokument/GitHub/STM32-Computer/Firmware/STM32-Computer-Firmware/CA7/optee-os-3.19.0-r2/optee-os-stm32mp-3.19.0-stm32mp-r2/../build/stm32mp135f-dk/export-ta_arm32/lib/libutee.a(utee_syscalls_a32.o)
                0x0000e084                _utee_storage_obj_write
 .text._utee_storage_obj_trunc
                0x0000e098       0x14 /home/lubuntu/Dokument/GitHub/STM32-Computer/Firmware/STM32-Computer-Firmware/CA7/optee-os-3.19.0-r2/optee-os-stm32mp-3.19.0-stm32mp-r2/../build/stm32mp135f-dk/export-ta_arm32/lib/libutee.a(utee_syscalls_a32.o)
                0x0000e098                _utee_storage_obj_trunc
 .text._utee_storage_obj_seek
                0x0000e0ac       0x14 /home/lubuntu/Dokument/GitHub/STM32-Computer/Firmware/STM32-Computer-Firmware/CA7/optee-os-3.19.0-r2/optee-os-stm32mp-3.19.0-stm32mp-r2/../build/stm32mp135f-dk/export-ta_arm32/lib/libutee.a(utee_syscalls_a32.o)
                0x0000e0ac                _utee_storage_obj_seek
 .text._utee_cryp_obj_generate_key
                0x0000e0c0       0x14 /home/lubuntu/Dokument/GitHub/STM32-Computer/Firmware/STM32-Computer-Firmware/CA7/optee-os-3.19.0-r2/optee-os-stm32mp-3.19.0-stm32mp-r2/../build/stm32mp135f-dk/export-ta_arm32/lib/libutee.a(utee_syscalls_a32.o)
                0x0000e0c0                _utee_cryp_obj_generate_key
 .text._utee_cache_operation
                0x0000e0d4       0x14 /home/lubuntu/Dokument/GitHub/STM32-Computer/Firmware/STM32-Computer-Firmware/CA7/optee-os-3.19.0-r2/optee-os-stm32mp-3.19.0-stm32mp-r2/../build/stm32mp135f-dk/export-ta_arm32/lib/libutee.a(utee_syscalls_a32.o)
                0x0000e0d4                _utee_cache_operation
 .text          0x0000e0e8      0x4a4 /home/lubuntu/Dokument/GitHub/STM32-Computer/Firmware/STM32-Computer-Firmware/CA7/optee-os-3.19.0-r2/optee-os-stm32mp-3.19.0-stm32mp-r2/../build/stm32mp135f-dk/export-ta_arm32/lib/libutee.a(user_ta_entry.o)
                0x0000e298                __utee_call_elf_init_fn
                0x0000e358                __utee_call_elf_fini_fn
                0x0000e3d4                __utee_entry
 .text.unlikely
                0x0000e58c       0x18 /home/lubuntu/Dokument/GitHub/STM32-Computer/Firmware/STM32-Computer-Firmware/CA7/optee-os-3.19.0-r2/optee-os-stm32mp-3.19.0-stm32mp-r2/../build/stm32mp135f-dk/export-ta_arm32/lib/libutee.a(abort.o)
                0x0000e58c                abort
 .text          0x0000e5a4      0x19c /home/lubuntu/Dokument/GitHub/STM32-Computer/Firmware/STM32-Computer-Firmware/CA7/optee-os-3.19.0-r2/optee-os-stm32mp-3.19.0-stm32mp-r2/../build/stm32mp135f-dk/export-ta_arm32/lib/libutee.a(base64.o)
                0x0000e5a4                _base64_enc_len
                0x0000e5b2                _base64_enc
                0x0000e674                _base64_dec
 .text          0x0000e740     0x11ec /home/lubuntu/Dokument/GitHub/STM32-Computer/Firmware/STM32-Computer-Firmware/CA7/optee-os-3.19.0-r2/optee-os-stm32mp-3.19.0-stm32mp-r2/../build/stm32mp135f-dk/export-ta_arm32/lib/libutee.a(tee_api_arith_mpi.o)
                0x0000ed3c                _TEE_MathAPI_Init
                0x0000ed80                TEE_BigIntInit
                0x0000edb8                TEE_BigIntConvertFromOctetString
                0x0000ee14                TEE_BigIntConvertToOctetString
                0x0000ee6c                TEE_BigIntConvertFromS32
                0x0000eebc                TEE_BigIntConvertToS32
                0x0000ef18                TEE_BigIntCmp
                0x0000ef4e                TEE_BigIntCmpS32
                0x0000f084                TEE_BigIntShiftRight
                0x0000f194                TEE_BigIntGetBit
                0x0000f1be                TEE_BigIntGetBitCount
                0x0000f1e0                TEE_BigIntAdd
                0x0000f200                TEE_BigIntSub
                0x0000f220                TEE_BigIntNeg
                0x0000f294                TEE_BigIntMul
                0x0000f33c                TEE_BigIntSquare
                0x0000f342                TEE_BigIntDiv
                0x0000f43c                TEE_BigIntMod
                0x0000f48c                TEE_BigIntAddMod
                0x0000f4a8                TEE_BigIntSubMod
                0x0000f4c4                TEE_BigIntMulMod
                0x0000f4e0                TEE_BigIntSquareMod
                0x0000f4e8                TEE_BigIntInvMod
                0x0000f5a8                TEE_BigIntRelativePrime
                0x0000f624                TEE_BigIntComputeExtendedGcd
                0x0000f7c0                TEE_BigIntIsProbablePrime
                0x0000f7f0                TEE_BigIntInitFMM
                0x0000f7f4                TEE_BigIntInitFMMContext
                0x0000f7f6                TEE_BigIntFMMSizeInU32
                0x0000f7fe                TEE_BigIntFMMContextSizeInU32
                0x0000f802                TEE_BigIntConvertToFMM
                0x0000f806                TEE_BigIntConvertFromFMM
                0x0000f86c                TEE_BigIntComputeFMM
 .text          0x0000f92c      0x23c /home/lubuntu/Dokument/GitHub/STM32-Computer/Firmware/STM32-Computer-Firmware/CA7/optee-os-3.19.0-r2/optee-os-stm32mp-3.19.0-stm32mp-r2/../build/stm32mp135f-dk/export-ta_arm32/lib/libutee.a(tcb.o)
                0x0000f92c                __utee_tcb_init
                0x0000faa8                __tls_get_addr
                0x0000fac0                dl_iterate_phdr
 .text          0x0000fb68     0x2854 /home/lubuntu/Dokument/GitHub/STM32-Computer/Firmware/STM32-Computer-Firmware/CA7/optee-os-3.19.0-r2/optee-os-stm32mp-3.19.0-stm32mp-r2/../build/stm32mp135f-dk/export-ta_arm32/lib/libmbedtls.a(bignum.o)
                0x000100e6                mbedtls_mpi_init
                0x000100f2                mbedtls_mpi_init_mempool
                0x00010118                mbedtls_mpi_free
                0x0001015c                mbedtls_mpi_grow
                0x0001022e                mbedtls_mpi_shrink
                0x000102e4                mbedtls_mpi_copy
                0x0001034e                mbedtls_mpi_swap
                0x0001037c                mbedtls_mpi_lset
                0x000103b4                mbedtls_mpi_get_bit
                0x000103d4                mbedtls_mpi_set_bit
                0x00010422                mbedtls_mpi_lsb
                0x0001045a                mbedtls_mpi_bitlen
                0x00010494                mbedtls_mpi_size
                0x000104a0                mbedtls_mpi_read_binary_le
                0x000104e4                mbedtls_mpi_read_binary
                0x00010526                mbedtls_mpi_write_binary_le
                0x00010592                mbedtls_mpi_write_binary
                0x000105fc                mbedtls_mpi_shift_l
                0x000106a0                mbedtls_mpi_shift_r
                0x0001071a                mbedtls_mpi_cmp_abs
                0x0001077c                mbedtls_mpi_cmp_mpi
                0x00010802                mbedtls_mpi_cmp_int
                0x00010830                mbedtls_mpi_add_abs
                0x000108de                mbedtls_mpi_sub_abs
                0x000109c0                mbedtls_mpi_add_mpi
                0x00010a0c                mbedtls_mpi_sub_mpi
                0x00010a5a                mbedtls_mpi_add_int
                0x00010a88                mbedtls_mpi_sub_int
                0x00010ab6                mbedtls_mpi_mul_mpi
                0x00010ba0                mbedtls_mpi_mul_int
                0x00010bfc                mbedtls_mpi_read_string
                0x00010d18                mbedtls_mpi_div_mpi
                0x00011068                mbedtls_mpi_div_int
                0x00011096                mbedtls_mpi_mod_mpi
                0x000110fa                mbedtls_mpi_mod_int
                0x00011166                mbedtls_mpi_write_string
                0x00011314                mbedtls_mpi_montg_init
                0x0001131a                mbedtls_mpi_montmul
                0x0001131e                mbedtls_mpi_montred
                0x00011322                mbedtls_mpi_exp_mod
                0x0001176c                mbedtls_mpi_gcd
                0x0001186c                mbedtls_mpi_fill_random
                0x00011a32                mbedtls_mpi_random
                0x00011b18                mbedtls_mpi_inv_mod
                0x00011dfe                mbedtls_mpi_is_prime_ext
                0x00011e64                mbedtls_mpi_is_prime
                0x00011e6e                mbedtls_mpi_gen_prime
                0x00012080                mbedtls_mpi_self_test
 .text          0x000123bc       0x14 /home/lubuntu/Dokument/GitHub/STM32-Computer/Firmware/STM32-Computer-Firmware/CA7/optee-os-3.19.0-r2/optee-os-stm32mp-3.19.0-stm32mp-r2/../build/stm32mp135f-dk/export-ta_arm32/lib/libmbedtls.a(platform_util.o)
                0x000123bc                mbedtls_platform_zeroize
 .text          0x000123d0      0xcf0 /home/lubuntu/Dokument/GitHub/STM32-Computer/Firmware/STM32-Computer-Firmware/CA7/optee-os-3.19.0-r2/optee-os-stm32mp-3.19.0-stm32mp-r2/../build/stm32mp135f-dk/export-ta_arm32/lib/libutils.a(bget_malloc.o)
                0x0001241c                bget
                0x00012638                bgetz
                0x00012694                brel
                0x00012898                bgetr
                0x00012918                bpool
                0x000129b0                bstats
                0x00012a54                bget_main_test
                0x00012ca4                malloc_reset_stats
                0x00012cb8                malloc_get_stats
                0x00012cd4                raw_memalign
                0x00012d2a                raw_malloc
                0x00012d3c                raw_free
                0x00012d44                raw_calloc
                0x00012da2                raw_realloc
                0x00012ed8                malloc
                0x00012eec                calloc
                0x00012f0c                realloc
                0x00012f2c                memalign
                0x00012f4c                aligned_alloc
                0x00012f5e                free
                0x00012f70                free_wipe
                0x00012f80                raw_malloc_get_ctx_size
                0x00012f84                raw_malloc_init_ctx
                0x00012f96                raw_malloc_add_pool
                0x00012f98                raw_malloc_get_stats
                0x00012fb0                malloc_add_pool
                0x00012fc0                malloc_buffer_is_within_alloced
                0x0001306c                malloc_buffer_overlaps_heap
 .text          0x000130c0       0xf0 /home/lubuntu/Dokument/GitHub/STM32-Computer/Firmware/STM32-Computer-Firmware/CA7/optee-os-3.19.0-r2/optee-os-stm32mp-3.19.0-stm32mp-r2/../build/stm32mp135f-dk/export-ta_arm32/lib/libutils.a(mempool.o)
                0x000130c0                mempool_alloc_pool
                0x00013144                mempool_alloc
                0x00013180                mempool_calloc
                0x000131a2                mempool_free
 .text          0x000131b0       0xcc /home/lubuntu/Dokument/GitHub/STM32-Computer/Firmware/STM32-Computer-Firmware/CA7/optee-os-3.19.0-r2/optee-os-stm32mp-3.19.0-stm32mp-r2/../build/stm32mp135f-dk/ta/pkcs11/src/handle.o
                0x000131b0                handle_db_init
                0x000131b8                handle_db_destroy
                0x000131cc                handle_get
                0x00013226                handle_put
                0x00013242                handle_lookup
                0x00013258                handle_lookup_handle
 .text          0x0001327c       0x6c /home/lubuntu/Dokument/GitHub/STM32-Computer/Firmware/STM32-Computer-Firmware/CA7/optee-os-3.19.0-r2/optee-os-stm32mp-3.19.0-stm32mp-r2/../build/stm32mp135f-dk/ta/pkcs11/src/processing_aes.o
                0x0001327c                tee_init_ctr_operation
 .text          0x000132e8        0xe /home/lubuntu/Dokument/GitHub/STM32-Computer/Firmware/STM32-Computer-Firmware/CA7/optee-os-3.19.0-r2/optee-os-stm32mp-3.19.0-stm32mp-r2/../build/stm32mp135f-dk/ta/pkcs11/user_ta_header.o
                0x000132e8                __ta_entry_c
                0x000132f2                tahead_get_trace_level
 .text          0x000132f6       0x2c /home/lubuntu/Dokument/GitHub/STM32-Computer/Firmware/STM32-Computer-Firmware/CA7/optee-os-3.19.0-r2/optee-os-stm32mp-3.19.0-stm32mp-r2/../build/stm32mp135f-dk/export-ta_arm32/lib/libutils.a(snprintf.o)
                0x000132f6                snprintf
                0x00013314                vsnprintf
 .text          0x00013322       0x10 /home/lubuntu/Dokument/GitHub/STM32-Computer/Firmware/STM32-Computer-Firmware/CA7/optee-os-3.19.0-r2/optee-os-stm32mp-3.19.0-stm32mp-r2/../build/stm32mp135f-dk/export-ta_arm32/lib/libutils.a(memset.o)
                0x00013322                memset
 .text          0x00013332       0x1a /home/lubuntu/Dokument/GitHub/STM32-Computer/Firmware/STM32-Computer-Firmware/CA7/optee-os-3.19.0-r2/optee-os-stm32mp-3.19.0-stm32mp-r2/../build/stm32mp135f-dk/export-ta_arm32/lib/libutils.a(strchr.o)
                0x00013332                strchr
 .text          0x0001334c       0x16 /home/lubuntu/Dokument/GitHub/STM32-Computer/Firmware/STM32-Computer-Firmware/CA7/optee-os-3.19.0-r2/optee-os-stm32mp-3.19.0-stm32mp-r2/../build/stm32mp135f-dk/export-ta_arm32/lib/libutils.a(strcmp.o)
                0x0001334c                strcmp
 .text          0x00013362       0x10 /home/lubuntu/Dokument/GitHub/STM32-Computer/Firmware/STM32-Computer-Firmware/CA7/optee-os-3.19.0-r2/optee-os-stm32mp-3.19.0-stm32mp-r2/../build/stm32mp135f-dk/export-ta_arm32/lib/libutils.a(strcpy.o)
                0x00013362                strcpy
 .text          0x00013372       0x10 /home/lubuntu/Dokument/GitHub/STM32-Computer/Firmware/STM32-Computer-Firmware/CA7/optee-os-3.19.0-r2/optee-os-stm32mp-3.19.0-stm32mp-r2/../build/stm32mp135f-dk/export-ta_arm32/lib/libutils.a(strlen.o)
                0x00013372                strlen
 .text          0x00013382       0x18 /home/lubuntu/Dokument/GitHub/STM32-Computer/Firmware/STM32-Computer-Firmware/CA7/optee-os-3.19.0-r2/optee-os-stm32mp-3.19.0-stm32mp-r2/../build/stm32mp135f-dk/export-ta_arm32/lib/libutils.a(strnlen.o)
                0x00013382                strnlen
 .text          0x0001339a       0x32 /home/lubuntu/Dokument/GitHub/STM32-Computer/Firmware/STM32-Computer-Firmware/CA7/optee-os-3.19.0-r2/optee-os-stm32mp-3.19.0-stm32mp-r2/../build/stm32mp135f-dk/export-ta_arm32/lib/libutils.a(strstr.o)
                0x0001339a                strstr
 .text          0x000133cc       0x48 /home/lubuntu/Dokument/GitHub/STM32-Computer/Firmware/STM32-Computer-Firmware/CA7/optee-os-3.19.0-r2/optee-os-stm32mp-3.19.0-stm32mp-r2/../build/stm32mp135f-dk/export-ta_arm32/lib/libutils.a(consttime_memcmp.o)
                0x000133cc                consttime_memcmp
 .text          0x00013414       0x1c /home/lubuntu/Dokument/GitHub/STM32-Computer/Firmware/STM32-Computer-Firmware/CA7/optee-os-3.19.0-r2/optee-os-stm32mp-3.19.0-stm32mp-r2/../build/stm32mp135f-dk/export-ta_arm32/lib/libutils.a(memchr.o)
                0x00013414                memchr
 .text          0x00013430      0x134 /home/lubuntu/Dokument/GitHub/STM32-Computer/Firmware/STM32-Computer-Firmware/CA7/optee-os-3.19.0-r2/optee-os-stm32mp-3.19.0-stm32mp-r2/../build/stm32mp135f-dk/export-ta_arm32/lib/libutils.a(arm32_aeabi_ldivmod.o)
                0x000134ba                __ul_divmod
                0x000134f4                __l_divmod
 .text          0x00013564      0x450 /home/lubuntu/Dokument/GitHub/STM32-Computer/Firmware/STM32-Computer-Firmware/CA7/optee-os-3.19.0-r2/optee-os-stm32mp-3.19.0-stm32mp-r2/../build/stm32mp135f-dk/export-ta_arm32/lib/libmbedtls.a(constant_time.o)
                0x00013574                mbedtls_ct_memcmp
                0x0001359c                mbedtls_ct_uint_mask
                0x000135a4                mbedtls_ct_mpi_uint_mask
                0x000135ac                mbedtls_ct_size_bool_eq
                0x000135b8                mbedtls_ct_mpi_uint_lt
                0x000135c6                mbedtls_ct_uint_if
                0x000135d8                mbedtls_ct_mpi_uint_cond_assign
                0x000135fc                mbedtls_ct_base64_enc_char
                0x00013654                mbedtls_ct_base64_dec_value
                0x000136b2                mbedtls_mpi_safe_cond_assign
                0x00013714                mbedtls_mpi_safe_cond_swap
                0x0001379c                mbedtls_mpi_lt_mpi_ct
                0x0001382e                mbedtls_ct_rsaes_pkcs1_v15_unpadding
 .text          0x000139b4       0x1c /home/lubuntu/Dokument/GitHub/STM32-Computer/Firmware/STM32-Computer-Firmware/CA7/optee-os-3.19.0-r2/optee-os-stm32mp-3.19.0-stm32mp-r2/../build/stm32mp135f-dk/export-ta_arm32/lib/libutils.a(isxdigit.o)
                0x000139b4                isxdigit
 .text          0x000139d0        0xc /home/lubuntu/Dokument/GitHub/STM32-Computer/Firmware/STM32-Computer-Firmware/CA7/optee-os-3.19.0-r2/optee-os-stm32mp-3.19.0-stm32mp-r2/../build/stm32mp135f-dk/export-ta_arm32/lib/libutils.a(tolower.o)
                0x000139d0                tolower
 .text          0x000139dc       0x34 /home/lubuntu/Dokument/GitHub/STM32-Computer/Firmware/STM32-Computer-Firmware/CA7/optee-os-3.19.0-r2/optee-os-stm32mp-3.19.0-stm32mp-r2/../build/stm32mp135f-dk/export-ta_arm32/lib/libutils.a(memmove.o)
                0x000139dc                memmove
 .text          0x00013a10       0x2a /home/lubuntu/Dokument/GitHub/STM32-Computer/Firmware/STM32-Computer-Firmware/CA7/optee-os-3.19.0-r2/optee-os-stm32mp-3.19.0-stm32mp-r2/../build/stm32mp135f-dk/export-ta_arm32/lib/libutils.a(strlcpy.o)
                0x00013a10                strlcpy
 .text          0x00013a3a        0x0 /home/lubuntu/Dokument/GitHub/STM32-Computer/Firmware/STM32-Computer-Firmware/CA7/optee-os-3.19.0-r2/optee-os-stm32mp-3.19.0-stm32mp-r2/../build/stm32mp135f-dk/ta/pkcs11/ta_entry_a32.o
 .text          0x00013a3a        0x0 /home/lubuntu/Dokument/GitHub/STM32-Computer/Firmware/STM32-Computer-Firmware/CA7/optee-os-3.19.0-r2/optee-os-stm32mp-3.19.0-stm32mp-r2/../build/stm32mp135f-dk/export-ta_arm32/lib/libutils.a(arm32_aeabi_ldivmod_a32.o)
 .text          0x00013a3a        0x0 /home/lubuntu/Dokument/GitHub/STM32-Computer/Firmware/STM32-Computer-Firmware/CA7/optee-os-3.19.0-r2/optee-os-stm32mp-3.19.0-stm32mp-r2/../build/stm32mp135f-dk/export-ta_arm32/lib/libutee.a(abort.o)
 *fill*         0x00013a3a        0x6 
 .text.__stub   0x00013a40       0x40 linker stubs
 *(SORT_BY_ALIGNMENT(.stub))
 *(SORT_BY_ALIGNMENT(.glue_7))
 .glue_7        0x00013a80        0x0 linker stubs
 *(SORT_BY_ALIGNMENT(.glue_7t))
 .glue_7t       0x00013a80        0x0 linker stubs
 *(SORT_BY_ALIGNMENT(.gnu.linkonce.t.*))
 *(SORT_BY_ALIGNMENT(.vfp11_veneer))
 .vfp11_veneer  0x00013a80        0x0 linker stubs
                0x00013a80                        __text_end = .

.v4_bx          0x00013a80        0x0
 .v4_bx         0x00013a80        0x0 linker stubs

.iplt           0x00013a80        0x0
 .iplt          0x00013a80        0x0 /home/lubuntu/Dokument/GitHub/STM32-Computer/Firmware/STM32-Computer-Firmware/CA7/optee-os-3.19.0-r2/optee-os-stm32mp-3.19.0-stm32mp-r2/../build/stm32mp135f-dk/ta/pkcs11/src/attributes.o

.note.gnu.property
 *(SORT_BY_ALIGNMENT(.note.gnu.property))

.plt            0x00013a80        0x0
 *(SORT_BY_ALIGNMENT(.plt))
 .plt           0x00013a80        0x0 /home/lubuntu/Dokument/GitHub/STM32-Computer/Firmware/STM32-Computer-Firmware/CA7/optee-os-3.19.0-r2/optee-os-stm32mp-3.19.0-stm32mp-r2/../build/stm32mp135f-dk/ta/pkcs11/src/attributes.o

.eh_frame_hdr
 *(SORT_BY_ALIGNMENT(.eh_frame_hdr))
 *(SORT_BY_ALIGNMENT(.eh_frame_entry) SORT_BY_ALIGNMENT(.eh_frame_entry.*))

.eh_frame
 *(SORT_BY_ALIGNMENT(.eh_frame))
 *(SORT_BY_ALIGNMENT(.eh_frame.*))

.gcc_except_table
 *(SORT_BY_ALIGNMENT(.gcc_except_table) SORT_BY_ALIGNMENT(.gcc_except_table.*))

.rodata         0x00013a80     0x5b17
 *(SORT_BY_ALIGNMENT(.gnu.linkonce.r.*))
 *(SORT_BY_ALIGNMENT(.rodata) SORT_BY_ALIGNMENT(.rodata.*))
 .rodata.ta/pkcs11/src/pkcs11_attributes.c
                0x00013a80      0x36c /home/lubuntu/Dokument/GitHub/STM32-Computer/Firmware/STM32-Computer-Firmware/CA7/optee-os-3.19.0-r2/optee-os-stm32mp-3.19.0-stm32mp-r2/../build/stm32mp135f-dk/ta/pkcs11/src/pkcs11_attributes.o
                0x00013de0                raw_data_opt_or_null
 .rodata.ta/pkcs11/src/pkcs11_helpers.c
                0x00013dec       0xaa /home/lubuntu/Dokument/GitHub/STM32-Computer/Firmware/STM32-Computer-Firmware/CA7/optee-os-3.19.0-r2/optee-os-stm32mp-3.19.0-stm32mp-r2/../build/stm32mp135f-dk/ta/pkcs11/src/pkcs11_helpers.o
 *fill*         0x00013e96        0x2 
 .rodata.ta/pkcs11/src/pkcs11_token.c
                0x00013e98      0x122 /home/lubuntu/Dokument/GitHub/STM32-Computer/Firmware/STM32-Computer-Firmware/CA7/optee-os-3.19.0-r2/optee-os-stm32mp-3.19.0-stm32mp-r2/../build/stm32mp135f-dk/ta/pkcs11/src/pkcs11_token.o
 *fill*         0x00013fba        0x2 
 .rodata.ta/pkcs11/src/processing_asymm.c
                0x00013fbc      0x156 /home/lubuntu/Dokument/GitHub/STM32-Computer/Firmware/STM32-Computer-Firmware/CA7/optee-os-3.19.0-r2/optee-os-stm32mp-3.19.0-stm32mp-r2/../build/stm32mp135f-dk/ta/pkcs11/src/processing_asymm.o
 *fill*         0x00014112        0x2 
 .rodata.ta/pkcs11/src/processing_digest.c
                0x00014114       0x76 /home/lubuntu/Dokument/GitHub/STM32-Computer/Firmware/STM32-Computer-Firmware/CA7/optee-os-3.19.0-r2/optee-os-stm32mp-3.19.0-stm32mp-r2/../build/stm32mp135f-dk/ta/pkcs11/src/processing_digest.o
 *fill*         0x0001418a        0x2 
 .rodata.ta/pkcs11/src/processing_symm.c
                0x0001418c      0x22a /home/lubuntu/Dokument/GitHub/STM32-Computer/Firmware/STM32-Computer-Firmware/CA7/optee-os-3.19.0-r2/optee-os-stm32mp-3.19.0-stm32mp-r2/../build/stm32mp135f-dk/ta/pkcs11/src/processing_symm.o
 *fill*         0x000143b6        0x2 
 .rodata./home/lubuntu/Dokument/GitHub/STM32-Computer/Firmware/STM32-Computer-Firmware/CA7/optee-os-3.19.0-r2/optee-os-stm32mp-3.19.0-stm32mp-r2/../build/stm32mp135f-dk/export-ta_arm32/src/user_ta_header.c
                0x000143b8       0x17 /home/lubuntu/Dokument/GitHub/STM32-Computer/Firmware/STM32-Computer-Firmware/CA7/optee-os-3.19.0-r2/optee-os-stm32mp-3.19.0-stm32mp-r2/../build/stm32mp135f-dk/ta/pkcs11/user_ta_header.o
                0x000143b8                ta_num_props
                0x000143c8                ta_heap_size
                0x000143cc                trace_ext_prefix
 *fill*         0x000143cf        0x1 
 .rodata.lib/libutee/tee_api_property.c
                0x000143d0       0x10 /home/lubuntu/Dokument/GitHub/STM32-Computer/Firmware/STM32-Computer-Firmware/CA7/optee-os-3.19.0-r2/optee-os-stm32mp-3.19.0-stm32mp-r2/../build/stm32mp135f-dk/export-ta_arm32/lib/libutee.a(tee_api_property.o)
 .rodata.lib/libutee/tee_system_pta.c
                0x000143e0       0x31 /home/lubuntu/Dokument/GitHub/STM32-Computer/Firmware/STM32-Computer-Firmware/CA7/optee-os-3.19.0-r2/optee-os-stm32mp-3.19.0-stm32mp-r2/../build/stm32mp135f-dk/export-ta_arm32/lib/libutee.a(tee_system_pta.o)
 *fill*         0x00014411        0x3 
 .rodata.lib/libmbedtls/mbedtls/library/bignum.c
                0x00014414      0x2c4 /home/lubuntu/Dokument/GitHub/STM32-Computer/Firmware/STM32-Computer-Firmware/CA7/optee-os-3.19.0-r2/optee-os-stm32mp-3.19.0-stm32mp-r2/../build/stm32mp135f-dk/export-ta_arm32/lib/libmbedtls.a(bignum.o)
 .rodata.str1.1.ta/pkcs11/src/attributes.c
                0x000146d8       0x74 /home/lubuntu/Dokument/GitHub/STM32-Computer/Firmware/STM32-Computer-Firmware/CA7/optee-os-3.19.0-r2/optee-os-stm32mp-3.19.0-stm32mp-r2/../build/stm32mp135f-dk/ta/pkcs11/src/attributes.o
 .rodata.ta/pkcs11/src/attributes.c
                0x0001474c       0x2d /home/lubuntu/Dokument/GitHub/STM32-Computer/Firmware/STM32-Computer-Firmware/CA7/optee-os-3.19.0-r2/optee-os-stm32mp-3.19.0-stm32mp-r2/../build/stm32mp135f-dk/ta/pkcs11/src/attributes.o
 .rodata.str1.1.ta/pkcs11/src/entry.c
                0x00014779       0x1d /home/lubuntu/Dokument/GitHub/STM32-Computer/Firmware/STM32-Computer-Firmware/CA7/optee-os-3.19.0-r2/optee-os-stm32mp-3.19.0-stm32mp-r2/../build/stm32mp135f-dk/ta/pkcs11/src/entry.o
 .rodata.ta/pkcs11/src/entry.c
                0x00014796       0x1b /home/lubuntu/Dokument/GitHub/STM32-Computer/Firmware/STM32-Computer-Firmware/CA7/optee-os-3.19.0-r2/optee-os-stm32mp-3.19.0-stm32mp-r2/../build/stm32mp135f-dk/ta/pkcs11/src/entry.o
 .rodata.str1.1.ta/pkcs11/src/object.c
                0x000147b1       0x6e /home/lubuntu/Dokument/GitHub/STM32-Computer/Firmware/STM32-Computer-Firmware/CA7/optee-os-3.19.0-r2/optee-os-stm32mp-3.19.0-stm32mp-r2/../build/stm32mp135f-dk/ta/pkcs11/src/object.o
                                 0x78 (size before relaxing)
 .rodata.ta/pkcs11/src/object.c
                0x0001481f       0x27 /home/lubuntu/Dokument/GitHub/STM32-Computer/Firmware/STM32-Computer-Firmware/CA7/optee-os-3.19.0-r2/optee-os-stm32mp-3.19.0-stm32mp-r2/../build/stm32mp135f-dk/ta/pkcs11/src/object.o
 .rodata.str1.1.ta/pkcs11/src/persistent_token.c
                0x00014846      0x259 /home/lubuntu/Dokument/GitHub/STM32-Computer/Firmware/STM32-Computer-Firmware/CA7/optee-os-3.19.0-r2/optee-os-stm32mp-3.19.0-stm32mp-r2/../build/stm32mp135f-dk/ta/pkcs11/src/persistent_token.o
 .rodata.ta/pkcs11/src/persistent_token.c
                0x00014a9f       0xea /home/lubuntu/Dokument/GitHub/STM32-Computer/Firmware/STM32-Computer-Firmware/CA7/optee-os-3.19.0-r2/optee-os-stm32mp-3.19.0-stm32mp-r2/../build/stm32mp135f-dk/ta/pkcs11/src/persistent_token.o
 .rodata.str1.1.ta/pkcs11/src/pkcs11_attributes.c
                0x00014b89      0x58e /home/lubuntu/Dokument/GitHub/STM32-Computer/Firmware/STM32-Computer-Firmware/CA7/optee-os-3.19.0-r2/optee-os-stm32mp-3.19.0-stm32mp-r2/../build/stm32mp135f-dk/ta/pkcs11/src/pkcs11_attributes.o
 .rodata.str1.1.ta/pkcs11/src/pkcs11_helpers.c
                0x00015117     0x1908 /home/lubuntu/Dokument/GitHub/STM32-Computer/Firmware/STM32-Computer-Firmware/CA7/optee-os-3.19.0-r2/optee-os-stm32mp-3.19.0-stm32mp-r2/../build/stm32mp135f-dk/ta/pkcs11/src/pkcs11_helpers.o
                               0x1a52 (size before relaxing)
 .rodata.str1.1.ta/pkcs11/src/pkcs11_token.c
                0x00016a1f      0x163 /home/lubuntu/Dokument/GitHub/STM32-Computer/Firmware/STM32-Computer-Firmware/CA7/optee-os-3.19.0-r2/optee-os-stm32mp-3.19.0-stm32mp-r2/../build/stm32mp135f-dk/ta/pkcs11/src/pkcs11_token.o
 .rodata.str1.1.ta/pkcs11/src/processing.c
                0x00016b82       0x62 /home/lubuntu/Dokument/GitHub/STM32-Computer/Firmware/STM32-Computer-Firmware/CA7/optee-os-3.19.0-r2/optee-os-stm32mp-3.19.0-stm32mp-r2/../build/stm32mp135f-dk/ta/pkcs11/src/processing.o
                                 0x85 (size before relaxing)
 .rodata.ta/pkcs11/src/processing.c
                0x00016be4       0x61 /home/lubuntu/Dokument/GitHub/STM32-Computer/Firmware/STM32-Computer-Firmware/CA7/optee-os-3.19.0-r2/optee-os-stm32mp-3.19.0-stm32mp-r2/../build/stm32mp135f-dk/ta/pkcs11/src/processing.o
 .rodata.str1.1.ta/pkcs11/src/processing_asymm.c
                0x00016c45      0x1c7 /home/lubuntu/Dokument/GitHub/STM32-Computer/Firmware/STM32-Computer-Firmware/CA7/optee-os-3.19.0-r2/optee-os-stm32mp-3.19.0-stm32mp-r2/../build/stm32mp135f-dk/ta/pkcs11/src/processing_asymm.o
                                0x1f6 (size before relaxing)
 .rodata.str1.1.ta/pkcs11/src/processing_digest.c
                0x00016e0c      0x11c /home/lubuntu/Dokument/GitHub/STM32-Computer/Firmware/STM32-Computer-Firmware/CA7/optee-os-3.19.0-r2/optee-os-stm32mp-3.19.0-stm32mp-r2/../build/stm32mp135f-dk/ta/pkcs11/src/processing_digest.o
 .rodata.str1.1.ta/pkcs11/src/processing_ec.c
                0x00016f28      0x1b7 /home/lubuntu/Dokument/GitHub/STM32-Computer/Firmware/STM32-Computer-Firmware/CA7/optee-os-3.19.0-r2/optee-os-stm32mp-3.19.0-stm32mp-r2/../build/stm32mp135f-dk/ta/pkcs11/src/processing_ec.o
                                0x1b9 (size before relaxing)
 .rodata.ta/pkcs11/src/processing_ec.c
                0x000170df      0x69d /home/lubuntu/Dokument/GitHub/STM32-Computer/Firmware/STM32-Computer-Firmware/CA7/optee-os-3.19.0-r2/optee-os-stm32mp-3.19.0-stm32mp-r2/../build/stm32mp135f-dk/ta/pkcs11/src/processing_ec.o
 .rodata.str1.1.ta/pkcs11/src/processing_rsa.c
                0x0001777c       0x89 /home/lubuntu/Dokument/GitHub/STM32-Computer/Firmware/STM32-Computer-Firmware/CA7/optee-os-3.19.0-r2/optee-os-stm32mp-3.19.0-stm32mp-r2/../build/stm32mp135f-dk/ta/pkcs11/src/processing_rsa.o
                                 0xa9 (size before relaxing)
 .rodata.ta/pkcs11/src/processing_rsa.c
                0x00017805       0x5a /home/lubuntu/Dokument/GitHub/STM32-Computer/Firmware/STM32-Computer-Firmware/CA7/optee-os-3.19.0-r2/optee-os-stm32mp-3.19.0-stm32mp-r2/../build/stm32mp135f-dk/ta/pkcs11/src/processing_rsa.o
 .rodata.str1.1.ta/pkcs11/src/processing_symm.c
                0x0001785f      0x107 /home/lubuntu/Dokument/GitHub/STM32-Computer/Firmware/STM32-Computer-Firmware/CA7/optee-os-3.19.0-r2/optee-os-stm32mp-3.19.0-stm32mp-r2/../build/stm32mp135f-dk/ta/pkcs11/src/processing_symm.o
                                0x160 (size before relaxing)
 .rodata.str1.1.ta/pkcs11/src/sanitize_object.c
                0x00017966       0xfe /home/lubuntu/Dokument/GitHub/STM32-Computer/Firmware/STM32-Computer-Firmware/CA7/optee-os-3.19.0-r2/optee-os-stm32mp-3.19.0-stm32mp-r2/../build/stm32mp135f-dk/ta/pkcs11/src/sanitize_object.o
                                0x110 (size before relaxing)
 .rodata.ta/pkcs11/src/sanitize_object.c
                0x00017a64       0x78 /home/lubuntu/Dokument/GitHub/STM32-Computer/Firmware/STM32-Computer-Firmware/CA7/optee-os-3.19.0-r2/optee-os-stm32mp-3.19.0-stm32mp-r2/../build/stm32mp135f-dk/ta/pkcs11/src/sanitize_object.o
 .rodata.str1.1.ta/pkcs11/src/serializer.c
                0x00017adc       0x30 /home/lubuntu/Dokument/GitHub/STM32-Computer/Firmware/STM32-Computer-Firmware/CA7/optee-os-3.19.0-r2/optee-os-stm32mp-3.19.0-stm32mp-r2/../build/stm32mp135f-dk/ta/pkcs11/src/serializer.o
 .rodata.ta/pkcs11/src/serializer.c
                0x00017b0c       0x13 /home/lubuntu/Dokument/GitHub/STM32-Computer/Firmware/STM32-Computer-Firmware/CA7/optee-os-3.19.0-r2/optee-os-stm32mp-3.19.0-stm32mp-r2/../build/stm32mp135f-dk/ta/pkcs11/src/serializer.o
 .rodata.str1.1.ta/pkcs11/src/token_capabilities.c
                0x00017b1f      0xb62 /home/lubuntu/Dokument/GitHub/STM32-Computer/Firmware/STM32-Computer-Firmware/CA7/optee-os-3.19.0-r2/optee-os-stm32mp-3.19.0-stm32mp-r2/../build/stm32mp135f-dk/ta/pkcs11/src/token_capabilities.o
 .rodata.ta/pkcs11/src/token_capabilities.c
                0x00018681       0x54 /home/lubuntu/Dokument/GitHub/STM32-Computer/Firmware/STM32-Computer-Firmware/CA7/optee-os-3.19.0-r2/optee-os-stm32mp-3.19.0-stm32mp-r2/../build/stm32mp135f-dk/ta/pkcs11/src/token_capabilities.o
 .rodata.str1.1./home/lubuntu/Dokument/GitHub/STM32-Computer/Firmware/STM32-Computer-Firmware/CA7/optee-os-3.19.0-r2/optee-os-stm32mp-3.19.0-stm32mp-r2/../build/stm32mp135f-dk/export-ta_arm32/src/user_ta_header.c
                0x000186d5       0xa8 /home/lubuntu/Dokument/GitHub/STM32-Computer/Firmware/STM32-Computer-Firmware/CA7/optee-os-3.19.0-r2/optee-os-stm32mp-3.19.0-stm32mp-r2/../build/stm32mp135f-dk/ta/pkcs11/user_ta_header.o
 .rodata.str1.1.lib/libutils/ext/snprintk.c
                0x0001877d       0x38 /home/lubuntu/Dokument/GitHub/STM32-Computer/Firmware/STM32-Computer-Firmware/CA7/optee-os-3.19.0-r2/optee-os-stm32mp-3.19.0-stm32mp-r2/../build/stm32mp135f-dk/export-ta_arm32/lib/libutils.a(snprintk.o)
 .rodata.lib/libutils/ext/snprintk.c
                0x000187b5       0x22 /home/lubuntu/Dokument/GitHub/STM32-Computer/Firmware/STM32-Computer-Firmware/CA7/optee-os-3.19.0-r2/optee-os-stm32mp-3.19.0-stm32mp-r2/../build/stm32mp135f-dk/export-ta_arm32/lib/libutils.a(snprintk.o)
 .rodata.str1.1.lib/libutils/ext/trace.c
                0x000187d7       0x1a /home/lubuntu/Dokument/GitHub/STM32-Computer/Firmware/STM32-Computer-Firmware/CA7/optee-os-3.19.0-r2/optee-os-stm32mp-3.19.0-stm32mp-r2/../build/stm32mp135f-dk/export-ta_arm32/lib/libutils.a(trace.o)
                                 0x1b (size before relaxing)
 .rodata.lib/libutils/ext/trace.c
                0x000187f1        0x5 /home/lubuntu/Dokument/GitHub/STM32-Computer/Firmware/STM32-Computer-Firmware/CA7/optee-os-3.19.0-r2/optee-os-stm32mp-3.19.0-stm32mp-r2/../build/stm32mp135f-dk/export-ta_arm32/lib/libutils.a(trace.o)
 .rodata.str1.1.lib/libutee/assert.c
                0x000187f6       0x27 /home/lubuntu/Dokument/GitHub/STM32-Computer/Firmware/STM32-Computer-Firmware/CA7/optee-os-3.19.0-r2/optee-os-stm32mp-3.19.0-stm32mp-r2/../build/stm32mp135f-dk/export-ta_arm32/lib/libutee.a(assert.o)
 .rodata.str1.1.lib/libutee/trace_ext.c
                0x0001881d       0x27 /home/lubuntu/Dokument/GitHub/STM32-Computer/Firmware/STM32-Computer-Firmware/CA7/optee-os-3.19.0-r2/optee-os-stm32mp-3.19.0-stm32mp-r2/../build/stm32mp135f-dk/export-ta_arm32/lib/libutee.a(trace_ext.o)
                                  0x2 (size before relaxing)
 .rodata.str1.1.lib/libutee/tee_api.c
                0x0001881d       0x11 /home/lubuntu/Dokument/GitHub/STM32-Computer/Firmware/STM32-Computer-Firmware/CA7/optee-os-3.19.0-r2/optee-os-stm32mp-3.19.0-stm32mp-r2/../build/stm32mp135f-dk/export-ta_arm32/lib/libutee.a(tee_api.o)
 .rodata.lib/libutee/tee_api.c
                0x0001882e        0xb /home/lubuntu/Dokument/GitHub/STM32-Computer/Firmware/STM32-Computer-Firmware/CA7/optee-os-3.19.0-r2/optee-os-stm32mp-3.19.0-stm32mp-r2/../build/stm32mp135f-dk/export-ta_arm32/lib/libutee.a(tee_api.o)
 .rodata.str1.1.lib/libutee/tee_api_property.c
                0x00018839       0x94 /home/lubuntu/Dokument/GitHub/STM32-Computer/Firmware/STM32-Computer-Firmware/CA7/optee-os-3.19.0-r2/optee-os-stm32mp-3.19.0-stm32mp-r2/../build/stm32mp135f-dk/export-ta_arm32/lib/libutee.a(tee_api_property.o)
                                 0x9c (size before relaxing)
 .rodata.str1.1.lib/libutee/tee_system_pta.c
                0x000188cd       0x55 /home/lubuntu/Dokument/GitHub/STM32-Computer/Firmware/STM32-Computer-Firmware/CA7/optee-os-3.19.0-r2/optee-os-stm32mp-3.19.0-stm32mp-r2/../build/stm32mp135f-dk/export-ta_arm32/lib/libutee.a(tee_system_pta.o)
 .rodata.str1.1.lib/libutee/arch/arm/user_ta_entry.c
                0x00018922       0x4f /home/lubuntu/Dokument/GitHub/STM32-Computer/Firmware/STM32-Computer-Firmware/CA7/optee-os-3.19.0-r2/optee-os-stm32mp-3.19.0-stm32mp-r2/../build/stm32mp135f-dk/export-ta_arm32/lib/libutee.a(user_ta_entry.o)
 .rodata.lib/libutee/arch/arm/user_ta_entry.c
                0x00018971       0x16 /home/lubuntu/Dokument/GitHub/STM32-Computer/Firmware/STM32-Computer-Firmware/CA7/optee-os-3.19.0-r2/optee-os-stm32mp-3.19.0-stm32mp-r2/../build/stm32mp135f-dk/export-ta_arm32/lib/libutee.a(user_ta_entry.o)
 .rodata.str1.1.lib/libutee/abort.c
                0x00018987        0x7 /home/lubuntu/Dokument/GitHub/STM32-Computer/Firmware/STM32-Computer-Firmware/CA7/optee-os-3.19.0-r2/optee-os-stm32mp-3.19.0-stm32mp-r2/../build/stm32mp135f-dk/export-ta_arm32/lib/libutee.a(abort.o)
 .rodata.lib/libutee/base64.c
                0x0001898e       0x41 /home/lubuntu/Dokument/GitHub/STM32-Computer/Firmware/STM32-Computer-Firmware/CA7/optee-os-3.19.0-r2/optee-os-stm32mp-3.19.0-stm32mp-r2/../build/stm32mp135f-dk/export-ta_arm32/lib/libutee.a(base64.o)
 .rodata.str1.1.lib/libutee/tee_api_arith_mpi.c
                0x000189cf       0xb7 /home/lubuntu/Dokument/GitHub/STM32-Computer/Firmware/STM32-Computer-Firmware/CA7/optee-os-3.19.0-r2/optee-os-stm32mp-3.19.0-stm32mp-r2/../build/stm32mp135f-dk/export-ta_arm32/lib/libutee.a(tee_api_arith_mpi.o)
 .rodata.lib/libutee/tee_api_arith_mpi.c
                0x00018a86      0x13d /home/lubuntu/Dokument/GitHub/STM32-Computer/Firmware/STM32-Computer-Firmware/CA7/optee-os-3.19.0-r2/optee-os-stm32mp-3.19.0-stm32mp-r2/../build/stm32mp135f-dk/export-ta_arm32/lib/libutee.a(tee_api_arith_mpi.o)
 .rodata.str1.1.lib/libutee/arch/arm/tcb.c
                0x00018bc3       0x96 /home/lubuntu/Dokument/GitHub/STM32-Computer/Firmware/STM32-Computer-Firmware/CA7/optee-os-3.19.0-r2/optee-os-stm32mp-3.19.0-stm32mp-r2/../build/stm32mp135f-dk/export-ta_arm32/lib/libutee.a(tcb.o)
 .rodata.lib/libutee/arch/arm/tcb.c
                0x00018c59       0x20 /home/lubuntu/Dokument/GitHub/STM32-Computer/Firmware/STM32-Computer-Firmware/CA7/optee-os-3.19.0-r2/optee-os-stm32mp-3.19.0-stm32mp-r2/../build/stm32mp135f-dk/export-ta_arm32/lib/libutee.a(tcb.o)
 .rodata.str1.1.lib/libmbedtls/mbedtls/library/bignum.c
                0x00018c79      0x456 /home/lubuntu/Dokument/GitHub/STM32-Computer/Firmware/STM32-Computer-Firmware/CA7/optee-os-3.19.0-r2/optee-os-stm32mp-3.19.0-stm32mp-r2/../build/stm32mp135f-dk/export-ta_arm32/lib/libmbedtls.a(bignum.o)
                                0x45d (size before relaxing)
 .rodata.str1.1.lib/libutils/isoc/bget_malloc.c
                0x000190cf      0x3a9 /home/lubuntu/Dokument/GitHub/STM32-Computer/Firmware/STM32-Computer-Firmware/CA7/optee-os-3.19.0-r2/optee-os-stm32mp-3.19.0-stm32mp-r2/../build/stm32mp135f-dk/export-ta_arm32/lib/libutils.a(bget_malloc.o)
                                0x3b2 (size before relaxing)
 .rodata.lib/libutils/isoc/bget_malloc.c
                0x00019478       0x6a /home/lubuntu/Dokument/GitHub/STM32-Computer/Firmware/STM32-Computer-Firmware/CA7/optee-os-3.19.0-r2/optee-os-stm32mp-3.19.0-stm32mp-r2/../build/stm32mp135f-dk/export-ta_arm32/lib/libutils.a(bget_malloc.o)
 .rodata.str1.1.lib/libutils/ext/mempool.c
                0x000194e2       0x89 /home/lubuntu/Dokument/GitHub/STM32-Computer/Firmware/STM32-Computer-Firmware/CA7/optee-os-3.19.0-r2/optee-os-stm32mp-3.19.0-stm32mp-r2/../build/stm32mp135f-dk/export-ta_arm32/lib/libutils.a(mempool.o)
 .rodata.lib/libutils/ext/mempool.c
                0x0001956b       0x2c /home/lubuntu/Dokument/GitHub/STM32-Computer/Firmware/STM32-Computer-Firmware/CA7/optee-os-3.19.0-r2/optee-os-stm32mp-3.19.0-stm32mp-r2/../build/stm32mp135f-dk/export-ta_arm32/lib/libutils.a(mempool.o)

.gnu.version_d  0x00019598        0x0
 .gnu.version_d
                0x00019598        0x0 /home/lubuntu/Dokument/GitHub/STM32-Computer/Firmware/STM32-Computer-Firmware/CA7/optee-os-3.19.0-r2/optee-os-stm32mp-3.19.0-stm32mp-r2/../build/stm32mp135f-dk/ta/pkcs11/src/attributes.o

.gnu.version    0x00019598        0x0
 .gnu.version   0x00019598        0x0 /home/lubuntu/Dokument/GitHub/STM32-Computer/Firmware/STM32-Computer-Firmware/CA7/optee-os-3.19.0-r2/optee-os-stm32mp-3.19.0-stm32mp-r2/../build/stm32mp135f-dk/ta/pkcs11/src/attributes.o

.gnu.version_r  0x00019598        0x0
 .gnu.version_r
                0x00019598        0x0 /home/lubuntu/Dokument/GitHub/STM32-Computer/Firmware/STM32-Computer-Firmware/CA7/optee-os-3.19.0-r2/optee-os-stm32mp-3.19.0-stm32mp-r2/../build/stm32mp135f-dk/ta/pkcs11/src/attributes.o

.gnu.hash       0x00019598       0x2c
 .gnu.hash      0x00019598       0x2c /home/lubuntu/Dokument/GitHub/STM32-Computer/Firmware/STM32-Computer-Firmware/CA7/optee-os-3.19.0-r2/optee-os-stm32mp-3.19.0-stm32mp-r2/../build/stm32mp135f-dk/ta/pkcs11/src/attributes.o

.ARM.extab
 *(SORT_BY_ALIGNMENT(.ARM.extab*) SORT_BY_ALIGNMENT(.gnu.linkonce.armextab.*))
                [!provide]                        PROVIDE (__exidx_start = .)

.ARM.exidx
 *(SORT_BY_ALIGNMENT(.ARM.exidx*) SORT_BY_ALIGNMENT(.gnu.linkonce.armexidx.*))
                [!provide]                        PROVIDE (__exidx_end = .)

.ctors
 *(SORT_BY_ALIGNMENT(.ctors))

.dtors
 *(SORT_BY_ALIGNMENT(.dtors))

.dynsym         0x000195c4       0x60
 *(SORT_BY_ALIGNMENT(.dynsym))
 .dynsym        0x000195c4       0x60 /home/lubuntu/Dokument/GitHub/STM32-Computer/Firmware/STM32-Computer-Firmware/CA7/optee-os-3.19.0-r2/optee-os-stm32mp-3.19.0-stm32mp-r2/../build/stm32mp135f-dk/ta/pkcs11/src/attributes.o

.dynstr         0x00019624       0x2e
 *(SORT_BY_ALIGNMENT(.dynstr))
 .dynstr        0x00019624       0x2e /home/lubuntu/Dokument/GitHub/STM32-Computer/Firmware/STM32-Computer-Firmware/CA7/optee-os-3.19.0-r2/optee-os-stm32mp-3.19.0-stm32mp-r2/../build/stm32mp135f-dk/ta/pkcs11/src/attributes.o

.hash           0x00019654       0x2c
 *(SORT_BY_ALIGNMENT(.hash))
 .hash          0x00019654       0x2c /home/lubuntu/Dokument/GitHub/STM32-Computer/Firmware/STM32-Computer-Firmware/CA7/optee-os-3.19.0-r2/optee-os-stm32mp-3.19.0-stm32mp-r2/../build/stm32mp135f-dk/ta/pkcs11/src/attributes.o
                0x0001a000                        . = ALIGN (0x1000)

.dynamic        0x0001a000       0x88
 *(SORT_BY_ALIGNMENT(.dynamic))
 .dynamic       0x0001a000       0x88 /home/lubuntu/Dokument/GitHub/STM32-Computer/Firmware/STM32-Computer-Firmware/CA7/optee-os-3.19.0-r2/optee-os-stm32mp-3.19.0-stm32mp-r2/../build/stm32mp135f-dk/ta/pkcs11/src/attributes.o
                0x0001a000                _DYNAMIC

.tdata
 *(SORT_BY_ALIGNMENT(.tdata) SORT_BY_ALIGNMENT(.tdata.*) SORT_BY_ALIGNMENT(.gnu.linkonce.td.*))

.tbss
 *(SORT_BY_ALIGNMENT(.tbss) SORT_BY_ALIGNMENT(.tbss.*) SORT_BY_ALIGNMENT(.gnu.linkonce.tb.*))
 *(SORT_BY_ALIGNMENT(.tcommon))

.got            0x0001a088       0x64
 *(SORT_BY_ALIGNMENT(.got.plt))
 .got.plt       0x0001a088        0xc /home/lubuntu/Dokument/GitHub/STM32-Computer/Firmware/STM32-Computer-Firmware/CA7/optee-os-3.19.0-r2/optee-os-stm32mp-3.19.0-stm32mp-r2/../build/stm32mp135f-dk/ta/pkcs11/src/attributes.o
                0x0001a088                _GLOBAL_OFFSET_TABLE_
 *(SORT_BY_ALIGNMENT(.got))
 .got           0x0001a094       0x58 /home/lubuntu/Dokument/GitHub/STM32-Computer/Firmware/STM32-Computer-Firmware/CA7/optee-os-3.19.0-r2/optee-os-stm32mp-3.19.0-stm32mp-r2/../build/stm32mp135f-dk/ta/pkcs11/src/attributes.o

.rel.text
 *(SORT_BY_ALIGNMENT(.rel.text))
 *(SORT_BY_ALIGNMENT(.rel.gnu.linkonce.t*))

.rela.text
 *(SORT_BY_ALIGNMENT(.rela.text))
 *(SORT_BY_ALIGNMENT(.rela.gnu.linkonce.t*))

.rel.data
 *(SORT_BY_ALIGNMENT(.rel.data))
 *(SORT_BY_ALIGNMENT(.rel.gnu.linkonce.d*))

.rela.data
 *(SORT_BY_ALIGNMENT(.rela.data))
 *(SORT_BY_ALIGNMENT(.rela.gnu.linkonce.d*))

.rel.tdata
 *(SORT_BY_ALIGNMENT(.rel.tdata) SORT_BY_ALIGNMENT(.rel.tdata.*) SORT_BY_ALIGNMENT(.rel.gnu.linkonce.td.*))

.rela.tdata
 *(SORT_BY_ALIGNMENT(.rela.tdata) SORT_BY_ALIGNMENT(.rela.tdata.*) SORT_BY_ALIGNMENT(.rela.gnu.linkonce.td.*))

.rel.tbss
 *(SORT_BY_ALIGNMENT(.rel.tbss) SORT_BY_ALIGNMENT(.rel.tbss.*) SORT_BY_ALIGNMENT(.rel.gnu.linkonce.tb.*))

.rela.tbss
 *(SORT_BY_ALIGNMENT(.rela.tbss) SORT_BY_ALIGNMENT(.rela.tbss.*) SORT_BY_ALIGNMENT(.rela.gnu.linkonce.tb.*))

.rel.rodata
 *(SORT_BY_ALIGNMENT(.rel.rodata))
 *(SORT_BY_ALIGNMENT(.rel.gnu.linkonce.r*))

.rela.rodata
 *(SORT_BY_ALIGNMENT(.rela.rodata))
 *(SORT_BY_ALIGNMENT(.rela.gnu.linkonce.r*))

.rel.dyn        0x0001a0ec      0xca0
 *(SORT_BY_ALIGNMENT(.rel.dyn))
 .rel.data.rel.ro
                0x0001a0ec        0x0 /home/lubuntu/Dokument/GitHub/STM32-Computer/Firmware/STM32-Computer-Firmware/CA7/optee-os-3.19.0-r2/optee-os-stm32mp-3.19.0-stm32mp-r2/../build/stm32mp135f-dk/ta/pkcs11/src/attributes.o
 .rel.iplt      0x0001a0ec        0x0 /home/lubuntu/Dokument/GitHub/STM32-Computer/Firmware/STM32-Computer-Firmware/CA7/optee-os-3.19.0-r2/optee-os-stm32mp-3.19.0-stm32mp-r2/../build/stm32mp135f-dk/ta/pkcs11/src/attributes.o
 .rel.data.rel.ro.local
                0x0001a0ec      0xc60 /home/lubuntu/Dokument/GitHub/STM32-Computer/Firmware/STM32-Computer-Firmware/CA7/optee-os-3.19.0-r2/optee-os-stm32mp-3.19.0-stm32mp-r2/../build/stm32mp135f-dk/ta/pkcs11/src/attributes.o
 .rel.data.rel.local
                0x0001ad4c       0x38 /home/lubuntu/Dokument/GitHub/STM32-Computer/Firmware/STM32-Computer-Firmware/CA7/optee-os-3.19.0-r2/optee-os-stm32mp-3.19.0-stm32mp-r2/../build/stm32mp135f-dk/ta/pkcs11/src/attributes.o
 .rel.data.rel  0x0001ad84        0x8 /home/lubuntu/Dokument/GitHub/STM32-Computer/Firmware/STM32-Computer-Firmware/CA7/optee-os-3.19.0-r2/optee-os-stm32mp-3.19.0-stm32mp-r2/../build/stm32mp135f-dk/ta/pkcs11/src/attributes.o

.rel.got        0x0001ad8c       0xb0
 *(SORT_BY_ALIGNMENT(.rel.got))
 .rel.got       0x0001ad8c       0xb0 /home/lubuntu/Dokument/GitHub/STM32-Computer/Firmware/STM32-Computer-Firmware/CA7/optee-os-3.19.0-r2/optee-os-stm32mp-3.19.0-stm32mp-r2/../build/stm32mp135f-dk/ta/pkcs11/src/attributes.o

.rela.got
 *(SORT_BY_ALIGNMENT(.rela.got))

.rel.ctors
 *(SORT_BY_ALIGNMENT(.rel.ctors))

.rela.ctors
 *(SORT_BY_ALIGNMENT(.rela.ctors))

.rel.dtors
 *(SORT_BY_ALIGNMENT(.rel.dtors))

.rela.dtors
 *(SORT_BY_ALIGNMENT(.rela.dtors))

.rel.init
 *(SORT_BY_ALIGNMENT(.rel.init))

.rela.init
 *(SORT_BY_ALIGNMENT(.rela.init))

.rel.fini
 *(SORT_BY_ALIGNMENT(.rel.fini))

.rela.fini
 *(SORT_BY_ALIGNMENT(.rela.fini))

.rel.bss        0x0001ae3c        0x0
 *(SORT_BY_ALIGNMENT(.rel.bss))
 .rel.bss       0x0001ae3c        0x0 /home/lubuntu/Dokument/GitHub/STM32-Computer/Firmware/STM32-Computer-Firmware/CA7/optee-os-3.19.0-r2/optee-os-stm32mp-3.19.0-stm32mp-r2/../build/stm32mp135f-dk/ta/pkcs11/src/attributes.o

.rela.bss
 *(SORT_BY_ALIGNMENT(.rela.bss))

.rel.plt        0x0001ae3c        0x0
 *(SORT_BY_ALIGNMENT(.rel.plt))
 .rel.plt       0x0001ae3c        0x0 /home/lubuntu/Dokument/GitHub/STM32-Computer/Firmware/STM32-Computer-Firmware/CA7/optee-os-3.19.0-r2/optee-os-stm32mp-3.19.0-stm32mp-r2/../build/stm32mp135f-dk/ta/pkcs11/src/attributes.o

.rela.plt
 *(SORT_BY_ALIGNMENT(.rela.plt))

.data           0x0001ae3c     0x1150
 *(SORT_BY_ALIGNMENT(.data) SORT_BY_ALIGNMENT(.data.*) SORT_BY_ALIGNMENT(.gnu.linkonce.d.*))
 .data.rel.ro.local
                0x0001ae3c      0x8b4 /home/lubuntu/Dokument/GitHub/STM32-Computer/Firmware/STM32-Computer-Firmware/CA7/optee-os-3.19.0-r2/optee-os-stm32mp-3.19.0-stm32mp-r2/../build/stm32mp135f-dk/ta/pkcs11/src/pkcs11_helpers.o
 .data.rel.local
                0x0001b6f0        0x8 /home/lubuntu/Dokument/GitHub/STM32-Computer/Firmware/STM32-Computer-Firmware/CA7/optee-os-3.19.0-r2/optee-os-stm32mp-3.19.0-stm32mp-r2/../build/stm32mp135f-dk/ta/pkcs11/src/pkcs11_token.o
 .data.rel.ro.local
                0x0001b6f8       0xc0 /home/lubuntu/Dokument/GitHub/STM32-Computer/Firmware/STM32-Computer-Firmware/CA7/optee-os-3.19.0-r2/optee-os-stm32mp-3.19.0-stm32mp-r2/../build/stm32mp135f-dk/ta/pkcs11/src/processing_ec.o
 .data.rel.ro.local
                0x0001b7b8      0x6b0 /home/lubuntu/Dokument/GitHub/STM32-Computer/Firmware/STM32-Computer-Firmware/CA7/optee-os-3.19.0-r2/optee-os-stm32mp-3.19.0-stm32mp-r2/../build/stm32mp135f-dk/ta/pkcs11/src/token_capabilities.o
                0x0001bb18                token_mechanism
 .data          0x0001be68        0x4 /home/lubuntu/Dokument/GitHub/STM32-Computer/Firmware/STM32-Computer-Firmware/CA7/optee-os-3.19.0-r2/optee-os-stm32mp-3.19.0-stm32mp-r2/../build/stm32mp135f-dk/ta/pkcs11/user_ta_header.o
                0x0001be68                trace_level
 .data.rel.ro.local
                0x0001be6c       0x54 /home/lubuntu/Dokument/GitHub/STM32-Computer/Firmware/STM32-Computer-Firmware/CA7/optee-os-3.19.0-r2/optee-os-stm32mp-3.19.0-stm32mp-r2/../build/stm32mp135f-dk/ta/pkcs11/user_ta_header.o
                0x0001be6c                ta_props
 .data.rel.ro.local
                0x0001bec0       0x3c /home/lubuntu/Dokument/GitHub/STM32-Computer/Firmware/STM32-Computer-Firmware/CA7/optee-os-3.19.0-r2/optee-os-stm32mp-3.19.0-stm32mp-r2/../build/stm32mp135f-dk/export-ta_arm32/lib/libutee.a(tee_api_property.o)
                0x0001bec0                tee_props
 .data.rel.local
                0x0001befc       0x10 /home/lubuntu/Dokument/GitHub/STM32-Computer/Firmware/STM32-Computer-Firmware/CA7/optee-os-3.19.0-r2/optee-os-stm32mp-3.19.0-stm32mp-r2/../build/stm32mp135f-dk/export-ta_arm32/lib/libutee.a(user_ta_entry.o)
 .data.rel      0x0001bf0c        0x4 /home/lubuntu/Dokument/GitHub/STM32-Computer/Firmware/STM32-Computer-Firmware/CA7/optee-os-3.19.0-r2/optee-os-stm32mp-3.19.0-stm32mp-r2/../build/stm32mp135f-dk/export-ta_arm32/lib/libmbedtls.a(platform_util.o)
 .data          0x0001bf10        0x4 /home/lubuntu/Dokument/GitHub/STM32-Computer/Firmware/STM32-Computer-Firmware/CA7/optee-os-3.19.0-r2/optee-os-stm32mp-3.19.0-stm32mp-r2/../build/stm32mp135f-dk/export-ta_arm32/lib/libutils.a(bget_malloc.o)
 .data.rel.local
                0x0001bf14       0x78 /home/lubuntu/Dokument/GitHub/STM32-Computer/Firmware/STM32-Computer-Firmware/CA7/optee-os-3.19.0-r2/optee-os-stm32mp-3.19.0-stm32mp-r2/../build/stm32mp135f-dk/export-ta_arm32/lib/libutils.a(bget_malloc.o)
 .data          0x0001bf8c        0x0 /home/lubuntu/Dokument/GitHub/STM32-Computer/Firmware/STM32-Computer-Firmware/CA7/optee-os-3.19.0-r2/optee-os-stm32mp-3.19.0-stm32mp-r2/../build/stm32mp135f-dk/ta/pkcs11/src/attributes.o