/home/lubuntu/Dokument/GitHub/STM32-Computer/Firmware/STM32-Computer-Firmware/CA7/u-boot-2022.10.r2/u-boot-stm32mp-v2022.10-stm32mp-r2/cmd/ubi.c:185:27:ubi_find_volume	24	static
/home/lubuntu/Dokument/GitHub/STM32-Computer/Firmware/STM32-Computer-Firmware/CA7/u-boot-2022.10.r2/u-boot-stm32mp-v2022.10-stm32mp-r2/cmd/ubi.c:292:12:ubi_volume_continue_write	24	static
/home/lubuntu/Dokument/GitHub/STM32-Computer/Firmware/STM32-Computer-Firmware/CA7/u-boot-2022.10.r2/u-boot-stm32mp-v2022.10-stm32mp-r2/cmd/ubi.c:486:12:ubi_detach	8	static
/home/lubuntu/Dokument/GitHub/STM32-Computer/Firmware/STM32-Computer-Firmware/CA7/u-boot-2022.10.r2/u-boot-stm32mp-v2022.10-stm32mp-r2/cmd/ubi.c:327:5:ubi_volume_begin_write	24	static
/home/lubuntu/Dokument/GitHub/STM32-Computer/Firmware/STM32-Computer-Firmware/CA7/u-boot-2022.10.r2/u-boot-stm32mp-v2022.10-stm32mp-r2/cmd/ubi.c:353:5:ubi_volume_write	0	static
/home/lubuntu/Dokument/GitHub/STM32-Computer/Firmware/STM32-Computer-Firmware/CA7/u-boot-2022.10.r2/u-boot-stm32mp-v2022.10-stm32mp-r2/cmd/ubi.c:358:5:ubi_volume_read	64	static
/home/lubuntu/Dokument/GitHub/STM32-Computer/Firmware/STM32-Computer-Firmware/CA7/u-boot-2022.10.r2/u-boot-stm32mp-v2022.10-stm32mp-r2/cmd/ubi.c:509:5:ubi_part	104	static
/home/lubuntu/Dokument/GitHub/STM32-Computer/Firmware/STM32-Computer-Firmware/CA7/u-boot-2022.10.r2/u-boot-stm32mp-v2022.10-stm32mp-r2/cmd/ubi.c:541:12:do_ubi	232	static
