/home/lubuntu/Dokument/GitHub/STM32-Computer/STM32CubeIDE/STM32-Computer-Firmware/CA7/u-boot-2022.10.r2/u-boot-stm32mp-v2022.10-stm32mp-r2/boot/bootdev-uclass.c:471:12:h_cmp_bootdev	16	static
/home/lubuntu/Dokument/GitHub/STM32-Computer/STM32CubeIDE/STM32-Computer-Firmware/CA7/u-boot-2022.10.r2/u-boot-stm32mp-v2022.10-stm32mp-r2/boot/bootdev-uclass.c:629:12:bootdev_post_bind	8	static
/home/lubuntu/Dokument/GitHub/STM32-Computer/STM32CubeIDE/STM32-Computer-Firmware/CA7/u-boot-2022.10.r2/u-boot-stm32mp-v2022.10-stm32mp-r2/boot/bootdev-uclass.c:37:5:bootdev_add_bootflow	24	static
/home/lubuntu/Dokument/GitHub/STM32-Computer/STM32CubeIDE/STM32-Computer-Firmware/CA7/u-boot-2022.10.r2/u-boot-stm32mp-v2022.10-stm32mp-r2/boot/bootdev-uclass.c:63:5:bootdev_first_bootflow	8	static
/home/lubuntu/Dokument/GitHub/STM32-Computer/STM32CubeIDE/STM32-Computer-Firmware/CA7/u-boot-2022.10.r2/u-boot-stm32mp-v2022.10-stm32mp-r2/boot/bootdev-uclass.c:76:5:bootdev_next_bootflow	16	static
/home/lubuntu/Dokument/GitHub/STM32-Computer/STM32CubeIDE/STM32-Computer-Firmware/CA7/u-boot-2022.10.r2/u-boot-stm32mp-v2022.10-stm32mp-r2/boot/bootdev-uclass.c:91:5:bootdev_bind	64	static
/home/lubuntu/Dokument/GitHub/STM32-Computer/STM32CubeIDE/STM32-Computer-Firmware/CA7/u-boot-2022.10.r2/u-boot-stm32mp-v2022.10-stm32mp-r2/boot/bootdev-uclass.c:112:5:bootdev_find_in_blk	272	static
/home/lubuntu/Dokument/GitHub/STM32-Computer/STM32CubeIDE/STM32-Computer-Firmware/CA7/u-boot-2022.10.r2/u-boot-stm32mp-v2022.10-stm32mp-r2/boot/bootdev-uclass.c:189:6:bootdev_list	48	static
/home/lubuntu/Dokument/GitHub/STM32-Computer/STM32CubeIDE/STM32-Computer-Firmware/CA7/u-boot-2022.10.r2/u-boot-stm32mp-v2022.10-stm32mp-r2/boot/bootdev-uclass.c:215:5:bootdev_setup_for_dev	24	static
/home/lubuntu/Dokument/GitHub/STM32-Computer/STM32CubeIDE/STM32-Computer-Firmware/CA7/u-boot-2022.10.r2/u-boot-stm32mp-v2022.10-stm32mp-r2/boot/bootdev-uclass.c:238:5:bootdev_setup_sibling_blk	80	static
/home/lubuntu/Dokument/GitHub/STM32-Computer/STM32CubeIDE/STM32-Computer-Firmware/CA7/u-boot-2022.10.r2/u-boot-stm32mp-v2022.10-stm32mp-r2/boot/bootdev-uclass.c:270:5:bootdev_get_sibling_blk	24	static
/home/lubuntu/Dokument/GitHub/STM32-Computer/STM32CubeIDE/STM32-Computer-Firmware/CA7/u-boot-2022.10.r2/u-boot-stm32mp-v2022.10-stm32mp-r2/boot/bootdev-uclass.c:314:5:bootdev_unbind_dev	16	static
/home/lubuntu/Dokument/GitHub/STM32-Computer/STM32CubeIDE/STM32-Computer-Firmware/CA7/u-boot-2022.10.r2/u-boot-stm32mp-v2022.10-stm32mp-r2/boot/bootdev-uclass.c:345:5:bootdev_find_by_label	128	static
/home/lubuntu/Dokument/GitHub/STM32-Computer/STM32CubeIDE/STM32-Computer-Firmware/CA7/u-boot-2022.10.r2/u-boot-stm32mp-v2022.10-stm32mp-r2/boot/bootdev-uclass.c:398:5:bootdev_find_by_any	24	static
/home/lubuntu/Dokument/GitHub/STM32-Computer/STM32CubeIDE/STM32-Computer-Firmware/CA7/u-boot-2022.10.r2/u-boot-stm32mp-v2022.10-stm32mp-r2/boot/bootdev-uclass.c:436:5:bootdev_get_bootflow	24	static
/home/lubuntu/Dokument/GitHub/STM32-Computer/STM32CubeIDE/STM32-Computer-Firmware/CA7/u-boot-2022.10.r2/u-boot-stm32mp-v2022.10-stm32mp-r2/boot/bootdev-uclass.c:451:6:bootdev_clear_bootflows	8	static
/home/lubuntu/Dokument/GitHub/STM32-Computer/STM32CubeIDE/STM32-Computer-Firmware/CA7/u-boot-2022.10.r2/u-boot-stm32mp-v2022.10-stm32mp-r2/boot/bootdev-uclass.c:638:12:bootdev_pre_unbind	8	static
/home/lubuntu/Dokument/GitHub/STM32-Computer/STM32CubeIDE/STM32-Computer-Firmware/CA7/u-boot-2022.10.r2/u-boot-stm32mp-v2022.10-stm32mp-r2/boot/bootdev-uclass.c:569:5:bootdev_setup_iter_order	168	static
