/home/lubuntu/Dokument/GitHub/STM32-Computer/Firmware/STM32-Computer-Firmware/CA7/u-boot-2022.10.r2/u-boot-stm32mp-v2022.10-stm32mp-r2/drivers/clk/clk_fixed_rate.c:24:12:dummy_enable	0	static
/home/lubuntu/Dokument/GitHub/STM32-Computer/Firmware/STM32-Computer-Firmware/CA7/u-boot-2022.10.r2/u-boot-stm32mp-v2022.10-stm32mp-r2/drivers/clk/clk_fixed_rate.c:52:14:clk_fixed_rate_raw_get_rate	0	static
/home/lubuntu/Dokument/GitHub/STM32-Computer/Firmware/STM32-Computer-Firmware/CA7/u-boot-2022.10.r2/u-boot-stm32mp-v2022.10-stm32mp-r2/drivers/clk/clk_fixed_rate.c:18:14:clk_fixed_rate_get_rate	8	static
/home/lubuntu/Dokument/GitHub/STM32-Computer/Firmware/STM32-Computer-Firmware/CA7/u-boot-2022.10.r2/u-boot-stm32mp-v2022.10-stm32mp-r2/drivers/clk/clk_fixed_rate.c:35:6:clk_fixed_rate_ofdata_to_plat_	16	static
/home/lubuntu/Dokument/GitHub/STM32-Computer/Firmware/STM32-Computer-Firmware/CA7/u-boot-2022.10.r2/u-boot-stm32mp-v2022.10-stm32mp-r2/drivers/clk/clk_fixed_rate.c:61:12:clk_fixed_rate_of_to_plat	8	static
